Jan 15 20:03:24 dryad postfix/pickup[175]: C1C1F31F2D: uid=12455 from=<alison.clay_pu@uol.com.br>
Jan 15 20:03:24 dryad postfix/cleanup[477]: C1C1F31F2D: message-id=<1168911907.8727@uol.com.br>
Jan 15 20:03:24 dryad postfix/pipe[478]: 51C6931F2A: to=<maynard@dryad.cs.utsa.edu>, relay=filter, delay=1, status=sent (dryad.cs.utsa.edu)
Jan 15 20:03:24 dryad postfix/qmgr[179]: C1C1F31F2D: from=<alison.clay_pu@uol.com.br>, size=1609, nrcpt=1 (queue active)
Jan 15 20:03:25 dryad postfix/local[484]: C1C1F31F2D: to=<maynard@localhost.cs.utsa.edu>, relay=local, delay=1, status=sent ("|/usr/local/bin/maildrop -d "$USER" -f "$SENDER" "$EXTENSION"")
Jan 15 20:04:54 dryad postfix/smtpd[476]: warning: 200.6.242.31: hostname 31.242.6.200.intelnet.net.gt verification failed: Host not found
Jan 15 20:04:54 dryad postfix/smtpd[476]: connect from unknown[200.6.242.31]
Jan 15 20:04:54 dryad postfix/smtpd[476]: 4C35131F2A: client=unknown[200.6.242.31]
Jan 15 20:04:54 dryad postfix/smtpd[476]: reject: RCPT from unknown[200.6.242.31]: 550 <ssmith@dryad.cs.utsa.edu>: User unknown; from=<jkapus@dimensional.com> to=<ssmith@dryad.cs.utsa.edu>
Jan 15 20:05:04 dryad postfix/smtpd[476]: disconnect from unknown[200.6.242.31]
Jan 15 20:13:22 dryad postfix/pickup[493]: 292FD31F2A: uid=0 from=<root>
Jan 15 20:13:22 dryad postfix/cleanup[512]: 292FD31F2A: message-id=<20070116021321.292FD31F2A@dryad.cs.utsa.edu>
Jan 15 20:13:22 dryad postfix/qmgr[179]: 292FD31F2A: from=<root@cs.utsa.edu>, size=461, nrcpt=1 (queue active)
Jan 15 20:13:22 dryad postfix/smtp[514]: 292FD31F2A: to=<root@cs.utsa.edu>, relay=mail0.cs.utsa.edu[129.115.29.4], delay=1, status=sent (250 Ok: queued as 7C4352A43)
Jan 15 20:24:26 dryad postfix/smtpd[530]: connect from mail0.cs.utsa.edu[129.115.29.4]
Jan 15 20:24:26 dryad postfix/smtpd[530]: 772A231F2A: client=mail0.cs.utsa.edu[129.115.29.4]
Jan 15 20:24:26 dryad postfix/cleanup[531]: 772A231F2A: message-id=<20070116022424.75FDB2A43@mail0.cs.utsa.edu>
Jan 15 20:24:26 dryad postfix/smtpd[530]: disconnect from mail0.cs.utsa.edu[129.115.29.4]
Jan 15 20:24:26 dryad postfix/qmgr[179]: 772A231F2A: from=<Audio@PBConferences.com>, size=5612, nrcpt=1 (queue active)
Jan 15 20:24:28 dryad postfix/pipe[533]: 772A231F2A: to=<maynard@dryad.cs.utsa.edu>, relay=filter, delay=2, status=sent (dryad.cs.utsa.edu)
Jan 15 20:24:28 dryad postfix/pickup[493]: D0EE331F2D: uid=12455 from=<Audio@PBConferences.com>
Jan 15 20:24:28 dryad postfix/cleanup[531]: D0EE331F2D: message-id=<20070116022424.75FDB2A43@mail0.cs.utsa.edu>
Jan 15 20:24:29 dryad postfix/qmgr[179]: D0EE331F2D: from=<Audio@PBConferences.com>, size=5802, nrcpt=1 (queue active)
Jan 15 20:24:29 dryad postfix/local[539]: D0EE331F2D: to=<maynard@localhost.cs.utsa.edu>, relay=local, delay=1, status=sent ("|/usr/local/bin/maildrop -d "$USER" -f "$SENDER" "$EXTENSION"")
Jan 15 20:27:05 dryad postfix/smtpd[545]: connect from c951494a.virtua.com.br[201.81.73.74]
Jan 15 20:27:06 dryad postfix/smtpd[545]: 2938F31F2A: client=c951494a.virtua.com.br[201.81.73.74]
Jan 15 20:27:06 dryad postfix/smtpd[545]: reject: RCPT from c951494a.virtua.com.br[201.81.73.74]: 550 <skalkarn@dryad.cs.utsa.edu>: User unknown; from=<sackley@bisd.net> to=<skalkarn@dryad.cs.utsa.edu>
Jan 15 20:27:16 dryad postfix/smtpd[545]: disconnect from c951494a.virtua.com.br[201.81.73.74]
Jan 15 21:00:01 dryad postfix/smtpd[596]: connect from exely.cs.utsa.edu[129.115.27.33]
Jan 15 21:00:01 dryad postfix/smtpd[596]: 4A8CD31F2A: client=exely.cs.utsa.edu[129.115.27.33]
Jan 15 21:00:01 dryad postfix/cleanup[597]: 4A8CD31F2A: message-id=<20070116030000.A7D3D7F1F@exely.cs.utsa.edu>
Jan 15 21:00:01 dryad postfix/smtpd[596]: disconnect from exely.cs.utsa.edu[129.115.27.33]
Jan 15 21:00:01 dryad postfix/qmgr[179]: 4A8CD31F2A: from=<root@exely.cs.utsa.edu>, size=5380, nrcpt=1 (queue active)
Jan 15 21:00:04 dryad postfix/pipe[601]: 4A8CD31F2A: to=<maynard@dryad.cs.utsa.edu>, relay=filter, delay=3, status=sent (dryad.cs.utsa.edu)
Jan 15 21:00:04 dryad postfix/pickup[493]: 70BCB31F2D: uid=12455 from=<root@exely.cs.utsa.edu>
Jan 15 21:00:04 dryad postfix/cleanup[597]: 70BCB31F2D: message-id=<20070116030000.A7D3D7F1F@exely.cs.utsa.edu>
Jan 15 21:00:05 dryad postfix/qmgr[179]: 70BCB31F2D: from=<root@exely.cs.utsa.edu>, size=5566, nrcpt=1 (queue active)
Jan 15 21:00:06 dryad postfix/local[607]: 70BCB31F2D: to=<maynard@localhost.cs.utsa.edu>, relay=local, delay=2, status=sent ("|/usr/local/bin/maildrop -d "$USER" -f "$SENDER" "$EXTENSION"")
Jan 15 21:00:09 dryad postfix/pickup[493]: 3E16531F2A: uid=0 from=<root>
Jan 15 21:00:09 dryad postfix/cleanup[597]: 3E16531F2A: message-id=<20070116030009.3E16531F2A@dryad.cs.utsa.edu>
Jan 15 21:00:09 dryad postfix/qmgr[179]: 3E16531F2A: from=<root@cs.utsa.edu>, size=2776, nrcpt=1 (queue active)
Jan 15 21:00:09 dryad postfix/smtp[620]: 3E16531F2A: to=<maynard@cs.utsa.edu>, relay=mail0.cs.utsa.edu[129.115.29.4], delay=0, status=sent (250 Ok: queued as 08F81296D)
Jan 15 21:00:10 dryad postfix/smtpd[596]: connect from mail0.cs.utsa.edu[129.115.29.4]
Jan 15 21:00:10 dryad postfix/smtpd[596]: 90F8831F2A: client=mail0.cs.utsa.edu[129.115.29.4]
Jan 15 21:00:10 dryad postfix/cleanup[597]: 90F8831F2A: message-id=<20070116030009.3E16531F2A@dryad.cs.utsa.edu>
Jan 15 21:00:10 dryad postfix/smtpd[596]: disconnect from mail0.cs.utsa.edu[129.115.29.4]
Jan 15 21:00:10 dryad postfix/qmgr[179]: 90F8831F2A: from=<root@cs.utsa.edu>, size=3301, nrcpt=1 (queue active)
Jan 15 21:00:11 dryad postfix/pickup[493]: D619931F2D: uid=12455 from=<root@cs.utsa.edu>
Jan 15 21:00:11 dryad postfix/cleanup[597]: D619931F2D: message-id=<20070116030009.3E16531F2A@dryad.cs.utsa.edu>
Jan 15 21:00:11 dryad postfix/pipe[601]: 90F8831F2A: to=<maynard@dryad.cs.utsa.edu>, relay=filter, delay=1, status=sent (dryad.cs.utsa.edu)
Jan 15 21:00:12 dryad postfix/qmgr[179]: D619931F2D: from=<root@cs.utsa.edu>, size=3487, nrcpt=1 (queue active)
Jan 15 21:00:12 dryad postfix/local[607]: D619931F2D: to=<maynard@localhost.cs.utsa.edu>, relay=local, delay=1, status=sent ("|/usr/local/bin/maildrop -d "$USER" -f "$SENDER" "$EXTENSION"")
Jan 15 21:13:21 dryad postfix/pickup[493]: 7F29E31F2A: uid=0 from=<root>
Jan 15 21:13:21 dryad postfix/cleanup[679]: 7F29E31F2A: message-id=<20070116031321.7F29E31F2A@dryad.cs.utsa.edu>
Jan 15 21:13:21 dryad postfix/qmgr[179]: 7F29E31F2A: from=<root@cs.utsa.edu>, size=461, nrcpt=1 (queue active)
Jan 15 21:13:22 dryad postfix/smtp[681]: 7F29E31F2A: to=<root@cs.utsa.edu>, relay=mail0.cs.utsa.edu[129.115.29.4], delay=1, status=sent (250 Ok: queued as 78825296D)
Jan 15 21:18:45 dryad postfix/pickup[493]: 448A631F2A: uid=511 from=<maynard>
Jan 15 21:18:45 dryad postfix/cleanup[691]: 448A631F2A: message-id=<20070116031845.448A631F2A@dryad.cs.utsa.edu>
Jan 15 21:18:45 dryad postfix/qmgr[179]: 448A631F2A: from=<maynard@cs.utsa.edu>, size=1001, nrcpt=1 (queue active)
Jan 15 21:18:47 dryad postfix/smtp[695]: 448A631F2A: to=<amaynard_1@juno.com>, relay=mx.lax.untd.com[64.136.28.83], delay=2, status=sent (250 OK id AABC42TAZAB3WUM2)
Jan 15 21:21:12 dryad postfix/pickup[493]: 4519A31F2A: uid=511 from=<maynard>
Jan 15 21:21:12 dryad postfix/cleanup[701]: 4519A31F2A: message-id=<20070116032112.4519A31F2A@dryad.cs.utsa.edu>
Jan 15 21:21:12 dryad postfix/qmgr[179]: 4519A31F2A: from=<maynard@cs.utsa.edu>, size=540, nrcpt=1 (queue active)
Jan 15 21:21:13 dryad postfix/smtp[702]: 4519A31F2A: to=<amaynard_1@juno.com>, relay=mx.nyc.untd.com[64.136.20.83], delay=1, status=sent (250 OK id AABC42TFKANZLUQJ)
Jan 15 21:24:58 dryad postfix/smtpd[713]: connect from mail0.cs.utsa.edu[129.115.29.4]
Jan 15 21:24:59 dryad postfix/smtpd[713]: 1D12531F2A: client=mail0.cs.utsa.edu[129.115.29.4]
Jan 15 21:24:59 dryad postfix/cleanup[714]: 1D12531F2A: message-id=<Pine.GSO.4.44.0701152121580.5738-100000@ten10.cs.utsa.edu>
Jan 15 21:24:59 dryad postfix/smtpd[713]: disconnect from mail0.cs.utsa.edu[129.115.29.4]
Jan 15 21:24:59 dryad postfix/qmgr[179]: 1D12531F2A: from=<dsmolens@cs.utsa.edu>, size=1293, nrcpt=1 (queue active)
Jan 15 21:25:00 dryad postfix/pickup[493]: 95E0031F2D: uid=12455 from=<dsmolens@cs.utsa.edu>
Jan 15 21:25:00 dryad postfix/cleanup[714]: 95E0031F2D: message-id=<Pine.GSO.4.44.0701152121580.5738-100000@ten10.cs.utsa.edu>
Jan 15 21:25:00 dryad postfix/pipe[716]: 1D12531F2A: to=<maynard@dryad.cs.utsa.edu>, relay=filter, delay=1, status=sent (dryad.cs.utsa.edu)
Jan 15 21:25:00 dryad postfix/qmgr[179]: 95E0031F2D: from=<dsmolens@cs.utsa.edu>, size=1479, nrcpt=1 (queue active)
Jan 15 21:25:01 dryad postfix/local[722]: 95E0031F2D: to=<maynard@localhost.cs.utsa.edu>, relay=local, delay=1, status=sent ("|/usr/local/bin/maildrop -d "$USER" -f "$SENDER" "$EXTENSION"")
Jan 15 21:26:33 dryad postfix/smtpd[713]: connect from mail0.cs.utsa.edu[129.115.29.4]
Jan 15 21:26:33 dryad postfix/smtpd[713]: D7B2B31F2A: client=mail0.cs.utsa.edu[129.115.29.4]
Jan 15 21:26:33 dryad postfix/cleanup[714]: D7B2B31F2A: message-id=<820573957C458B428BBF33EF9F913930050A52@opal1604.UTSARR.NET>
Jan 15 21:26:33 dryad postfix/smtpd[713]: disconnect from mail0.cs.utsa.edu[129.115.29.4]
Jan 15 21:26:33 dryad postfix/qmgr[179]: D7B2B31F2A: from=<news@utsa.edu>, size=3478, nrcpt=1 (queue active)
Jan 15 21:26:35 dryad postfix/pipe[716]: D7B2B31F2A: to=<maynard@dryad.cs.utsa.edu>, relay=filter, delay=2, status=sent (dryad.cs.utsa.edu)
Jan 15 21:26:35 dryad postfix/pickup[493]: 3D74C31F2D: uid=12455 from=<news@utsa.edu>
Jan 15 21:26:35 dryad postfix/cleanup[714]: 3D74C31F2D: message-id=<820573957C458B428BBF33EF9F913930050A52@opal1604.UTSARR.NET>
Jan 15 21:26:35 dryad postfix/qmgr[179]: 3D74C31F2D: from=<news@utsa.edu>, size=3664, nrcpt=1 (queue active)
Jan 15 21:26:35 dryad postfix/local[722]: 3D74C31F2D: to=<maynard@localhost.cs.utsa.edu>, relay=local, delay=0, status=sent ("|/usr/local/bin/maildrop -d "$USER" -f "$SENDER" "$EXTENSION"")
Jan 15 21:37:50 dryad postfix/smtpd[749]: connect from mail0.cs.utsa.edu[129.115.29.4]
Jan 15 21:37:50 dryad postfix/smtpd[749]: A5AA131F2A: client=mail0.cs.utsa.edu[129.115.29.4]
Jan 15 21:37:50 dryad postfix/cleanup[750]: A5AA131F2A: message-id=<Pine.GSO.4.44.0701152133550.5738-100000@ten10.cs.utsa.edu>
Jan 15 21:37:51 dryad postfix/smtpd[749]: disconnect from mail0.cs.utsa.edu[129.115.29.4]
Jan 15 21:37:51 dryad postfix/qmgr[179]: A5AA131F2A: from=<dsmolens@cs.utsa.edu>, size=1849, nrcpt=1 (queue active)
Jan 15 21:37:52 dryad postfix/pipe[752]: A5AA131F2A: to=<maynard@dryad.cs.utsa.edu>, relay=filter, delay=2, status=sent (dryad.cs.utsa.edu)
Jan 15 21:37:52 dryad postfix/pickup[748]: 32FD831F2D: uid=12455 from=<dsmolens@cs.utsa.edu>
Jan 15 21:37:52 dryad postfix/cleanup[750]: 32FD831F2D: message-id=<Pine.GSO.4.44.0701152133550.5738-100000@ten10.cs.utsa.edu>
Jan 15 21:37:52 dryad postfix/qmgr[179]: 32FD831F2D: from=<dsmolens@cs.utsa.edu>, size=2035, nrcpt=1 (queue active)
Jan 15 21:37:52 dryad postfix/local[758]: 32FD831F2D: to=<maynard@localhost.cs.utsa.edu>, relay=local, delay=0, status=sent ("|/usr/local/bin/maildrop -d "$USER" -f "$SENDER" "$EXTENSION"")
Jan 15 21:44:41 dryad postfix/smtpd[769]: connect from mail0.cs.utsa.edu[129.115.29.4]
Jan 15 21:44:41 dryad postfix/smtpd[769]: D81C131F2A: client=mail0.cs.utsa.edu[129.115.29.4]
Jan 15 21:44:42 dryad postfix/cleanup[770]: D81C131F2A: message-id=<820573957C458B428BBF33EF9F913930050A53@opal1604.UTSARR.NET>
Jan 15 21:44:42 dryad postfix/smtpd[769]: disconnect from mail0.cs.utsa.edu[129.115.29.4]
Jan 15 21:44:42 dryad postfix/qmgr[179]: D81C131F2A: from=<news@utsa.edu>, size=3648, nrcpt=1 (queue active)
Jan 15 21:44:43 dryad postfix/pickup[748]: 8583F31F2D: uid=12455 from=<news@utsa.edu>
Jan 15 21:44:43 dryad postfix/cleanup[770]: 8583F31F2D: message-id=<820573957C458B428BBF33EF9F913930050A53@opal1604.UTSARR.NET>
Jan 15 21:44:43 dryad postfix/pipe[772]: D81C131F2A: to=<maynard@dryad.cs.utsa.edu>, relay=filter, delay=2, status=sent (dryad.cs.utsa.edu)
Jan 15 21:44:43 dryad postfix/qmgr[179]: 8583F31F2D: from=<news@utsa.edu>, size=3834, nrcpt=1 (queue active)
Jan 15 21:44:44 dryad postfix/local[778]: 8583F31F2D: to=<maynard@localhost.cs.utsa.edu>, relay=local, delay=1, status=sent ("|/usr/local/bin/maildrop -d "$USER" -f "$SENDER" "$EXTENSION"")
Jan 15 22:00:01 dryad postfix/smtpd[808]: connect from exely.cs.utsa.edu[129.115.27.33]
Jan 15 22:00:01 dryad postfix/smtpd[808]: B2DA231F2A: client=exely.cs.utsa.edu[129.115.27.33]
Jan 15 22:00:01 dryad postfix/cleanup[810]: B2DA231F2A: message-id=<20070116040001.1BE667F1F@exely.cs.utsa.edu>
Jan 15 22:00:02 dryad postfix/smtpd[808]: disconnect from exely.cs.utsa.edu[129.115.27.33]
Jan 15 22:00:02 dryad postfix/qmgr[179]: B2DA231F2A: from=<root@exely.cs.utsa.edu>, size=1799, nrcpt=1 (queue active)
Jan 15 22:00:04 dryad postfix/pipe[813]: B2DA231F2A: to=<maynard@dryad.cs.utsa.edu>, relay=filter, delay=3, status=sent (dryad.cs.utsa.edu)
Jan 15 22:00:04 dryad postfix/pickup[748]: 60FBB31F2D: uid=12455 from=<root@exely.cs.utsa.edu>
Jan 15 22:00:04 dryad postfix/cleanup[810]: 60FBB31F2D: message-id=<20070116040001.1BE667F1F@exely.cs.utsa.edu>
Jan 15 22:00:05 dryad postfix/qmgr[179]: 60FBB31F2D: from=<root@exely.cs.utsa.edu>, size=1985, nrcpt=1 (queue active)
Jan 15 22:00:06 dryad postfix/local[819]: 60FBB31F2D: to=<maynard@localhost.cs.utsa.edu>, relay=local, delay=2, status=sent ("|/usr/local/bin/maildrop -d "$USER" -f "$SENDER" "$EXTENSION"")
Jan 15 22:00:09 dryad postfix/pickup[748]: 6899C31F2A: uid=0 from=<root>
Jan 15 22:00:09 dryad postfix/cleanup[810]: 6899C31F2A: message-id=<20070116040009.6899C31F2A@dryad.cs.utsa.edu>
Jan 15 22:00:09 dryad postfix/qmgr[179]: 6899C31F2A: from=<root@cs.utsa.edu>, size=2339, nrcpt=1 (queue active)
Jan 15 22:00:10 dryad postfix/smtp[832]: 6899C31F2A: to=<maynard@cs.utsa.edu>, relay=mail0.cs.utsa.edu[129.115.29.4], delay=1, status=sent (250 Ok: queued as 05236296D)
Jan 15 22:00:11 dryad postfix/smtpd[808]: connect from mail0.cs.utsa.edu[129.115.29.4]
Jan 15 22:00:11 dryad postfix/smtpd[808]: 1E94331F2A: client=mail0.cs.utsa.edu[129.115.29.4]
Jan 15 22:00:11 dryad postfix/cleanup[810]: 1E94331F2A: message-id=<20070116040009.6899C31F2A@dryad.cs.utsa.edu>
Jan 15 22:00:11 dryad postfix/smtpd[808]: disconnect from mail0.cs.utsa.edu[129.115.29.4]
Jan 15 22:00:11 dryad postfix/qmgr[179]: 1E94331F2A: from=<root@cs.utsa.edu>, size=2864, nrcpt=1 (queue active)
Jan 15 22:00:12 dryad postfix/pickup[748]: 426BD31F2D: uid=12455 from=<root@cs.utsa.edu>
Jan 15 22:00:12 dryad postfix/cleanup[810]: 426BD31F2D: message-id=<20070116040009.6899C31F2A@dryad.cs.utsa.edu>
Jan 15 22:00:12 dryad postfix/pipe[813]: 1E94331F2A: to=<maynard@dryad.cs.utsa.edu>, relay=filter, delay=1, status=sent (dryad.cs.utsa.edu)
Jan 15 22:00:12 dryad postfix/qmgr[179]: 426BD31F2D: from=<root@cs.utsa.edu>, size=3050, nrcpt=1 (queue active)
Jan 15 22:00:12 dryad postfix/local[819]: 426BD31F2D: to=<maynard@localhost.cs.utsa.edu>, relay=local, delay=0, status=sent ("|/usr/local/bin/maildrop -d "$USER" -f "$SENDER" "$EXTENSION"")
Jan 15 22:10:02 dryad postfix/smtpd[856]: connect from mail0.cs.utsa.edu[129.115.29.4]
Jan 15 22:10:02 dryad postfix/smtpd[856]: DFA9531F2A: client=mail0.cs.utsa.edu[129.115.29.4]
Jan 15 22:10:03 dryad postfix/cleanup[857]: DFA9531F2A: message-id=<412538852.37595618767388@thebat.net>
Jan 15 22:10:03 dryad postfix/smtpd[856]: disconnect from mail0.cs.utsa.edu[129.115.29.4]
Jan 15 22:10:03 dryad postfix/qmgr[179]: DFA9531F2A: from=<gofeconsignmentnot@econsignment.com>, size=14101, nrcpt=1 (queue active)
Jan 15 22:10:05 dryad postfix/pickup[748]: 0DBCC31F2D: uid=12455 from=<gofeconsignmentnot@econsignment.com>
Jan 15 22:10:05 dryad postfix/cleanup[857]: 0DBCC31F2D: message-id=<412538852.37595618767388@thebat.net>
Jan 15 22:10:05 dryad postfix/pipe[859]: DFA9531F2A: to=<maynard@dryad.cs.utsa.edu>, relay=filter, delay=3, status=sent (dryad.cs.utsa.edu)
Jan 15 22:10:05 dryad postfix/qmgr[179]: 0DBCC31F2D: from=<gofeconsignmentnot@econsignment.com>, size=14288, nrcpt=1 (queue active)
Jan 15 22:10:05 dryad postfix/local[865]: 0DBCC31F2D: to=<maynard@localhost.cs.utsa.edu>, relay=local, delay=0, status=sent ("|/usr/local/bin/maildrop -d "$USER" -f "$SENDER" "$EXTENSION"")
Jan 15 22:13:22 dryad postfix/pickup[748]: 7036F31F2A: uid=0 from=<root>
Jan 15 22:13:22 dryad postfix/cleanup[882]: 7036F31F2A: message-id=<20070116041322.7036F31F2A@dryad.cs.utsa.edu>
Jan 15 22:13:22 dryad postfix/qmgr[179]: 7036F31F2A: from=<root@cs.utsa.edu>, size=461, nrcpt=1 (queue active)
Jan 15 22:13:23 dryad postfix/smtp[883]: 7036F31F2A: to=<root@cs.utsa.edu>, relay=mail0.cs.utsa.edu[129.115.29.4], delay=1, status=sent (250 Ok: queued as 5B34F2A43)
Jan 15 22:18:56 dryad postfix/smtpd[891]: connect from mail0.cs.utsa.edu[129.115.29.4]
Jan 15 22:18:56 dryad postfix/smtpd[891]: 4873D31F2A: client=mail0.cs.utsa.edu[129.115.29.4]
Jan 15 22:18:56 dryad postfix/cleanup[892]: 4873D31F2A: message-id=<49e901c73925$00ce7a6e$bfd5ef52@bur91-3-82-239-213-191.fbx.proxad.net>
Jan 15 22:18:56 dryad postfix/qmgr[179]: 4873D31F2A: from=<Linie@bowie.com>, size=2266, nrcpt=1 (queue active)
Jan 15 22:18:56 dryad postfix/smtpd[891]: disconnect from mail0.cs.utsa.edu[129.115.29.4]
Jan 15 22:18:58 dryad postfix/pipe[894]: 4873D31F2A: to=<maynard@dryad.cs.utsa.edu>, relay=filter, delay=2, status=sent (dryad.cs.utsa.edu)
Jan 15 22:18:58 dryad postfix/pickup[748]: 2657B31F2D: uid=12455 from=<Linie@bowie.com>
Jan 15 22:18:58 dryad postfix/cleanup[892]: 2657B31F2D: message-id=<49e901c73925$00ce7a6e$bfd5ef52@bur91-3-82-239-213-191.fbx.proxad.net>
Jan 15 22:18:58 dryad postfix/qmgr[179]: 2657B31F2D: from=<Linie@bowie.com>, size=2453, nrcpt=1 (queue active)
Jan 15 22:18:58 dryad postfix/local[900]: 2657B31F2D: to=<maynard@localhost.cs.utsa.edu>, relay=local, delay=0, status=sent ("|/usr/local/bin/maildrop -d "$USER" -f "$SENDER" "$EXTENSION"")
Jan 15 23:00:01 dryad postfix/smtpd[964]: connect from exely.cs.utsa.edu[129.115.27.33]
Jan 15 23:00:01 dryad postfix/smtpd[964]: D708931F2A: client=exely.cs.utsa.edu[129.115.27.33]
Jan 15 23:00:02 dryad postfix/cleanup[965]: D708931F2A: message-id=<20070116050001.53A887F1F@exely.cs.utsa.edu>
Jan 15 23:00:02 dryad postfix/smtpd[964]: disconnect from exely.cs.utsa.edu[129.115.27.33]
Jan 15 23:00:02 dryad postfix/qmgr[179]: D708931F2A: from=<root@exely.cs.utsa.edu>, size=1985, nrcpt=1 (queue active)
Jan 15 23:00:04 dryad postfix/pipe[967]: D708931F2A: to=<maynard@dryad.cs.utsa.edu>, relay=filter, delay=3, status=sent (dryad.cs.utsa.edu)
Jan 15 23:00:04 dryad postfix/pickup[748]: 74E5B31F2D: uid=12455 from=<root@exely.cs.utsa.edu>
Jan 15 23:00:04 dryad postfix/cleanup[965]: 74E5B31F2D: message-id=<20070116050001.53A887F1F@exely.cs.utsa.edu>
Jan 15 23:00:05 dryad postfix/qmgr[179]: 74E5B31F2D: from=<root@exely.cs.utsa.edu>, size=2171, nrcpt=1 (queue active)
Jan 15 23:00:06 dryad postfix/local[973]: 74E5B31F2D: to=<maynard@localhost.cs.utsa.edu>, relay=local, delay=2, status=sent ("|/usr/local/bin/maildrop -d "$USER" -f "$SENDER" "$EXTENSION"")
Jan 15 23:00:09 dryad postfix/pickup[748]: E6B3931F2A: uid=0 from=<root>
Jan 15 23:00:09 dryad postfix/cleanup[965]: E6B3931F2A: message-id=<20070116050008.E6B3931F2A@dryad.cs.utsa.edu>
Jan 15 23:00:09 dryad postfix/qmgr[179]: E6B3931F2A: from=<root@cs.utsa.edu>, size=1719, nrcpt=1 (queue active)
Jan 15 23:00:09 dryad postfix/smtp[985]: E6B3931F2A: to=<maynard@cs.utsa.edu>, relay=mail0.cs.utsa.edu[129.115.29.4], delay=1, status=sent (250 Ok: queued as DDF32275E)
Jan 15 23:00:11 dryad postfix/smtpd[964]: connect from mail0.cs.utsa.edu[129.115.29.4]
Jan 15 23:00:11 dryad postfix/smtpd[964]: 9A5CD31F2A: client=mail0.cs.utsa.edu[129.115.29.4]
Jan 15 23:00:11 dryad postfix/cleanup[965]: 9A5CD31F2A: message-id=<20070116050008.E6B3931F2A@dryad.cs.utsa.edu>
Jan 15 23:00:11 dryad postfix/smtpd[964]: disconnect from mail0.cs.utsa.edu[129.115.29.4]
Jan 15 23:00:11 dryad postfix/qmgr[179]: 9A5CD31F2A: from=<root@cs.utsa.edu>, size=2244, nrcpt=1 (queue active)
Jan 15 23:00:12 dryad postfix/pickup[748]: B6DC431F2D: uid=12455 from=<root@cs.utsa.edu>
Jan 15 23:00:12 dryad postfix/pipe[967]: 9A5CD31F2A: to=<maynard@dryad.cs.utsa.edu>, relay=filter, delay=1, status=sent (dryad.cs.utsa.edu)
Jan 15 23:00:12 dryad postfix/cleanup[965]: B6DC431F2D: message-id=<20070116050008.E6B3931F2A@dryad.cs.utsa.edu>
Jan 15 23:00:12 dryad postfix/qmgr[179]: B6DC431F2D: from=<root@cs.utsa.edu>, size=2430, nrcpt=1 (queue active)
Jan 15 23:00:13 dryad postfix/local[973]: B6DC431F2D: to=<maynard@localhost.cs.utsa.edu>, relay=local, delay=1, status=sent ("|/usr/local/bin/maildrop -d "$USER" -f "$SENDER" "$EXTENSION"")
Jan 15 23:03:53 dryad postfix/smtpd[997]: connect from mail0.cs.utsa.edu[129.115.29.4]
Jan 15 23:03:54 dryad postfix/smtpd[997]: 159AC31F2A: client=mail0.cs.utsa.edu[129.115.29.4]
Jan 15 23:03:54 dryad postfix/cleanup[998]: 159AC31F2A: message-id=<20070115.210244.1712.1020555@webmail42.nyc.untd.com>
Jan 15 23:03:54 dryad postfix/smtpd[997]: disconnect from mail0.cs.utsa.edu[129.115.29.4]
Jan 15 23:03:54 dryad postfix/qmgr[179]: 159AC31F2A: from=<amaynard_1@juno.com>, size=3027, nrcpt=1 (queue active)
Jan 15 23:03:55 dryad postfix/pickup[748]: D107C31F2D: uid=12455 from=<amaynard_1@juno.com>
Jan 15 23:03:55 dryad postfix/cleanup[998]: D107C31F2D: message-id=<20070115.210244.1712.1020555@webmail42.nyc.untd.com>
Jan 15 23:03:55 dryad postfix/qmgr[179]: D107C31F2D: from=<amaynard_1@juno.com>, size=3217, nrcpt=1 (queue active)
Jan 15 23:03:56 dryad postfix/pipe[1000]: 159AC31F2A: to=<maynard@dryad.cs.utsa.edu>, relay=filter, delay=2, status=sent (dryad.cs.utsa.edu)
Jan 15 23:03:56 dryad postfix/local[1006]: D107C31F2D: to=<maynard@localhost.cs.utsa.edu>, relay=local, delay=1, status=sent ("|/usr/local/bin/maildrop -d "$USER" -f "$SENDER" "$EXTENSION"")
Jan 15 23:12:42 dryad postfix/smtpd[1024]: connect from mail0.cs.utsa.edu[129.115.29.4]
Jan 15 23:12:42 dryad postfix/smtpd[1024]: 70D7131F2A: client=mail0.cs.utsa.edu[129.115.29.4]
Jan 15 23:12:42 dryad postfix/cleanup[1025]: 70D7131F2A: message-id=<107349606.1168924306992.JavaMail.SYSTEM@sr-v3bescach010>
Jan 15 23:12:42 dryad postfix/smtpd[1024]: disconnect from mail0.cs.utsa.edu[129.115.29.4]
Jan 15 23:12:42 dryad postfix/qmgr[179]: 70D7131F2A: from=<outbidnotice@ebay.com>, size=5477, nrcpt=1 (queue active)
Jan 15 23:12:44 dryad postfix/pickup[1013]: 5586831F2D: uid=12455 from=<outbidnotice@ebay.com>
Jan 15 23:12:44 dryad postfix/cleanup[1025]: 5586831F2D: message-id=<107349606.1168924306992.JavaMail.SYSTEM@sr-v3bescach010>
Jan 15 23:12:44 dryad postfix/pipe[1027]: 70D7131F2A: to=<maynard@dryad.cs.utsa.edu>, relay=filter, delay=2, status=sent (dryad.cs.utsa.edu)
Jan 15 23:12:44 dryad postfix/qmgr[179]: 5586831F2D: from=<outbidnotice@ebay.com>, size=5596, nrcpt=1 (queue active)
Jan 15 23:12:45 dryad postfix/local[1033]: 5586831F2D: to=<maynard@localhost.cs.utsa.edu>, relay=local, delay=1, status=sent ("|/usr/local/bin/maildrop -d "$USER" -f "$SENDER" "$EXTENSION"")
Jan 15 23:13:21 dryad postfix/pickup[1013]: BA79E31F2A: uid=0 from=<root>
Jan 15 23:13:21 dryad postfix/cleanup[1025]: BA79E31F2A: message-id=<20070116051321.BA79E31F2A@dryad.cs.utsa.edu>
Jan 15 23:13:21 dryad postfix/qmgr[179]: BA79E31F2A: from=<root@cs.utsa.edu>, size=461, nrcpt=1 (queue active)
Jan 15 23:13:22 dryad postfix/smtp[1046]: BA79E31F2A: to=<root@cs.utsa.edu>, relay=mail0.cs.utsa.edu[129.115.29.4], delay=1, status=sent (250 Ok: queued as BA0C1275E)
Jan 15 23:37:44 dryad postfix/pickup[1013]: 2C5E631F2A: uid=511 from=<maynard>
Jan 15 23:37:45 dryad postfix/cleanup[1107]: 2C5E631F2A: message-id=<20070116053743.2C5E631F2A@dryad.cs.utsa.edu>
Jan 15 23:37:46 dryad postfix/qmgr[179]: 2C5E631F2A: from=<maynard@cs.utsa.edu>, size=902, nrcpt=1 (queue active)
Jan 15 23:37:48 dryad postfix/smtp[1111]: 2C5E631F2A: to=<amaynard_1@juno.com>, relay=mx.nyc.untd.com[64.136.20.83], delay=5, status=sent (250 OK id AABC423FNAEEBWYS)
Jan 15 23:39:54 dryad postfix/pickup[1013]: 88C7631F2A: uid=0 from=<root>
Jan 15 23:39:54 dryad postfix/cleanup[1120]: 88C7631F2A: message-id=<20070116053954.88C7631F2A@dryad.cs.utsa.edu>
Jan 15 23:39:56 dryad postfix/qmgr[179]: 88C7631F2A: from=<root@cs.utsa.edu>, size=7185, nrcpt=1 (queue active)
Jan 15 23:39:56 dryad postfix/smtp[1121]: 88C7631F2A: to=<root@cs.utsa.edu>, relay=mail0.cs.utsa.edu[129.115.29.4], delay=2, status=sent (250 Ok: queued as 3F79B275E)
Jan 16 00:00:01 dryad postfix/smtpd[1149]: connect from exely.cs.utsa.edu[129.115.27.33]
Jan 16 00:00:01 dryad postfix/smtpd[1149]: 801CB31F2A: client=exely.cs.utsa.edu[129.115.27.33]
Jan 16 00:00:01 dryad postfix/cleanup[1152]: 801CB31F2A: message-id=<20070116060000.8C1E37F1F@exely.cs.utsa.edu>
Jan 16 00:00:02 dryad postfix/smtpd[1149]: disconnect from exely.cs.utsa.edu[129.115.27.33]
Jan 16 00:00:02 dryad postfix/qmgr[179]: 801CB31F2A: from=<root@exely.cs.utsa.edu>, size=7473, nrcpt=1 (queue active)
Jan 16 00:00:05 dryad postfix/pipe[1158]: 801CB31F2A: to=<maynard@dryad.cs.utsa.edu>, relay=filter, delay=4, status=sent (dryad.cs.utsa.edu)
Jan 16 00:00:05 dryad postfix/pickup[1013]: 69F5731F2D: uid=12455 from=<root@exely.cs.utsa.edu>
Jan 16 00:00:05 dryad postfix/cleanup[1152]: 69F5731F2D: message-id=<20070116060000.8C1E37F1F@exely.cs.utsa.edu>
Jan 16 00:00:05 dryad postfix/qmgr[179]: 69F5731F2D: from=<root@exely.cs.utsa.edu>, size=7659, nrcpt=1 (queue active)
Jan 16 00:00:06 dryad postfix/local[1166]: 69F5731F2D: to=<maynard@localhost.cs.utsa.edu>, relay=local, delay=1, status=sent ("|/usr/local/bin/maildrop -d "$USER" -f "$SENDER" "$EXTENSION"")
Jan 16 00:00:10 dryad postfix/pickup[1013]: DA1CD31F2A: uid=0 from=<root>
Jan 16 00:00:10 dryad postfix/cleanup[1152]: DA1CD31F2A: message-id=<20070116060009.DA1CD31F2A@dryad.cs.utsa.edu>
Jan 16 00:00:10 dryad postfix/qmgr[179]: DA1CD31F2A: from=<root@cs.utsa.edu>, size=2060, nrcpt=1 (queue active)
Jan 16 00:00:10 dryad postfix/smtp[1178]: DA1CD31F2A: to=<maynard@cs.utsa.edu>, relay=mail0.cs.utsa.edu[129.115.29.4], delay=1, status=sent (250 Ok: queued as 6847D275E)
Jan 16 00:00:10 dryad postfix/smtpd[1149]: connect from mail0.cs.utsa.edu[129.115.29.4]
Jan 16 00:00:10 dryad postfix/smtpd[1149]: D59F931F2A: client=mail0.cs.utsa.edu[129.115.29.4]
Jan 16 00:00:10 dryad postfix/cleanup[1152]: D59F931F2A: message-id=<20070116060009.DA1CD31F2A@dryad.cs.utsa.edu>
Jan 16 00:00:11 dryad postfix/qmgr[179]: D59F931F2A: from=<root@cs.utsa.edu>, size=2585, nrcpt=1 (queue active)
Jan 16 00:00:11 dryad postfix/smtpd[1149]: disconnect from mail0.cs.utsa.edu[129.115.29.4]
Jan 16 00:00:12 dryad postfix/pipe[1158]: D59F931F2A: to=<maynard@dryad.cs.utsa.edu>, relay=filter, delay=2, status=sent (dryad.cs.utsa.edu)
Jan 16 00:00:12 dryad postfix/pickup[1013]: 6BE3C31F2D: uid=12455 from=<root@cs.utsa.edu>
Jan 16 00:00:12 dryad postfix/cleanup[1152]: 6BE3C31F2D: message-id=<20070116060009.DA1CD31F2A@dryad.cs.utsa.edu>
Jan 16 00:00:12 dryad postfix/qmgr[179]: 6BE3C31F2D: from=<root@cs.utsa.edu>, size=2771, nrcpt=1 (queue active)
Jan 16 00:00:12 dryad postfix/local[1166]: 6BE3C31F2D: to=<maynard@localhost.cs.utsa.edu>, relay=local, delay=0, status=sent ("|/usr/local/bin/maildrop -d "$USER" -f "$SENDER" "$EXTENSION"")
Jan 16 00:03:03 dryad postfix/smtpd[1191]: connect from mail0.cs.utsa.edu[129.115.29.4]
Jan 16 00:03:03 dryad postfix/smtpd[1191]: 6086A31F2A: client=mail0.cs.utsa.edu[129.115.29.4]
Jan 16 00:03:03 dryad postfix/cleanup[1192]: 6086A31F2A: message-id=<W0TH0560D672DB83A163430D827100.3518.21352.pimailer49.DumpShot.2@nwemail.nwa.com>
Jan 16 00:03:03 dryad postfix/smtpd[1191]: disconnect from mail0.cs.utsa.edu[129.115.29.4]
Jan 16 00:03:03 dryad postfix/qmgr[179]: 6086A31F2A: from=<bounce@nwemail.nwa.com>, size=12768, nrcpt=1 (queue active)
Jan 16 00:03:06 dryad postfix/pipe[1193]: 6086A31F2A: to=<maynard@dryad.cs.utsa.edu>, relay=filter, delay=3, status=sent (dryad.cs.utsa.edu)
Jan 16 00:03:06 dryad postfix/pickup[1013]: 3C9DA31F2D: uid=12455 from=<bounce@nwemail.nwa.com>
Jan 16 00:03:06 dryad postfix/cleanup[1192]: 3C9DA31F2D: message-id=<W0TH0560D672DB83A163430D827100.3518.21352.pimailer49.DumpShot.2@nwemail.nwa.com>
Jan 16 00:03:06 dryad postfix/qmgr[179]: 3C9DA31F2D: from=<bounce@nwemail.nwa.com>, size=12958, nrcpt=1 (queue active)
Jan 16 00:03:07 dryad postfix/local[1199]: 3C9DA31F2D: to=<maynard@localhost.cs.utsa.edu>, relay=local, delay=1, status=sent ("|/usr/local/bin/maildrop -d "$USER" -f "$SENDER" "$EXTENSION"")
Jan 16 00:13:22 dryad postfix/pickup[1013]: 6B3E731F2A: uid=0 from=<root>
Jan 16 00:13:22 dryad postfix/cleanup[1226]: 6B3E731F2A: message-id=<20070116061322.6B3E731F2A@dryad.cs.utsa.edu>
Jan 16 00:13:22 dryad postfix/qmgr[179]: 6B3E731F2A: from=<root@cs.utsa.edu>, size=461, nrcpt=1 (queue active)
Jan 16 00:13:23 dryad postfix/smtp[1228]: 6B3E731F2A: to=<root@cs.utsa.edu>, relay=mail0.cs.utsa.edu[129.115.29.4], delay=1, status=sent (250 Ok: queued as 296C0275E)
Jan 16 00:26:16 dryad postfix/smtpd[1245]: connect from mail0.cs.utsa.edu[129.115.29.4]
Jan 16 00:26:16 dryad postfix/smtpd[1245]: 5D3F831F2A: client=mail0.cs.utsa.edu[129.115.29.4]
Jan 16 00:26:16 dryad postfix/cleanup[1246]: 5D3F831F2A: message-id=<1168927650.5042@prodigy.net>
Jan 16 00:26:16 dryad postfix/smtpd[1245]: disconnect from mail0.cs.utsa.edu[129.115.29.4]
Jan 16 00:26:16 dryad postfix/qmgr[179]: 5D3F831F2A: from=<deena.haskinsvq@prodigy.net>, size=1440, nrcpt=1 (queue active)
Jan 16 00:26:18 dryad postfix/pickup[1013]: 64AE631F2D: uid=12455 from=<deena.haskinsvq@prodigy.net>
Jan 16 00:26:18 dryad postfix/pipe[1248]: 5D3F831F2A: to=<maynard@dryad.cs.utsa.edu>, relay=filter, delay=2, status=sent (dryad.cs.utsa.edu)
Jan 16 00:26:18 dryad postfix/cleanup[1246]: 64AE631F2D: message-id=<1168927650.5042@prodigy.net>
Jan 16 00:26:18 dryad postfix/qmgr[179]: 64AE631F2D: from=<deena.haskinsvq@prodigy.net>, size=1627, nrcpt=1 (queue active)
Jan 16 00:26:19 dryad postfix/local[1254]: 64AE631F2D: to=<maynard@localhost.cs.utsa.edu>, relay=local, delay=1, status=sent ("|/usr/local/bin/maildrop -d "$USER" -f "$SENDER" "$EXTENSION"")
Jan 16 01:00:01 dryad postfix/smtpd[1307]: connect from exely.cs.utsa.edu[129.115.27.33]
Jan 16 01:00:01 dryad postfix/smtpd[1307]: C71B031F2A: client=exely.cs.utsa.edu[129.115.27.33]
Jan 16 01:00:02 dryad postfix/cleanup[1308]: C71B031F2A: message-id=<20070116070001.20B187F1F@exely.cs.utsa.edu>
Jan 16 01:00:02 dryad postfix/smtpd[1307]: disconnect from exely.cs.utsa.edu[129.115.27.33]
Jan 16 01:00:02 dryad postfix/qmgr[179]: C71B031F2A: from=<root@exely.cs.utsa.edu>, size=3756, nrcpt=1 (queue active)
Jan 16 01:00:04 dryad postfix/pipe[1312]: C71B031F2A: to=<maynard@dryad.cs.utsa.edu>, relay=filter, delay=3, status=sent (dryad.cs.utsa.edu)
Jan 16 01:00:04 dryad postfix/pickup[1268]: 3F20E31F2D: uid=12455 from=<root@exely.cs.utsa.edu>
Jan 16 01:00:04 dryad postfix/cleanup[1308]: 3F20E31F2D: message-id=<20070116070001.20B187F1F@exely.cs.utsa.edu>
Jan 16 01:00:04 dryad postfix/qmgr[179]: 3F20E31F2D: from=<root@exely.cs.utsa.edu>, size=3942, nrcpt=1 (queue active)
Jan 16 01:00:05 dryad postfix/local[1318]: 3F20E31F2D: to=<maynard@localhost.cs.utsa.edu>, relay=local, delay=1, status=sent ("|/usr/local/bin/maildrop -d "$USER" -f "$SENDER" "$EXTENSION"")
Jan 16 01:00:08 dryad postfix/pickup[1268]: CD18431F2A: uid=0 from=<root>
Jan 16 01:00:08 dryad postfix/cleanup[1308]: CD18431F2A: message-id=<20070116070008.CD18431F2A@dryad.cs.utsa.edu>
Jan 16 01:00:08 dryad postfix/qmgr[179]: CD18431F2A: from=<root@cs.utsa.edu>, size=2064, nrcpt=1 (queue active)
Jan 16 01:00:09 dryad postfix/smtp[1330]: CD18431F2A: to=<maynard@cs.utsa.edu>, relay=mail0.cs.utsa.edu[129.115.29.4], delay=1, status=sent (250 Ok: queued as F1A36275E)
Jan 16 01:00:10 dryad postfix/smtpd[1307]: connect from mail0.cs.utsa.edu[129.115.29.4]
Jan 16 01:00:10 dryad postfix/smtpd[1307]: 17C4531F2A: client=mail0.cs.utsa.edu[129.115.29.4]
Jan 16 01:00:10 dryad postfix/cleanup[1308]: 17C4531F2A: message-id=<20070116070008.CD18431F2A@dryad.cs.utsa.edu>
Jan 16 01:00:10 dryad postfix/smtpd[1307]: disconnect from mail0.cs.utsa.edu[129.115.29.4]
Jan 16 01:00:10 dryad postfix/qmgr[179]: 17C4531F2A: from=<root@cs.utsa.edu>, size=2589, nrcpt=1 (queue active)
Jan 16 01:00:11 dryad postfix/pipe[1312]: 17C4531F2A: to=<maynard@dryad.cs.utsa.edu>, relay=filter, delay=1, status=sent (dryad.cs.utsa.edu)
Jan 16 01:00:11 dryad postfix/pickup[1268]: 661DD31F2D: uid=12455 from=<root@cs.utsa.edu>
Jan 16 01:00:11 dryad postfix/cleanup[1308]: 661DD31F2D: message-id=<20070116070008.CD18431F2A@dryad.cs.utsa.edu>
Jan 16 01:00:11 dryad postfix/qmgr[179]: 661DD31F2D: from=<root@cs.utsa.edu>, size=2775, nrcpt=1 (queue active)
Jan 16 01:00:11 dryad postfix/local[1318]: 661DD31F2D: to=<maynard@localhost.cs.utsa.edu>, relay=local, delay=0, status=sent ("|/usr/local/bin/maildrop -d "$USER" -f "$SENDER" "$EXTENSION"")
Jan 16 01:13:22 dryad postfix/pickup[1268]: 1410531F2A: uid=0 from=<root>
Jan 16 01:13:22 dryad postfix/cleanup[1367]: 1410531F2A: message-id=<20070116071321.1410531F2A@dryad.cs.utsa.edu>
Jan 16 01:13:22 dryad postfix/qmgr[179]: 1410531F2A: from=<root@cs.utsa.edu>, size=461, nrcpt=1 (queue active)
Jan 16 01:13:22 dryad postfix/smtp[1369]: 1410531F2A: to=<root@cs.utsa.edu>, relay=mail0.cs.utsa.edu[129.115.29.4], delay=1, status=sent (250 Ok: queued as 7E638275E)
Jan 16 01:14:20 dryad postfix/smtpd[1371]: connect from mail0.cs.utsa.edu[129.115.29.4]
Jan 16 01:14:20 dryad postfix/smtpd[1371]: 66AB131F2A: client=mail0.cs.utsa.edu[129.115.29.4]
Jan 16 01:14:20 dryad postfix/cleanup[1367]: 66AB131F2A: message-id=<01c7393d$edd11780$6c822ecf@SpicaHershey>
Jan 16 01:14:20 dryad postfix/smtpd[1371]: disconnect from mail0.cs.utsa.edu[129.115.29.4]
Jan 16 01:14:20 dryad postfix/qmgr[179]: 66AB131F2A: from=<SpicaHershey@aamfg.com>, size=2058, nrcpt=1 (queue active)
Jan 16 01:14:22 dryad postfix/pipe[1372]: 66AB131F2A: to=<maynard@dryad.cs.utsa.edu>, relay=filter, delay=2, status=sent (dryad.cs.utsa.edu)
Jan 16 01:14:22 dryad postfix/pickup[1268]: 6ACC331F2D: uid=12455 from=<SpicaHershey@aamfg.com>
Jan 16 01:14:22 dryad postfix/cleanup[1367]: 6ACC331F2D: message-id=<01c7393d$edd11780$6c822ecf@SpicaHershey>
Jan 16 01:14:22 dryad postfix/qmgr[179]: 6ACC331F2D: from=<SpicaHershey@aamfg.com>, size=2245, nrcpt=1 (queue active)
Jan 16 01:14:23 dryad postfix/local[1378]: 6ACC331F2D: to=<maynard@localhost.cs.utsa.edu>, relay=local, delay=1, status=sent ("|/usr/local/bin/maildrop -d "$USER" -f "$SENDER" "$EXTENSION"")
Jan 16 01:17:42 dryad postfix/smtpd[1385]: connect from mail0.cs.utsa.edu[129.115.29.4]
Jan 16 01:17:42 dryad postfix/smtpd[1385]: 3CE7831F2A: client=mail0.cs.utsa.edu[129.115.29.4]
Jan 16 01:17:42 dryad postfix/cleanup[1386]: 3CE7831F2A: message-id=<01c7393e$69cdf790$6c822ecf@punkbrassy>
Jan 16 01:17:42 dryad postfix/smtpd[1385]: disconnect from mail0.cs.utsa.edu[129.115.29.4]
Jan 16 01:17:42 dryad postfix/qmgr[179]: 3CE7831F2A: from=<punkbrassy@accucode.com>, size=2081, nrcpt=1 (queue active)
Jan 16 01:17:44 dryad postfix/pipe[1388]: 3CE7831F2A: to=<maynard@dryad.cs.utsa.edu>, relay=filter, delay=2, status=sent (dryad.cs.utsa.edu)
Jan 16 01:17:44 dryad postfix/pickup[1268]: E97B631F2D: uid=12455 from=<punkbrassy@accucode.com>
Jan 16 01:17:44 dryad postfix/cleanup[1386]: E97B631F2D: message-id=<01c7393e$69cdf790$6c822ecf@punkbrassy>
Jan 16 01:17:44 dryad postfix/qmgr[179]: E97B631F2D: from=<punkbrassy@accucode.com>, size=2268, nrcpt=1 (queue active)
Jan 16 01:17:44 dryad postfix/local[1394]: E97B631F2D: to=<maynard@localhost.cs.utsa.edu>, relay=local, delay=1, status=sent ("|/usr/local/bin/maildrop -d "$USER" -f "$SENDER" "$EXTENSION"")
Jan 16 02:00:00 dryad postfix/smtpd[1457]: connect from exely.cs.utsa.edu[129.115.27.33]
Jan 16 02:00:01 dryad postfix/smtpd[1457]: 1803831F2A: client=exely.cs.utsa.edu[129.115.27.33]
Jan 16 02:00:01 dryad postfix/cleanup[1458]: 1803831F2A: message-id=<20070116080000.835007F1F@exely.cs.utsa.edu>
Jan 16 02:00:01 dryad postfix/smtpd[1457]: disconnect from exely.cs.utsa.edu[129.115.27.33]
Jan 16 02:00:01 dryad postfix/qmgr[179]: 1803831F2A: from=<root@exely.cs.utsa.edu>, size=1799, nrcpt=1 (queue active)
Jan 16 02:00:03 dryad postfix/pickup[1268]: 6783B31F2D: uid=12455 from=<root@exely.cs.utsa.edu>
Jan 16 02:00:03 dryad postfix/pipe[1461]: 1803831F2A: to=<maynard@dryad.cs.utsa.edu>, relay=filter, delay=2, status=sent (dryad.cs.utsa.edu)
Jan 16 02:00:03 dryad postfix/cleanup[1458]: 6783B31F2D: message-id=<20070116080000.835007F1F@exely.cs.utsa.edu>
Jan 16 02:00:03 dryad postfix/qmgr[179]: 6783B31F2D: from=<root@exely.cs.utsa.edu>, size=1985, nrcpt=1 (queue active)
Jan 16 02:00:04 dryad postfix/local[1469]: 6783B31F2D: to=<maynard@localhost.cs.utsa.edu>, relay=local, delay=1, status=sent ("|/usr/local/bin/maildrop -d "$USER" -f "$SENDER" "$EXTENSION"")
Jan 16 02:00:08 dryad postfix/pickup[1268]: 38D0231F2A: uid=0 from=<root>
Jan 16 02:00:08 dryad postfix/cleanup[1458]: 38D0231F2A: message-id=<20070116080008.38D0231F2A@dryad.cs.utsa.edu>
Jan 16 02:00:08 dryad postfix/qmgr[179]: 38D0231F2A: from=<root@cs.utsa.edu>, size=1725, nrcpt=1 (queue active)
Jan 16 02:00:09 dryad postfix/smtp[1481]: 38D0231F2A: to=<maynard@cs.utsa.edu>, relay=mail0.cs.utsa.edu[129.115.29.4], delay=1, status=sent (250 Ok: queued as 1578D275E)
Jan 16 02:00:11 dryad postfix/smtpd[1457]: connect from mail0.cs.utsa.edu[129.115.29.4]
Jan 16 02:00:12 dryad postfix/smtpd[1457]: E844031F2A: client=mail0.cs.utsa.edu[129.115.29.4]
Jan 16 02:00:12 dryad postfix/cleanup[1458]: E844031F2A: message-id=<20070116080008.38D0231F2A@dryad.cs.utsa.edu>
Jan 16 02:00:12 dryad postfix/smtpd[1457]: disconnect from mail0.cs.utsa.edu[129.115.29.4]
Jan 16 02:00:12 dryad postfix/qmgr[179]: E844031F2A: from=<root@cs.utsa.edu>, size=2250, nrcpt=1 (queue active)
Jan 16 02:00:13 dryad postfix/pipe[1461]: E844031F2A: to=<maynard@dryad.cs.utsa.edu>, relay=filter, delay=1, status=sent (dryad.cs.utsa.edu)
Jan 16 02:00:13 dryad postfix/pickup[1268]: 2B14231F2D: uid=12455 from=<root@cs.utsa.edu>
Jan 16 02:00:13 dryad postfix/cleanup[1458]: 2B14231F2D: message-id=<20070116080008.38D0231F2A@dryad.cs.utsa.edu>
Jan 16 02:00:13 dryad postfix/qmgr[179]: 2B14231F2D: from=<root@cs.utsa.edu>, size=2436, nrcpt=1 (queue active)
Jan 16 02:00:13 dryad postfix/local[1469]: 2B14231F2D: to=<maynard@localhost.cs.utsa.edu>, relay=local, delay=0, status=sent ("|/usr/local/bin/maildrop -d "$USER" -f "$SENDER" "$EXTENSION"")
Jan 16 02:06:11 dryad postfix/smtpd[1500]: connect from mail0.cs.utsa.edu[129.115.29.4]
Jan 16 02:06:11 dryad postfix/smtpd[1500]: 68DCB31F2A: client=mail0.cs.utsa.edu[129.115.29.4]
Jan 16 02:06:11 dryad postfix/cleanup[1501]: 68DCB31F2A: message-id=<01c73945$2fdae5f0$6c822ecf@plow'scontinuation's>
Jan 16 02:06:11 dryad postfix/smtpd[1500]: disconnect from mail0.cs.utsa.edu[129.115.29.4]
Jan 16 02:06:11 dryad postfix/qmgr[179]: 68DCB31F2A: from=<plow'scontinuation's@aberdeenshire.gov.uk>, size=2061, nrcpt=1 (queue active)
Jan 16 02:06:13 dryad postfix/pipe[1503]: 68DCB31F2A: to=<maynard@dryad.cs.utsa.edu>, relay=filter, delay=2, status=sent (dryad.cs.utsa.edu)
Jan 16 02:06:13 dryad postfix/pickup[1499]: 3B78431F2D: uid=12455 from=<plow'scontinuation's@aberdeenshire.gov.uk>
Jan 16 02:06:13 dryad postfix/cleanup[1501]: 3B78431F2D: message-id=<01c73945$2fdae5f0$6c822ecf@plow'scontinuation's>
Jan 16 02:06:13 dryad postfix/qmgr[179]: 3B78431F2D: from=<plow'scontinuation's@aberdeenshire.gov.uk>, size=2248, nrcpt=1 (queue active)
Jan 16 02:06:14 dryad postfix/local[1509]: 3B78431F2D: to=<maynard@localhost.cs.utsa.edu>, relay=local, delay=1, status=sent ("|/usr/local/bin/maildrop -d "$USER" -f "$SENDER" "$EXTENSION"")
Jan 16 02:13:21 dryad postfix/pickup[1499]: 8BCEC31F2A: uid=0 from=<root>
Jan 16 02:13:21 dryad postfix/cleanup[1530]: 8BCEC31F2A: message-id=<20070116081321.8BCEC31F2A@dryad.cs.utsa.edu>
Jan 16 02:13:22 dryad postfix/qmgr[179]: 8BCEC31F2A: from=<root@cs.utsa.edu>, size=461, nrcpt=1 (queue active)
Jan 16 02:13:22 dryad postfix/smtp[1532]: 8BCEC31F2A: to=<root@cs.utsa.edu>, relay=mail0.cs.utsa.edu[129.115.29.4], delay=1, status=sent (250 Ok: queued as A3AE0296D)
Jan 16 03:00:01 dryad postfix/smtpd[1596]: connect from exely.cs.utsa.edu[129.115.27.33]
Jan 16 03:00:01 dryad postfix/smtpd[1596]: 7B75E31F2A: client=exely.cs.utsa.edu[129.115.27.33]
Jan 16 03:00:01 dryad postfix/cleanup[1597]: 7B75E31F2A: message-id=<20070116090000.A1E047F1F@exely.cs.utsa.edu>
Jan 16 03:00:01 dryad postfix/smtpd[1596]: disconnect from exely.cs.utsa.edu[129.115.27.33]
Jan 16 03:00:02 dryad postfix/qmgr[179]: 7B75E31F2A: from=<root@exely.cs.utsa.edu>, size=2121, nrcpt=1 (queue active)
Jan 16 03:00:04 dryad postfix/pipe[1603]: 7B75E31F2A: to=<maynard@dryad.cs.utsa.edu>, relay=filter, delay=3, status=sent (dryad.cs.utsa.edu)
Jan 16 03:00:04 dryad postfix/pickup[1499]: 0AF7031F2D: uid=12455 from=<root@exely.cs.utsa.edu>
Jan 16 03:00:04 dryad postfix/cleanup[1597]: 0AF7031F2D: message-id=<20070116090000.A1E047F1F@exely.cs.utsa.edu>
Jan 16 03:00:04 dryad postfix/qmgr[179]: 0AF7031F2D: from=<root@exely.cs.utsa.edu>, size=2307, nrcpt=1 (queue active)
Jan 16 03:00:05 dryad postfix/local[1610]: 0AF7031F2D: to=<maynard@localhost.cs.utsa.edu>, relay=local, delay=1, status=sent ("|/usr/local/bin/maildrop -d "$USER" -f "$SENDER" "$EXTENSION"")
Jan 16 03:00:08 dryad postfix/pickup[1499]: 8C82831F2A: uid=0 from=<root>
Jan 16 03:00:08 dryad postfix/cleanup[1597]: 8C82831F2A: message-id=<20070116090008.8C82831F2A@dryad.cs.utsa.edu>
Jan 16 03:00:08 dryad postfix/qmgr[179]: 8C82831F2A: from=<root@cs.utsa.edu>, size=1582, nrcpt=1 (queue active)
Jan 16 03:00:09 dryad postfix/smtp[1622]: 8C82831F2A: to=<maynard@cs.utsa.edu>, relay=mail0.cs.utsa.edu[129.115.29.4], delay=1, status=sent (250 Ok: queued as 58AC4275E)
Jan 16 03:00:09 dryad postfix/smtpd[1596]: connect from mail0.cs.utsa.edu[129.115.29.4]
Jan 16 03:00:09 dryad postfix/smtpd[1596]: B745431F2A: client=mail0.cs.utsa.edu[129.115.29.4]
Jan 16 03:00:09 dryad postfix/cleanup[1597]: B745431F2A: message-id=<20070116090008.8C82831F2A@dryad.cs.utsa.edu>
Jan 16 03:00:09 dryad postfix/smtpd[1596]: disconnect from mail0.cs.utsa.edu[129.115.29.4]
Jan 16 03:00:10 dryad postfix/qmgr[179]: B745431F2A: from=<root@cs.utsa.edu>, size=2107, nrcpt=1 (queue active)
Jan 16 03:00:10 dryad postfix/pickup[1499]: E85D531F2D: uid=12455 from=<root@cs.utsa.edu>
Jan 16 03:00:10 dryad postfix/cleanup[1597]: E85D531F2D: message-id=<20070116090008.8C82831F2A@dryad.cs.utsa.edu>
Jan 16 03:00:11 dryad postfix/pipe[1603]: B745431F2A: to=<maynard@dryad.cs.utsa.edu>, relay=filter, delay=2, status=sent (dryad.cs.utsa.edu)
Jan 16 03:00:11 dryad postfix/qmgr[179]: E85D531F2D: from=<root@cs.utsa.edu>, size=2293, nrcpt=1 (queue active)
Jan 16 03:00:11 dryad postfix/local[1610]: E85D531F2D: to=<maynard@localhost.cs.utsa.edu>, relay=local, delay=1, status=sent ("|/usr/local/bin/maildrop -d "$USER" -f "$SENDER" "$EXTENSION"")
Jan 16 03:03:00 dryad postfix/smtpd[1633]: connect from c-67-184-67-179.hsd1.il.comcast.net[67.184.67.179]
Jan 16 03:03:00 dryad postfix/smtpd[1633]: BBA8431F2A: client=c-67-184-67-179.hsd1.il.comcast.net[67.184.67.179]
Jan 16 03:03:00 dryad postfix/smtpd[1633]: reject: RCPT from c-67-184-67-179.hsd1.il.comcast.net[67.184.67.179]: 550 <djimenez@dryad.cs.utsa.edu>: User unknown; from=<nctpkxzsxxr@comcast.net> to=<djimenez@dryad.cs.utsa.edu>
Jan 16 03:03:06 dryad postfix/smtpd[1633]: lost connection after RCPT from c-67-184-67-179.hsd1.il.comcast.net[67.184.67.179]
Jan 16 03:03:06 dryad postfix/smtpd[1633]: disconnect from c-67-184-67-179.hsd1.il.comcast.net[67.184.67.179]
Jan 16 03:13:21 dryad postfix/pickup[1499]: 92D6931F2A: uid=0 from=<root>
Jan 16 03:13:21 dryad postfix/cleanup[1663]: 92D6931F2A: message-id=<20070116091321.92D6931F2A@dryad.cs.utsa.edu>
Jan 16 03:13:21 dryad postfix/qmgr[179]: 92D6931F2A: from=<root@cs.utsa.edu>, size=461, nrcpt=1 (queue active)
Jan 16 03:13:22 dryad postfix/smtp[1665]: 92D6931F2A: to=<root@cs.utsa.edu>, relay=mail0.cs.utsa.edu[129.115.29.4], delay=1, status=sent (250 Ok: queued as 60747296D)
Jan 16 03:47:45 dryad postfix/smtpd[1709]: connect from mail0.cs.utsa.edu[129.115.29.4]
Jan 16 03:47:46 dryad postfix/smtpd[1709]: 1994B31F2A: client=mail0.cs.utsa.edu[129.115.29.4]
Jan 16 03:47:46 dryad postfix/cleanup[1710]: 1994B31F2A: message-id=<1168940813286.53415fc3-bbfa-4a32-92dc-d7d7f194d96d@checkout.google.com>
Jan 16 03:47:46 dryad postfix/smtpd[1709]: disconnect from mail0.cs.utsa.edu[129.115.29.4]
Jan 16 03:47:46 dryad postfix/qmgr[179]: 1994B31F2A: from=<noreply@checkout.google.com>, size=7998, nrcpt=1 (queue active)
Jan 16 03:47:48 dryad postfix/pickup[1699]: 671E531F2D: uid=12455 from=<noreply@checkout.google.com>
Jan 16 03:47:48 dryad postfix/cleanup[1710]: 671E531F2D: message-id=<1168940813286.53415fc3-bbfa-4a32-92dc-d7d7f194d96d@checkout.google.com>
Jan 16 03:47:48 dryad postfix/pipe[1712]: 1994B31F2A: to=<maynard@dryad.cs.utsa.edu>, relay=filter, delay=2, status=sent (dryad.cs.utsa.edu)
Jan 16 03:47:48 dryad postfix/qmgr[179]: 671E531F2D: from=<noreply@checkout.google.com>, size=8188, nrcpt=1 (queue active)
Jan 16 03:47:49 dryad postfix/local[1718]: 671E531F2D: to=<maynard@localhost.cs.utsa.edu>, relay=local, delay=1, status=sent ("|/usr/local/bin/maildrop -d "$USER" -f "$SENDER" "$EXTENSION"")
Jan 16 03:55:28 dryad postfix/smtpd[1731]: connect from 220-128-245-2.HINET-IP.hinet.net[220.128.245.2]
Jan 16 03:55:29 dryad postfix/smtpd[1731]: 7A4F231F2A: client=220-128-245-2.HINET-IP.hinet.net[220.128.245.2]
Jan 16 03:55:30 dryad postfix/smtpd[1731]: reject: RCPT from 220-128-245-2.HINET-IP.hinet.net[220.128.245.2]: 550 <ssmith@dryad.cs.utsa.edu>: User unknown; from=<tobias@bar-plate.com> to=<ssmith@dryad.cs.utsa.edu>
Jan 16 03:55:36 dryad postfix/smtpd[1731]: lost connection after RCPT from 220-128-245-2.HINET-IP.hinet.net[220.128.245.2]
Jan 16 03:55:36 dryad postfix/smtpd[1731]: disconnect from 220-128-245-2.HINET-IP.hinet.net[220.128.245.2]
Jan 16 04:00:01 dryad postfix/smtpd[1744]: connect from exely.cs.utsa.edu[129.115.27.33]
Jan 16 04:00:01 dryad postfix/smtpd[1744]: 3957231F2A: client=exely.cs.utsa.edu[129.115.27.33]
Jan 16 04:00:01 dryad postfix/cleanup[1745]: 3957231F2A: message-id=<20070116100000.617A27F1F@exely.cs.utsa.edu>
Jan 16 04:00:01 dryad postfix/smtpd[1744]: disconnect from exely.cs.utsa.edu[129.115.27.33]
Jan 16 04:00:01 dryad postfix/qmgr[179]: 3957231F2A: from=<root@exely.cs.utsa.edu>, size=1823, nrcpt=1 (queue active)
Jan 16 04:00:03 dryad postfix/pickup[1699]: 791E831F2D: uid=12455 from=<root@exely.cs.utsa.edu>
Jan 16 04:00:03 dryad postfix/cleanup[1745]: 791E831F2D: message-id=<20070116100000.617A27F1F@exely.cs.utsa.edu>
Jan 16 04:00:03 dryad postfix/pipe[1750]: 3957231F2A: to=<maynard@dryad.cs.utsa.edu>, relay=filter, delay=2, status=sent (dryad.cs.utsa.edu)
Jan 16 04:00:03 dryad postfix/qmgr[179]: 791E831F2D: from=<root@exely.cs.utsa.edu>, size=2009, nrcpt=1 (queue active)
Jan 16 04:00:04 dryad postfix/local[1758]: 791E831F2D: to=<maynard@localhost.cs.utsa.edu>, relay=local, delay=1, status=sent ("|/usr/local/bin/maildrop -d "$USER" -f "$SENDER" "$EXTENSION"")
Jan 16 04:00:08 dryad postfix/pickup[1699]: B922131F2A: uid=0 from=<root>
Jan 16 04:00:08 dryad postfix/cleanup[1745]: B922131F2A: message-id=<20070116100008.B922131F2A@dryad.cs.utsa.edu>
Jan 16 04:00:08 dryad postfix/qmgr[179]: B922131F2A: from=<root@cs.utsa.edu>, size=2761, nrcpt=1 (queue active)
Jan 16 04:00:09 dryad postfix/smtp[1771]: B922131F2A: to=<maynard@cs.utsa.edu>, relay=mail0.cs.utsa.edu[129.115.29.4], delay=1, status=sent (250 Ok: queued as 00989275E)
Jan 16 04:00:09 dryad postfix/smtpd[1744]: connect from mail0.cs.utsa.edu[129.115.29.4]
Jan 16 04:00:09 dryad postfix/smtpd[1744]: ACF0C31F2A: client=mail0.cs.utsa.edu[129.115.29.4]
Jan 16 04:00:09 dryad postfix/cleanup[1745]: ACF0C31F2A: message-id=<20070116100008.B922131F2A@dryad.cs.utsa.edu>
Jan 16 04:00:09 dryad postfix/smtpd[1744]: disconnect from mail0.cs.utsa.edu[129.115.29.4]
Jan 16 04:00:10 dryad postfix/qmgr[179]: ACF0C31F2A: from=<root@cs.utsa.edu>, size=3286, nrcpt=1 (queue active)
Jan 16 04:00:11 dryad postfix/pipe[1750]: ACF0C31F2A: to=<maynard@dryad.cs.utsa.edu>, relay=filter, delay=2, status=sent (dryad.cs.utsa.edu)
Jan 16 04:00:11 dryad postfix/pickup[1699]: 1FF3631F2D: uid=12455 from=<root@cs.utsa.edu>
Jan 16 04:00:11 dryad postfix/cleanup[1745]: 1FF3631F2D: message-id=<20070116100008.B922131F2A@dryad.cs.utsa.edu>
Jan 16 04:00:11 dryad postfix/qmgr[179]: 1FF3631F2D: from=<root@cs.utsa.edu>, size=3472, nrcpt=1 (queue active)
Jan 16 04:00:11 dryad postfix/local[1758]: 1FF3631F2D: to=<maynard@localhost.cs.utsa.edu>, relay=local, delay=0, status=sent ("|/usr/local/bin/maildrop -d "$USER" -f "$SENDER" "$EXTENSION"")
Jan 16 04:13:21 dryad postfix/pickup[1699]: 9386A31F2A: uid=0 from=<root>
Jan 16 04:13:21 dryad postfix/cleanup[1808]: 9386A31F2A: message-id=<20070116101321.9386A31F2A@dryad.cs.utsa.edu>
Jan 16 04:13:21 dryad postfix/qmgr[179]: 9386A31F2A: from=<root@cs.utsa.edu>, size=461, nrcpt=1 (queue active)
Jan 16 04:13:22 dryad postfix/smtp[1810]: 9386A31F2A: to=<root@cs.utsa.edu>, relay=mail0.cs.utsa.edu[129.115.29.4], delay=1, status=sent (250 Ok: queued as 71A70275E)
Jan 16 04:30:01 dryad postfix/pickup[1699]: B504B31F2A: uid=0 from=<root>
Jan 16 04:30:01 dryad postfix/cleanup[1840]: B504B31F2A: message-id=<20070116103001.B504B31F2A@dryad.cs.utsa.edu>
Jan 16 04:30:02 dryad postfix/qmgr[179]: B504B31F2A: from=<root@cs.utsa.edu>, size=553, nrcpt=1 (queue active)
Jan 16 04:30:02 dryad postfix/smtp[1842]: B504B31F2A: to=<root@cs.utsa.edu>, relay=mail0.cs.utsa.edu[129.115.29.4], delay=1, status=sent (250 Ok: queued as 8CDEF275E)
Jan 16 05:00:04 dryad postfix/smtpd[1892]: connect from exely.cs.utsa.edu[129.115.27.33]
Jan 16 05:00:04 dryad postfix/smtpd[1892]: 64F0131F2A: client=exely.cs.utsa.edu[129.115.27.33]
Jan 16 05:00:04 dryad postfix/cleanup[1893]: 64F0131F2A: message-id=<20070116110000.78A077F1F@exely.cs.utsa.edu>
Jan 16 05:00:04 dryad postfix/smtpd[1892]: disconnect from exely.cs.utsa.edu[129.115.27.33]
