Jan 16 21:30:01 dryad postfix/qmgr[179]: 2182B31F2A: from=<endofitem@ebay.com>, size=5517, nrcpt=1 (queue active)
Jan 16 21:30:02 dryad postfix/pickup[4387]: 9C2E931F2D: uid=12455 from=<endofitem@ebay.com>
Jan 16 21:30:02 dryad postfix/cleanup[4576]: 9C2E931F2D: message-id=<1600151392.1169004537119.JavaMail.SYSTEM@sj-v3eoa40>
Jan 16 21:30:02 dryad postfix/qmgr[179]: 9C2E931F2D: from=<endofitem@ebay.com>, size=5636, nrcpt=1 (queue active)
Jan 16 21:30:03 dryad postfix/pipe[4578]: 2182B31F2A: to=<maynard@dryad.cs.utsa.edu>, relay=filter, delay=2, status=sent (dryad.cs.utsa.edu)
Jan 16 21:30:03 dryad postfix/local[4584]: 9C2E931F2D: to=<maynard@localhost.cs.utsa.edu>, relay=local, delay=1, status=sent ("|/usr/local/bin/maildrop -d "$USER" -f "$SENDER" "$EXTENSION"")
Jan 16 21:31:23 dryad postfix/smtpd[4575]: connect from mail0.cs.utsa.edu[129.115.29.4]
Jan 16 21:31:23 dryad postfix/smtpd[4575]: 303AE31F2A: client=mail0.cs.utsa.edu[129.115.29.4]
Jan 16 21:31:23 dryad postfix/cleanup[4576]: 303AE31F2A: message-id=<20070117033034.E279D275E@mail0.cs.utsa.edu>
Jan 16 21:31:23 dryad postfix/smtpd[4575]: disconnect from mail0.cs.utsa.edu[129.115.29.4]
Jan 16 21:31:23 dryad postfix/qmgr[179]: 303AE31F2A: from=<Audio@PBConferences.com>, size=5607, nrcpt=1 (queue active)
Jan 16 21:31:25 dryad postfix/pipe[4578]: 303AE31F2A: to=<maynard@dryad.cs.utsa.edu>, relay=filter, delay=2, status=sent (dryad.cs.utsa.edu)
Jan 16 21:31:25 dryad postfix/pickup[4387]: 0952431F2D: uid=12455 from=<Audio@PBConferences.com>
Jan 16 21:31:25 dryad postfix/cleanup[4576]: 0952431F2D: message-id=<20070117033034.E279D275E@mail0.cs.utsa.edu>
Jan 16 21:31:25 dryad postfix/qmgr[179]: 0952431F2D: from=<Audio@PBConferences.com>, size=5797, nrcpt=1 (queue active)
Jan 16 21:31:25 dryad postfix/local[4584]: 0952431F2D: to=<maynard@localhost.cs.utsa.edu>, relay=local, delay=0, status=sent ("|/usr/local/bin/maildrop -d "$USER" -f "$SENDER" "$EXTENSION"")
Jan 16 21:33:32 dryad postfix/smtpd[4605]: connect from mail0.cs.utsa.edu[129.115.29.4]
Jan 16 21:33:32 dryad postfix/smtpd[4605]: C16E531F2A: client=mail0.cs.utsa.edu[129.115.29.4]
Jan 16 21:33:32 dryad postfix/cleanup[4606]: C16E531F2A: message-id=<1169004731.20579@paypal.com>
Jan 16 21:33:32 dryad postfix/qmgr[179]: C16E531F2A: from=<payment@paypal.com>, size=17471, nrcpt=1 (queue active)
Jan 16 21:33:33 dryad postfix/smtpd[4605]: disconnect from mail0.cs.utsa.edu[129.115.29.4]
Jan 16 21:33:34 dryad postfix/pickup[4387]: E05F031F2D: uid=12455 from=<payment@paypal.com>
Jan 16 21:33:34 dryad postfix/cleanup[4606]: E05F031F2D: message-id=<1169004731.20579@paypal.com>
Jan 16 21:33:35 dryad postfix/pipe[4607]: C16E531F2A: to=<maynard@dryad.cs.utsa.edu>, relay=filter, delay=3, status=sent (dryad.cs.utsa.edu)
Jan 16 21:33:35 dryad postfix/qmgr[179]: E05F031F2D: from=<payment@paypal.com>, size=17657, nrcpt=1 (queue active)
Jan 16 21:33:35 dryad postfix/local[4613]: E05F031F2D: to=<maynard@localhost.cs.utsa.edu>, relay=local, delay=1, status=sent ("|/usr/local/bin/maildrop -d "$USER" -f "$SENDER" "$EXTENSION"")
Jan 16 22:00:01 dryad postfix/smtpd[4650]: connect from exely.cs.utsa.edu[129.115.27.33]
Jan 16 22:00:01 dryad postfix/smtpd[4650]: 7C9DC31F2A: client=exely.cs.utsa.edu[129.115.27.33]
Jan 16 22:00:01 dryad postfix/cleanup[4652]: 7C9DC31F2A: message-id=<20070117040000.994E57F1F@exely.cs.utsa.edu>
Jan 16 22:00:01 dryad postfix/qmgr[179]: 7C9DC31F2A: from=<root@exely.cs.utsa.edu>, size=4648, nrcpt=1 (queue active)
Jan 16 22:00:01 dryad postfix/smtpd[4650]: disconnect from exely.cs.utsa.edu[129.115.27.33]
Jan 16 22:00:04 dryad postfix/pipe[4659]: 7C9DC31F2A: to=<maynard@dryad.cs.utsa.edu>, relay=filter, delay=3, status=sent (dryad.cs.utsa.edu)
Jan 16 22:00:04 dryad postfix/pickup[4631]: 4B18831F2D: uid=12455 from=<root@exely.cs.utsa.edu>
Jan 16 22:00:04 dryad postfix/cleanup[4652]: 4B18831F2D: message-id=<20070117040000.994E57F1F@exely.cs.utsa.edu>
Jan 16 22:00:04 dryad postfix/qmgr[179]: 4B18831F2D: from=<root@exely.cs.utsa.edu>, size=4834, nrcpt=1 (queue active)
Jan 16 22:00:06 dryad postfix/local[4669]: 4B18831F2D: to=<maynard@localhost.cs.utsa.edu>, relay=local, delay=2, status=sent ("|/usr/local/bin/maildrop -d "$USER" -f "$SENDER" "$EXTENSION"")
Jan 16 22:00:09 dryad postfix/pickup[4631]: C0ABC31F2A: uid=0 from=<root>
Jan 16 22:00:09 dryad postfix/cleanup[4652]: C0ABC31F2A: message-id=<20070117040009.C0ABC31F2A@dryad.cs.utsa.edu>
Jan 16 22:00:09 dryad postfix/qmgr[179]: C0ABC31F2A: from=<root@cs.utsa.edu>, size=2523, nrcpt=1 (queue active)
Jan 16 22:00:10 dryad postfix/smtp[4682]: C0ABC31F2A: to=<maynard@cs.utsa.edu>, relay=mail0.cs.utsa.edu[129.115.29.4], delay=1, status=sent (250 Ok: queued as 2029E2A43)
Jan 16 22:00:10 dryad postfix/smtpd[4650]: connect from mail0.cs.utsa.edu[129.115.29.4]
Jan 16 22:00:11 dryad postfix/smtpd[4650]: EC05331F2A: client=mail0.cs.utsa.edu[129.115.29.4]
Jan 16 22:00:11 dryad postfix/cleanup[4652]: EC05331F2A: message-id=<20070117040009.C0ABC31F2A@dryad.cs.utsa.edu>
Jan 16 22:00:11 dryad postfix/smtpd[4650]: disconnect from mail0.cs.utsa.edu[129.115.29.4]
Jan 16 22:00:11 dryad postfix/qmgr[179]: EC05331F2A: from=<root@cs.utsa.edu>, size=3048, nrcpt=1 (queue active)
Jan 16 22:00:12 dryad postfix/pickup[4631]: 1D6C331F2D: uid=12455 from=<root@cs.utsa.edu>
Jan 16 22:00:12 dryad postfix/cleanup[4652]: 1D6C331F2D: message-id=<20070117040009.C0ABC31F2A@dryad.cs.utsa.edu>
Jan 16 22:00:12 dryad postfix/pipe[4659]: EC05331F2A: to=<maynard@dryad.cs.utsa.edu>, relay=filter, delay=1, status=sent (dryad.cs.utsa.edu)
Jan 16 22:00:12 dryad postfix/qmgr[179]: 1D6C331F2D: from=<root@cs.utsa.edu>, size=3234, nrcpt=1 (queue active)
Jan 16 22:00:12 dryad postfix/local[4669]: 1D6C331F2D: to=<maynard@localhost.cs.utsa.edu>, relay=local, delay=0, status=sent ("|/usr/local/bin/maildrop -d "$USER" -f "$SENDER" "$EXTENSION"")
Jan 16 22:05:26 dryad postfix/smtpd[4698]: connect from mail0.cs.utsa.edu[129.115.29.4]
Jan 16 22:05:27 dryad postfix/smtpd[4698]: 121FC31F2A: client=mail0.cs.utsa.edu[129.115.29.4]
Jan 16 22:05:27 dryad postfix/cleanup[4699]: 121FC31F2A: message-id=<SERVERcXCXWtjik38dW0000328f@SERVER.fredsegalfun.local>
Jan 16 22:05:27 dryad postfix/smtpd[4698]: disconnect from mail0.cs.utsa.edu[129.115.29.4]
Jan 16 22:05:27 dryad postfix/qmgr[179]: 121FC31F2A: from=<store-news@amazon.com>, size=8602, nrcpt=1 (queue active)
Jan 16 22:05:29 dryad postfix/pipe[4701]: 121FC31F2A: to=<maynard@dryad.cs.utsa.edu>, relay=filter, delay=2, status=sent (dryad.cs.utsa.edu)
Jan 16 22:05:29 dryad postfix/pickup[4631]: ED0AF31F2D: uid=12455 from=<store-news@amazon.com>
Jan 16 22:05:29 dryad postfix/cleanup[4699]: ED0AF31F2D: message-id=<SERVERcXCXWtjik38dW0000328f@SERVER.fredsegalfun.local>
Jan 16 22:05:29 dryad postfix/qmgr[179]: ED0AF31F2D: from=<store-news@amazon.com>, size=8789, nrcpt=1 (queue active)
Jan 16 22:05:29 dryad postfix/local[4707]: ED0AF31F2D: to=<maynard@localhost.cs.utsa.edu>, relay=local, delay=1, status=sent ("|/usr/local/bin/maildrop -d "$USER" -f "$SENDER" "$EXTENSION"")
Jan 16 22:13:21 dryad postfix/pickup[4631]: CF2A231F2A: uid=0 from=<root>
Jan 16 22:13:22 dryad postfix/cleanup[4731]: CF2A231F2A: message-id=<20070117041321.CF2A231F2A@dryad.cs.utsa.edu>
Jan 16 22:13:22 dryad postfix/qmgr[179]: CF2A231F2A: from=<root@cs.utsa.edu>, size=461, nrcpt=1 (queue active)
Jan 16 22:13:22 dryad postfix/smtp[4733]: CF2A231F2A: to=<root@cs.utsa.edu>, relay=mail0.cs.utsa.edu[129.115.29.4], delay=1, status=sent (250 Ok: queued as 29FAC2A43)
Jan 16 23:00:01 dryad postfix/smtpd[4802]: connect from exely.cs.utsa.edu[129.115.27.33]
Jan 16 23:00:01 dryad postfix/smtpd[4802]: A6B4A31F2A: client=exely.cs.utsa.edu[129.115.27.33]
Jan 16 23:00:01 dryad postfix/cleanup[4803]: A6B4A31F2A: message-id=<20070117050001.0BB147F1F@exely.cs.utsa.edu>
Jan 16 23:00:02 dryad postfix/smtpd[4802]: disconnect from exely.cs.utsa.edu[129.115.27.33]
Jan 16 23:00:02 dryad postfix/qmgr[179]: A6B4A31F2A: from=<root@exely.cs.utsa.edu>, size=1985, nrcpt=1 (queue active)
Jan 16 23:00:04 dryad postfix/pipe[4805]: A6B4A31F2A: to=<maynard@dryad.cs.utsa.edu>, relay=filter, delay=3, status=sent (dryad.cs.utsa.edu)
Jan 16 23:00:04 dryad postfix/pickup[4631]: 47EB531F2D: uid=12455 from=<root@exely.cs.utsa.edu>
Jan 16 23:00:04 dryad postfix/cleanup[4803]: 47EB531F2D: message-id=<20070117050001.0BB147F1F@exely.cs.utsa.edu>
Jan 16 23:00:04 dryad postfix/qmgr[179]: 47EB531F2D: from=<root@exely.cs.utsa.edu>, size=2171, nrcpt=1 (queue active)
Jan 16 23:00:06 dryad postfix/local[4813]: 47EB531F2D: to=<maynard@localhost.cs.utsa.edu>, relay=local, delay=2, status=sent ("|/usr/local/bin/maildrop -d "$USER" -f "$SENDER" "$EXTENSION"")
Jan 16 23:00:08 dryad postfix/pickup[4631]: 43DF831F2A: uid=0 from=<root>
Jan 16 23:00:08 dryad postfix/cleanup[4803]: 43DF831F2A: message-id=<20070117050008.43DF831F2A@dryad.cs.utsa.edu>
Jan 16 23:00:08 dryad postfix/qmgr[179]: 43DF831F2A: from=<root@cs.utsa.edu>, size=1582, nrcpt=1 (queue active)
Jan 16 23:00:08 dryad postfix/smtp[4823]: 43DF831F2A: to=<maynard@cs.utsa.edu>, relay=mail0.cs.utsa.edu[129.115.29.4], delay=0, status=sent (250 Ok: queued as F2168275E)
Jan 16 23:00:09 dryad postfix/smtpd[4802]: connect from mail0.cs.utsa.edu[129.115.29.4]
Jan 16 23:00:09 dryad postfix/smtpd[4802]: 139B731F2A: client=mail0.cs.utsa.edu[129.115.29.4]
Jan 16 23:00:09 dryad postfix/cleanup[4803]: 139B731F2A: message-id=<20070117050008.43DF831F2A@dryad.cs.utsa.edu>
Jan 16 23:00:09 dryad postfix/smtpd[4802]: disconnect from mail0.cs.utsa.edu[129.115.29.4]
Jan 16 23:00:09 dryad postfix/qmgr[179]: 139B731F2A: from=<root@cs.utsa.edu>, size=2107, nrcpt=1 (queue active)
Jan 16 23:00:10 dryad postfix/pipe[4805]: 139B731F2A: to=<maynard@dryad.cs.utsa.edu>, relay=filter, delay=1, status=sent (dryad.cs.utsa.edu)
Jan 16 23:00:10 dryad postfix/pickup[4631]: 3A3D731F2D: uid=12455 from=<root@cs.utsa.edu>
Jan 16 23:00:10 dryad postfix/cleanup[4803]: 3A3D731F2D: message-id=<20070117050008.43DF831F2A@dryad.cs.utsa.edu>
Jan 16 23:00:10 dryad postfix/qmgr[179]: 3A3D731F2D: from=<root@cs.utsa.edu>, size=2293, nrcpt=1 (queue active)
Jan 16 23:00:10 dryad postfix/local[4813]: 3A3D731F2D: to=<maynard@localhost.cs.utsa.edu>, relay=local, delay=0, status=sent ("|/usr/local/bin/maildrop -d "$USER" -f "$SENDER" "$EXTENSION"")
Jan 16 23:13:22 dryad postfix/pickup[4631]: 351B731F2A: uid=0 from=<root>
Jan 16 23:13:22 dryad postfix/cleanup[4859]: 351B731F2A: message-id=<20070117051322.351B731F2A@dryad.cs.utsa.edu>
Jan 16 23:13:22 dryad postfix/qmgr[179]: 351B731F2A: from=<root@cs.utsa.edu>, size=461, nrcpt=1 (queue active)
Jan 16 23:13:22 dryad postfix/smtp[4861]: 351B731F2A: to=<root@cs.utsa.edu>, relay=mail0.cs.utsa.edu[129.115.29.4], delay=0, status=sent (250 Ok: queued as 843CC275E)
Jan 16 23:39:43 dryad postfix/pickup[4866]: 9F2E431F2A: uid=0 from=<root>
Jan 16 23:39:44 dryad postfix/cleanup[4905]: 9F2E431F2A: message-id=<20070117053943.9F2E431F2A@dryad.cs.utsa.edu>
Jan 16 23:39:44 dryad postfix/qmgr[179]: 9F2E431F2A: from=<root@cs.utsa.edu>, size=7185, nrcpt=1 (queue active)
Jan 16 23:39:47 dryad postfix/smtp[4907]: 9F2E431F2A: to=<root@cs.utsa.edu>, relay=mail0.cs.utsa.edu[129.115.29.4], delay=4, status=sent (250 Ok: queued as DCC9D275E)
Jan 17 00:00:01 dryad postfix/smtpd[4941]: connect from exely.cs.utsa.edu[129.115.27.33]
Jan 17 00:00:01 dryad postfix/smtpd[4941]: C25E631F2A: client=exely.cs.utsa.edu[129.115.27.33]
Jan 17 00:00:02 dryad postfix/cleanup[4942]: C25E631F2A: message-id=<20070117060000.EAA397F1F@exely.cs.utsa.edu>
Jan 17 00:00:02 dryad postfix/smtpd[4941]: disconnect from exely.cs.utsa.edu[129.115.27.33]
Jan 17 00:00:02 dryad postfix/qmgr[179]: C25E631F2A: from=<root@exely.cs.utsa.edu>, size=2698, nrcpt=1 (queue active)
Jan 17 00:00:05 dryad postfix/pipe[4946]: C25E631F2A: to=<maynard@dryad.cs.utsa.edu>, relay=filter, delay=4, status=sent (dryad.cs.utsa.edu)
Jan 17 00:00:05 dryad postfix/pickup[4866]: 3440831F2D: uid=12455 from=<root@exely.cs.utsa.edu>
Jan 17 00:00:05 dryad postfix/cleanup[4942]: 3440831F2D: message-id=<20070117060000.EAA397F1F@exely.cs.utsa.edu>
Jan 17 00:00:05 dryad postfix/qmgr[179]: 3440831F2D: from=<root@exely.cs.utsa.edu>, size=2884, nrcpt=1 (queue active)
Jan 17 00:00:06 dryad postfix/local[4952]: 3440831F2D: to=<maynard@localhost.cs.utsa.edu>, relay=local, delay=1, status=sent ("|/usr/local/bin/maildrop -d "$USER" -f "$SENDER" "$EXTENSION"")
Jan 17 00:00:09 dryad postfix/pickup[4866]: 2FE5E31F2A: uid=0 from=<root>
Jan 17 00:00:09 dryad postfix/cleanup[4942]: 2FE5E31F2A: message-id=<20070117060009.2FE5E31F2A@dryad.cs.utsa.edu>
Jan 17 00:00:09 dryad postfix/qmgr[179]: 2FE5E31F2A: from=<root@cs.utsa.edu>, size=1608, nrcpt=1 (queue active)
Jan 17 00:00:09 dryad postfix/smtp[4964]: 2FE5E31F2A: to=<maynard@cs.utsa.edu>, relay=mail0.cs.utsa.edu[129.115.29.4], delay=0, status=sent (250 Ok: queued as F313C275E)
Jan 17 00:00:10 dryad postfix/smtpd[4941]: connect from mail0.cs.utsa.edu[129.115.29.4]
Jan 17 00:00:10 dryad postfix/smtpd[4941]: 80B4431F2A: client=mail0.cs.utsa.edu[129.115.29.4]
Jan 17 00:00:10 dryad postfix/cleanup[4942]: 80B4431F2A: message-id=<20070117060009.2FE5E31F2A@dryad.cs.utsa.edu>
Jan 17 00:00:10 dryad postfix/smtpd[4941]: disconnect from mail0.cs.utsa.edu[129.115.29.4]
Jan 17 00:00:10 dryad postfix/qmgr[179]: 80B4431F2A: from=<root@cs.utsa.edu>, size=2133, nrcpt=1 (queue active)
Jan 17 00:00:12 dryad postfix/pipe[4946]: 80B4431F2A: to=<maynard@dryad.cs.utsa.edu>, relay=filter, delay=2, status=sent (dryad.cs.utsa.edu)
Jan 17 00:00:12 dryad postfix/pickup[4866]: 12A3531F2D: uid=12455 from=<root@cs.utsa.edu>
Jan 17 00:00:12 dryad postfix/cleanup[4942]: 12A3531F2D: message-id=<20070117060009.2FE5E31F2A@dryad.cs.utsa.edu>
Jan 17 00:00:12 dryad postfix/qmgr[179]: 12A3531F2D: from=<root@cs.utsa.edu>, size=2319, nrcpt=1 (queue active)
Jan 17 00:00:12 dryad postfix/local[4952]: 12A3531F2D: to=<maynard@localhost.cs.utsa.edu>, relay=local, delay=0, status=sent ("|/usr/local/bin/maildrop -d "$USER" -f "$SENDER" "$EXTENSION"")
Jan 17 00:04:39 dryad postfix/smtpd[4977]: connect from adsl1500-165.dyn92.pacific.net.sg[202.42.92.165]
Jan 17 00:04:40 dryad postfix/smtpd[4977]: A449C31F2A: client=adsl1500-165.dyn92.pacific.net.sg[202.42.92.165]
Jan 17 00:04:41 dryad postfix/smtpd[4977]: reject: RCPT from adsl1500-165.dyn92.pacific.net.sg[202.42.92.165]: 550 <djimenez@dryad.cs.utsa.edu>: User unknown; from=<qualitechbearings.com@freehealthstuff.com> to=<djimenez@dryad.cs.utsa.edu>
Jan 17 00:04:46 dryad postfix/smtpd[4977]: lost connection after RCPT from adsl1500-165.dyn92.pacific.net.sg[202.42.92.165]
Jan 17 00:04:46 dryad postfix/smtpd[4977]: disconnect from adsl1500-165.dyn92.pacific.net.sg[202.42.92.165]
Jan 17 00:13:21 dryad postfix/pickup[4866]: C6A3531F2A: uid=0 from=<root>
Jan 17 00:13:22 dryad postfix/cleanup[5004]: C6A3531F2A: message-id=<20070117061321.C6A3531F2A@dryad.cs.utsa.edu>
Jan 17 00:13:22 dryad postfix/qmgr[179]: C6A3531F2A: from=<root@cs.utsa.edu>, size=461, nrcpt=1 (queue active)
Jan 17 00:13:22 dryad postfix/smtp[5006]: C6A3531F2A: to=<root@cs.utsa.edu>, relay=mail0.cs.utsa.edu[129.115.29.4], delay=1, status=sent (250 Ok: queued as C5570275E)
Jan 17 00:39:57 dryad postfix/smtpd[5039]: connect from mail0.cs.utsa.edu[129.115.29.4]
Jan 17 00:39:57 dryad postfix/smtpd[5039]: 4ABA731F2A: client=mail0.cs.utsa.edu[129.115.29.4]
Jan 17 00:39:57 dryad postfix/cleanup[5040]: 4ABA731F2A: message-id=<1169014873.4453@bigpond.com>
Jan 17 00:39:57 dryad postfix/smtpd[5039]: disconnect from mail0.cs.utsa.edu[129.115.29.4]
Jan 17 00:39:57 dryad postfix/qmgr[179]: 4ABA731F2A: from=<terryhooper_ml@bigpond.com>, size=1448, nrcpt=1 (queue active)
Jan 17 00:39:59 dryad postfix/pipe[5042]: 4ABA731F2A: to=<maynard@dryad.cs.utsa.edu>, relay=filter, delay=2, status=sent (dryad.cs.utsa.edu)
Jan 17 00:39:59 dryad postfix/pickup[4866]: 6AA0F31F2D: uid=12455 from=<terryhooper_ml@bigpond.com>
Jan 17 00:39:59 dryad postfix/cleanup[5040]: 6AA0F31F2D: message-id=<1169014873.4453@bigpond.com>
Jan 17 00:39:59 dryad postfix/qmgr[179]: 6AA0F31F2D: from=<terryhooper_ml@bigpond.com>, size=1635, nrcpt=1 (queue active)
Jan 17 00:40:00 dryad postfix/local[5048]: 6AA0F31F2D: to=<maynard@localhost.cs.utsa.edu>, relay=local, delay=1, status=sent ("|/usr/local/bin/maildrop -d "$USER" -f "$SENDER" "$EXTENSION"")
Jan 17 00:57:46 dryad postfix/smtpd[5075]: connect from mail0.cs.utsa.edu[129.115.29.4]
Jan 17 00:57:46 dryad postfix/smtpd[5075]: 5808931F2A: client=mail0.cs.utsa.edu[129.115.29.4]
Jan 17 00:57:46 dryad postfix/cleanup[5076]: 5808931F2A: message-id=<359535982.1169017011988.JavaMail.SYSTEM@sr-v3bescach001>
Jan 17 00:57:46 dryad postfix/smtpd[5075]: disconnect from mail0.cs.utsa.edu[129.115.29.4]
Jan 17 00:57:46 dryad postfix/qmgr[179]: 5808931F2A: from=<bidconfirm@ebay.com>, size=5293, nrcpt=1 (queue active)
Jan 17 00:57:49 dryad postfix/pickup[5065]: 9F02131F2D: uid=12455 from=<bidconfirm@ebay.com>
Jan 17 00:57:49 dryad postfix/cleanup[5076]: 9F02131F2D: message-id=<359535982.1169017011988.JavaMail.SYSTEM@sr-v3bescach001>
Jan 17 00:57:49 dryad postfix/qmgr[179]: 9F02131F2D: from=<bidconfirm@ebay.com>, size=5412, nrcpt=1 (queue active)
Jan 17 00:57:49 dryad postfix/pipe[5078]: 5808931F2A: to=<maynard@dryad.cs.utsa.edu>, relay=filter, delay=3, status=sent (dryad.cs.utsa.edu)
Jan 17 00:57:50 dryad postfix/local[5084]: 9F02131F2D: to=<maynard@localhost.cs.utsa.edu>, relay=local, delay=1, status=sent ("|/usr/local/bin/maildrop -d "$USER" -f "$SENDER" "$EXTENSION"")
Jan 17 00:58:08 dryad postfix/smtpd[5075]: connect from mail0.cs.utsa.edu[129.115.29.4]
Jan 17 00:58:08 dryad postfix/smtpd[5075]: B4EE231F2A: client=mail0.cs.utsa.edu[129.115.29.4]
Jan 17 00:58:08 dryad postfix/cleanup[5076]: B4EE231F2A: message-id=<5f8eae4a034aa307d7@[172.20.20.153]>
Jan 17 00:58:08 dryad postfix/smtpd[5075]: disconnect from mail0.cs.utsa.edu[129.115.29.4]
Jan 17 00:58:09 dryad postfix/qmgr[179]: B4EE231F2A: from=<auction.messages@channeladvisor.com>, size=5968, nrcpt=1 (queue active)
Jan 17 00:58:12 dryad postfix/pickup[5065]: 18D8831F2D: uid=12455 from=<auction.messages@channeladvisor.com>
Jan 17 00:58:12 dryad postfix/pipe[5078]: B4EE231F2A: to=<maynard@dryad.cs.utsa.edu>, relay=filter, delay=4, status=sent (dryad.cs.utsa.edu)
Jan 17 00:58:12 dryad postfix/cleanup[5076]: 18D8831F2D: message-id=<5f8eae4a034aa307d7@[172.20.20.153]>
Jan 17 00:58:12 dryad postfix/qmgr[179]: 18D8831F2D: from=<auction.messages@channeladvisor.com>, size=6155, nrcpt=1 (queue active)
Jan 17 00:58:12 dryad postfix/local[5084]: 18D8831F2D: to=<maynard@localhost.cs.utsa.edu>, relay=local, delay=0, status=sent ("|/usr/local/bin/maildrop -d "$USER" -f "$SENDER" "$EXTENSION"")
Jan 17 01:00:01 dryad postfix/smtpd[5100]: connect from exely.cs.utsa.edu[129.115.27.33]
Jan 17 01:00:01 dryad postfix/smtpd[5100]: 5401231F2A: client=exely.cs.utsa.edu[129.115.27.33]
Jan 17 01:00:01 dryad postfix/cleanup[5101]: 5401231F2A: message-id=<20070117070000.CA6817F1F@exely.cs.utsa.edu>
Jan 17 01:00:01 dryad postfix/qmgr[179]: 5401231F2A: from=<root@exely.cs.utsa.edu>, size=3754, nrcpt=1 (queue active)
Jan 17 01:00:01 dryad postfix/smtpd[5100]: disconnect from exely.cs.utsa.edu[129.115.27.33]
Jan 17 01:00:03 dryad postfix/pickup[5065]: 98FC331F2D: uid=12455 from=<root@exely.cs.utsa.edu>
Jan 17 01:00:03 dryad postfix/cleanup[5101]: 98FC331F2D: message-id=<20070117070000.CA6817F1F@exely.cs.utsa.edu>
Jan 17 01:00:03 dryad postfix/pipe[5103]: 5401231F2A: to=<maynard@dryad.cs.utsa.edu>, relay=filter, delay=2, status=sent (dryad.cs.utsa.edu)
Jan 17 01:00:03 dryad postfix/qmgr[179]: 98FC331F2D: from=<root@exely.cs.utsa.edu>, size=3940, nrcpt=1 (queue active)
Jan 17 01:00:04 dryad postfix/local[5114]: 98FC331F2D: to=<maynard@localhost.cs.utsa.edu>, relay=local, delay=1, status=sent ("|/usr/local/bin/maildrop -d "$USER" -f "$SENDER" "$EXTENSION"")
Jan 17 01:00:09 dryad postfix/pickup[5065]: 230EF31F2A: uid=0 from=<root>
Jan 17 01:00:09 dryad postfix/cleanup[5101]: 230EF31F2A: message-id=<20070117070009.230EF31F2A@dryad.cs.utsa.edu>
Jan 17 01:00:09 dryad postfix/qmgr[179]: 230EF31F2A: from=<root@cs.utsa.edu>, size=2521, nrcpt=1 (queue active)
Jan 17 01:00:09 dryad postfix/smtp[5128]: 230EF31F2A: to=<maynard@cs.utsa.edu>, relay=mail0.cs.utsa.edu[129.115.29.4], delay=0, status=sent (250 Ok: queued as E00BD296D)
Jan 17 01:00:10 dryad postfix/smtpd[5100]: connect from mail0.cs.utsa.edu[129.115.29.4]
Jan 17 01:00:10 dryad postfix/smtpd[5100]: 049C331F2A: client=mail0.cs.utsa.edu[129.115.29.4]
Jan 17 01:00:10 dryad postfix/cleanup[5101]: 049C331F2A: message-id=<20070117070009.230EF31F2A@dryad.cs.utsa.edu>
Jan 17 01:00:10 dryad postfix/smtpd[5100]: disconnect from mail0.cs.utsa.edu[129.115.29.4]
Jan 17 01:00:10 dryad postfix/qmgr[179]: 049C331F2A: from=<root@cs.utsa.edu>, size=3046, nrcpt=1 (queue active)
Jan 17 01:00:11 dryad postfix/pipe[5103]: 049C331F2A: to=<maynard@dryad.cs.utsa.edu>, relay=filter, delay=1, status=sent (dryad.cs.utsa.edu)
Jan 17 01:00:11 dryad postfix/pickup[5065]: 474C531F2D: uid=12455 from=<root@cs.utsa.edu>
Jan 17 01:00:11 dryad postfix/cleanup[5101]: 474C531F2D: message-id=<20070117070009.230EF31F2A@dryad.cs.utsa.edu>
Jan 17 01:00:11 dryad postfix/qmgr[179]: 474C531F2D: from=<root@cs.utsa.edu>, size=3232, nrcpt=1 (queue active)
Jan 17 01:00:11 dryad postfix/local[5114]: 474C531F2D: to=<maynard@localhost.cs.utsa.edu>, relay=local, delay=0, status=sent ("|/usr/local/bin/maildrop -d "$USER" -f "$SENDER" "$EXTENSION"")
Jan 17 01:02:23 dryad postfix/smtpd[5139]: connect from mail0.cs.utsa.edu[129.115.29.4]
Jan 17 01:02:23 dryad postfix/smtpd[5140]: connect from mail0.cs.utsa.edu[129.115.29.4]
Jan 17 01:02:23 dryad postfix/smtpd[5140]: 866F631F2A: client=mail0.cs.utsa.edu[129.115.29.4]
Jan 17 01:02:23 dryad postfix/cleanup[5141]: 866F631F2A: message-id=<5f92b86703d30207d7@[172.20.20.154]>
Jan 17 01:02:23 dryad postfix/smtpd[5140]: disconnect from mail0.cs.utsa.edu[129.115.29.4]
Jan 17 01:02:23 dryad postfix/smtpd[5139]: B696F31F2D: client=mail0.cs.utsa.edu[129.115.29.4]
Jan 17 01:02:23 dryad postfix/cleanup[5141]: B696F31F2D: message-id=<5f92b73e03d30107d7@[172.20.20.154]>
Jan 17 01:02:23 dryad postfix/smtpd[5139]: disconnect from mail0.cs.utsa.edu[129.115.29.4]
Jan 17 01:02:24 dryad postfix/qmgr[179]: B696F31F2D: from=<auction.messages@channeladvisor.com>, size=4203, nrcpt=1 (queue active)
Jan 17 01:02:24 dryad postfix/qmgr[179]: 866F631F2A: from=<auction.messages@channeladvisor.com>, size=1829, nrcpt=1 (queue active)
Jan 17 01:02:26 dryad postfix/pickup[5065]: 98DC331F32: uid=12455 from=<auction.messages@channeladvisor.com>
Jan 17 01:02:26 dryad postfix/cleanup[5141]: 98DC331F32: message-id=<5f92b86703d30207d7@[172.20.20.154]>
Jan 17 01:02:26 dryad postfix/qmgr[179]: 98DC331F32: from=<auction.messages@channeladvisor.com>, size=2016, nrcpt=1 (queue active)
Jan 17 01:02:26 dryad postfix/pipe[5147]: 866F631F2A: to=<maynard@dryad.cs.utsa.edu>, relay=filter, delay=3, status=sent (dryad.cs.utsa.edu)
Jan 17 01:02:27 dryad postfix/pipe[5143]: B696F31F2D: to=<maynard@dryad.cs.utsa.edu>, relay=filter, delay=4, status=sent (dryad.cs.utsa.edu)
Jan 17 01:02:27 dryad postfix/pickup[5065]: 14EA231F33: uid=12455 from=<auction.messages@channeladvisor.com>
Jan 17 01:02:27 dryad postfix/cleanup[5142]: 14EA231F33: message-id=<5f92b73e03d30107d7@[172.20.20.154]>
Jan 17 01:02:27 dryad postfix/qmgr[179]: 14EA231F33: from=<auction.messages@channeladvisor.com>, size=4393, nrcpt=1 (queue active)
Jan 17 01:02:28 dryad postfix/local[5155]: 98DC331F32: to=<maynard@localhost.cs.utsa.edu>, relay=local, delay=2, status=sent ("|/usr/local/bin/maildrop -d "$USER" -f "$SENDER" "$EXTENSION"")
Jan 17 01:02:28 dryad postfix/local[5156]: 14EA231F33: to=<maynard@localhost.cs.utsa.edu>, relay=local, delay=1, status=sent ("|/usr/local/bin/maildrop -d "$USER" -f "$SENDER" "$EXTENSION"")
Jan 17 01:02:43 dryad postfix/smtpd[5140]: connect from mail0.cs.utsa.edu[129.115.29.4]
Jan 17 01:02:43 dryad postfix/smtpd[5140]: 2A4E331F2A: client=mail0.cs.utsa.edu[129.115.29.4]
Jan 17 01:02:43 dryad postfix/cleanup[5141]: 2A4E331F2A: message-id=<1169017290.11969@paypal.com>
Jan 17 01:02:43 dryad postfix/smtpd[5140]: disconnect from mail0.cs.utsa.edu[129.115.29.4]
Jan 17 01:02:43 dryad postfix/qmgr[179]: 2A4E331F2A: from=<payment@paypal.com>, size=17456, nrcpt=1 (queue active)
Jan 17 01:02:45 dryad postfix/pipe[5147]: 2A4E331F2A: to=<maynard@dryad.cs.utsa.edu>, relay=filter, delay=2, status=sent (dryad.cs.utsa.edu)
Jan 17 01:02:45 dryad postfix/pickup[5065]: D51E031F2D: uid=12455 from=<payment@paypal.com>
Jan 17 01:02:45 dryad postfix/cleanup[5142]: D51E031F2D: message-id=<1169017290.11969@paypal.com>
Jan 17 01:02:46 dryad postfix/qmgr[179]: D51E031F2D: from=<payment@paypal.com>, size=17642, nrcpt=1 (queue active)
Jan 17 01:02:46 dryad postfix/local[5155]: D51E031F2D: to=<maynard@localhost.cs.utsa.edu>, relay=local, delay=1, status=sent ("|/usr/local/bin/maildrop -d "$USER" -f "$SENDER" "$EXTENSION"")
Jan 17 01:03:03 dryad postfix/smtpd[5139]: connect from mail0.cs.utsa.edu[129.115.29.4]
Jan 17 01:03:03 dryad postfix/smtpd[5139]: 2D1CA31F2A: client=mail0.cs.utsa.edu[129.115.29.4]
Jan 17 01:03:03 dryad postfix/cleanup[5141]: 2D1CA31F2A: message-id=<01c8580e$26eafd20$6c822ecf@933stocknews>
Jan 17 01:03:03 dryad postfix/smtpd[5139]: disconnect from mail0.cs.utsa.edu[129.115.29.4]
Jan 17 01:03:03 dryad postfix/qmgr[179]: 2D1CA31F2A: from=<ofjp@free.fr>, size=3209, nrcpt=1 (queue active)
Jan 17 01:03:05 dryad postfix/pipe[5143]: 2D1CA31F2A: to=<maynard@dryad.cs.utsa.edu>, relay=filter, delay=2, status=sent (dryad.cs.utsa.edu)
Jan 17 01:03:05 dryad postfix/pickup[5065]: 2CD4031F2D: uid=12455 from=<ofjp@free.fr>
Jan 17 01:03:05 dryad postfix/cleanup[5142]: 2CD4031F2D: message-id=<01c8580e$26eafd20$6c822ecf@933stocknews>
Jan 17 01:03:05 dryad postfix/qmgr[179]: 2CD4031F2D: from=<ofjp@free.fr>, size=3396, nrcpt=1 (queue active)
Jan 17 01:03:06 dryad postfix/local[5156]: 2CD4031F2D: to=<maynard@localhost.cs.utsa.edu>, relay=local, delay=1, status=sent ("|/usr/local/bin/maildrop -d "$USER" -f "$SENDER" "$EXTENSION"")
Jan 17 01:05:16 dryad postfix/pickup[5065]: B033131F2A: uid=511 from=<maynard>
Jan 17 01:05:16 dryad postfix/cleanup[5203]: B033131F2A: message-id=<20070117070516.B033131F2A@dryad.cs.utsa.edu>
Jan 17 01:05:16 dryad postfix/qmgr[179]: B033131F2A: from=<maynard@cs.utsa.edu>, size=400, nrcpt=1 (queue active)
Jan 17 01:05:17 dryad postfix/smtp[5204]: B033131F2A: to=<Michael.Reneau@usaa.com>, relay=prodmx2.usaa.com[167.24.101.203], delay=1, status=sent (250 2.0.0 l0H75HOW006096 Message accepted for delivery)
Jan 17 01:13:21 dryad postfix/pickup[5065]: 5163431F2A: uid=0 from=<root>
Jan 17 01:13:21 dryad postfix/cleanup[5259]: 5163431F2A: message-id=<20070117071321.5163431F2A@dryad.cs.utsa.edu>
Jan 17 01:13:21 dryad postfix/qmgr[179]: 5163431F2A: from=<root@cs.utsa.edu>, size=461, nrcpt=1 (queue active)
Jan 17 01:13:22 dryad postfix/smtp[5261]: 5163431F2A: to=<root@cs.utsa.edu>, relay=mail0.cs.utsa.edu[129.115.29.4], delay=1, status=sent (250 Ok: queued as 423E8275E)
Jan 17 01:16:11 dryad postfix/smtpd[5265]: connect from mail0.cs.utsa.edu[129.115.29.4]
Jan 17 01:16:11 dryad postfix/smtpd[5265]: 407AA31F2A: client=mail0.cs.utsa.edu[129.115.29.4]
Jan 17 01:16:11 dryad postfix/cleanup[5266]: 407AA31F2A: message-id=<11186531.1169018107925.JavaMail.autopost@zebulon>
Jan 17 01:16:11 dryad postfix/smtpd[5265]: disconnect from mail0.cs.utsa.edu[129.115.29.4]
Jan 17 01:16:11 dryad postfix/qmgr[179]: 407AA31F2A: from=<auctionwarranty@squaretrade.com>, size=16268, nrcpt=1 (queue active)
Jan 17 01:16:14 dryad postfix/pickup[5065]: 122F031F2D: uid=12455 from=<auctionwarranty@squaretrade.com>
Jan 17 01:16:14 dryad postfix/cleanup[5266]: 122F031F2D: message-id=<11186531.1169018107925.JavaMail.autopost@zebulon>
Jan 17 01:16:14 dryad postfix/qmgr[179]: 122F031F2D: from=<auctionwarranty@squaretrade.com>, size=16455, nrcpt=1 (queue active)
Jan 17 01:16:14 dryad postfix/pipe[5267]: 407AA31F2A: to=<maynard@dryad.cs.utsa.edu>, relay=filter, delay=3, status=sent (dryad.cs.utsa.edu)
Jan 17 01:16:14 dryad postfix/local[5273]: 122F031F2D: to=<maynard@localhost.cs.utsa.edu>, relay=local, delay=0, status=sent ("|/usr/local/bin/maildrop -d "$USER" -f "$SENDER" "$EXTENSION"")
Jan 17 01:19:58 dryad postfix/smtpd[5282]: connect from 80-42-240-115.dynamic.dsl.as9105.com[80.42.240.115]
Jan 17 01:20:00 dryad postfix/smtpd[5282]: DA4F431F2A: client=80-42-240-115.dynamic.dsl.as9105.com[80.42.240.115]
Jan 17 01:20:02 dryad postfix/smtpd[5282]: reject: RCPT from 80-42-240-115.dynamic.dsl.as9105.com[80.42.240.115]: 550 <djimenez@dryad.cs.utsa.edu>: User unknown; from=<ourmortgagelender.com@nzetta.com> to=<djimenez@dryad.cs.utsa.edu>
Jan 17 01:20:07 dryad postfix/smtpd[5282]: lost connection after RCPT from 80-42-240-115.dynamic.dsl.as9105.com[80.42.240.115]
Jan 17 01:20:07 dryad postfix/smtpd[5282]: disconnect from 80-42-240-115.dynamic.dsl.as9105.com[80.42.240.115]
Jan 17 01:28:14 dryad postfix/smtpd[5294]: warning: 210.5.115.218: hostname 210.5.115.218.pldt.net verification failed: Host not found
Jan 17 01:28:14 dryad postfix/smtpd[5294]: connect from unknown[210.5.115.218]
Jan 17 01:28:15 dryad postfix/smtpd[5294]: C135631F2A: client=unknown[210.5.115.218]
Jan 17 01:28:16 dryad postfix/smtpd[5294]: reject: RCPT from unknown[210.5.115.218]: 550 <skalkarn@dryad.cs.utsa.edu>: User unknown; from=<ukupoi@n-mclaren.co.uk> to=<skalkarn@dryad.cs.utsa.edu>
Jan 17 01:28:21 dryad postfix/smtpd[5294]: lost connection after RCPT from unknown[210.5.115.218]
Jan 17 01:28:21 dryad postfix/smtpd[5294]: disconnect from unknown[210.5.115.218]
Jan 17 01:28:28 dryad postfix/smtpd[5294]: connect from mail0.cs.utsa.edu[129.115.29.4]
Jan 17 01:28:28 dryad postfix/smtpd[5294]: 38A7031F2A: client=mail0.cs.utsa.edu[129.115.29.4]
Jan 17 01:28:28 dryad postfix/cleanup[5295]: 38A7031F2A: message-id=<W0TH0560D01CFB83A163430D6496C0.1668.8019.pimailer23.SlingShot.1@nwemail.nwa.com>
Jan 17 01:28:28 dryad postfix/smtpd[5294]: disconnect from mail0.cs.utsa.edu[129.115.29.4]
Jan 17 01:28:28 dryad postfix/qmgr[179]: 38A7031F2A: from=<bounce@nwemail.nwa.com>, size=35778, nrcpt=1 (queue active)
Jan 17 01:28:31 dryad postfix/pickup[5065]: 2ECF331F2D: uid=12455 from=<bounce@nwemail.nwa.com>
Jan 17 01:28:31 dryad postfix/cleanup[5295]: 2ECF331F2D: message-id=<W0TH0560D01CFB83A163430D6496C0.1668.8019.pimailer23.SlingShot.1@nwemail.nwa.com>
Jan 17 01:28:31 dryad postfix/pipe[5298]: 38A7031F2A: to=<maynard@dryad.cs.utsa.edu>, relay=filter, delay=3, status=sent (dryad.cs.utsa.edu)
Jan 17 01:28:31 dryad postfix/qmgr[179]: 2ECF331F2D: from=<bounce@nwemail.nwa.com>, size=35968, nrcpt=1 (queue active)
Jan 17 01:28:32 dryad postfix/local[5304]: 2ECF331F2D: to=<maynard@localhost.cs.utsa.edu>, relay=local, delay=1, status=sent ("|/usr/local/bin/maildrop -d "$USER" -f "$SENDER" "$EXTENSION"")
Jan 17 01:52:43 dryad postfix/smtpd[5337]: connect from unknown[212.200.25.162]
Jan 17 01:52:44 dryad postfix/smtpd[5337]: 78B1131F2A: client=unknown[212.200.25.162]
Jan 17 01:52:45 dryad postfix/smtpd[5337]: reject: RCPT from unknown[212.200.25.162]: 550 <djimenez@dryad.cs.utsa.edu>: User unknown; from=<chlorates@mikrovisions.com> to=<djimenez@dryad.cs.utsa.edu>
Jan 17 01:52:50 dryad postfix/smtpd[5337]: lost connection after RCPT from unknown[212.200.25.162]
Jan 17 01:52:50 dryad postfix/smtpd[5337]: disconnect from unknown[212.200.25.162]
Jan 17 02:00:01 dryad postfix/smtpd[5357]: connect from exely.cs.utsa.edu[129.115.27.33]
Jan 17 02:00:01 dryad postfix/smtpd[5357]: 7DED431F2A: client=exely.cs.utsa.edu[129.115.27.33]
Jan 17 02:00:01 dryad postfix/cleanup[5358]: 7DED431F2A: message-id=<20070117080000.DCAA37F1F@exely.cs.utsa.edu>
Jan 17 02:00:02 dryad postfix/smtpd[5357]: disconnect from exely.cs.utsa.edu[129.115.27.33]
Jan 17 02:00:02 dryad postfix/qmgr[179]: 7DED431F2A: from=<root@exely.cs.utsa.edu>, size=1799, nrcpt=1 (queue active)
Jan 17 02:00:03 dryad postfix/pickup[5065]: B67F931F2D: uid=12455 from=<root@exely.cs.utsa.edu>
Jan 17 02:00:03 dryad postfix/cleanup[5358]: B67F931F2D: message-id=<20070117080000.DCAA37F1F@exely.cs.utsa.edu>
Jan 17 02:00:03 dryad postfix/pipe[5362]: 7DED431F2A: to=<maynard@dryad.cs.utsa.edu>, relay=filter, delay=2, status=sent (dryad.cs.utsa.edu)
Jan 17 02:00:03 dryad postfix/qmgr[179]: B67F931F2D: from=<root@exely.cs.utsa.edu>, size=1985, nrcpt=1 (queue active)
Jan 17 02:00:04 dryad postfix/local[5368]: B67F931F2D: to=<maynard@localhost.cs.utsa.edu>, relay=local, delay=1, status=sent ("|/usr/local/bin/maildrop -d "$USER" -f "$SENDER" "$EXTENSION"")
Jan 17 02:00:09 dryad postfix/pickup[5065]: 551AF31F2A: uid=0 from=<root>
Jan 17 02:00:09 dryad postfix/cleanup[5358]: 551AF31F2A: message-id=<20070117080009.551AF31F2A@dryad.cs.utsa.edu>
Jan 17 02:00:09 dryad postfix/qmgr[179]: 551AF31F2A: from=<root@cs.utsa.edu>, size=3813, nrcpt=1 (queue active)
Jan 17 02:00:10 dryad postfix/smtp[5381]: 551AF31F2A: to=<maynard@cs.utsa.edu>, relay=mail0.cs.utsa.edu[129.115.29.4], delay=1, status=sent (250 Ok: queued as DC3AD275E)
Jan 17 02:00:10 dryad postfix/smtpd[5357]: connect from mail0.cs.utsa.edu[129.115.29.4]
Jan 17 02:00:10 dryad postfix/smtpd[5357]: 4211B31F2A: client=mail0.cs.utsa.edu[129.115.29.4]
Jan 17 02:00:10 dryad postfix/cleanup[5358]: 4211B31F2A: message-id=<20070117080009.551AF31F2A@dryad.cs.utsa.edu>
Jan 17 02:00:10 dryad postfix/smtpd[5357]: disconnect from mail0.cs.utsa.edu[129.115.29.4]
Jan 17 02:00:10 dryad postfix/qmgr[179]: 4211B31F2A: from=<root@cs.utsa.edu>, size=4338, nrcpt=1 (queue active)
Jan 17 02:00:11 dryad postfix/pickup[5065]: 9A13631F2D: uid=12455 from=<root@cs.utsa.edu>
Jan 17 02:00:11 dryad postfix/pipe[5362]: 4211B31F2A: to=<maynard@dryad.cs.utsa.edu>, relay=filter, delay=1, status=sent (dryad.cs.utsa.edu)
Jan 17 02:00:11 dryad postfix/cleanup[5358]: 9A13631F2D: message-id=<20070117080009.551AF31F2A@dryad.cs.utsa.edu>
Jan 17 02:00:11 dryad postfix/qmgr[179]: 9A13631F2D: from=<root@cs.utsa.edu>, size=4524, nrcpt=1 (queue active)
Jan 17 02:00:12 dryad postfix/local[5368]: 9A13631F2D: to=<maynard@localhost.cs.utsa.edu>, relay=local, delay=1, status=sent ("|/usr/local/bin/maildrop -d "$USER" -f "$SENDER" "$EXTENSION"")
Jan 17 02:04:57 dryad postfix/smtpd[5395]: connect from mail0.cs.utsa.edu[129.115.29.4]
Jan 17 02:04:58 dryad postfix/smtpd[5395]: 1C43A31F2A: client=mail0.cs.utsa.edu[129.115.29.4]
Jan 17 02:04:58 dryad postfix/cleanup[5396]: 1C43A31F2A: message-id=<233311720.1169017025593.JavaMail.SYSTEM@sj-v3eoa37>
Jan 17 02:04:58 dryad postfix/smtpd[5395]: disconnect from mail0.cs.utsa.edu[129.115.29.4]
Jan 17 02:04:58 dryad postfix/qmgr[179]: 1C43A31F2A: from=<endofitem@ebay.com>, size=6095, nrcpt=1 (queue active)
Jan 17 02:05:00 dryad postfix/pickup[5065]: 2BA0331F2D: uid=12455 from=<endofitem@ebay.com>
Jan 17 02:05:00 dryad postfix/pipe[5398]: 1C43A31F2A: to=<maynard@dryad.cs.utsa.edu>, relay=filter, delay=2, status=sent (dryad.cs.utsa.edu)
Jan 17 02:05:00 dryad postfix/cleanup[5396]: 2BA0331F2D: message-id=<233311720.1169017025593.JavaMail.SYSTEM@sj-v3eoa37>
Jan 17 02:05:00 dryad postfix/qmgr[179]: 2BA0331F2D: from=<endofitem@ebay.com>, size=6214, nrcpt=1 (queue active)
Jan 17 02:05:01 dryad postfix/local[5406]: 2BA0331F2D: to=<maynard@localhost.cs.utsa.edu>, relay=local, delay=1, status=sent ("|/usr/local/bin/maildrop -d "$USER" -f "$SENDER" "$EXTENSION"")
Jan 17 02:06:43 dryad postfix/smtpd[5412]: connect from mail0.cs.utsa.edu[129.115.29.4]
Jan 17 02:06:43 dryad postfix/smtpd[5412]: C517131F2A: client=mail0.cs.utsa.edu[129.115.29.4]
Jan 17 02:06:43 dryad postfix/cleanup[5413]: C517131F2A: message-id=<3CCEA32DFF043C4CB99B835557E11B301664C732@ex02.eagle.usaa.com>
Jan 17 02:06:43 dryad postfix/smtpd[5412]: disconnect from mail0.cs.utsa.edu[129.115.29.4]
Jan 17 02:06:44 dryad postfix/qmgr[179]: C517131F2A: from=<Michael.Reneau@usaa.com>, size=2204, nrcpt=1 (queue active)
Jan 17 02:06:45 dryad postfix/pipe[5414]: C517131F2A: to=<maynard@dryad.cs.utsa.edu>, relay=filter, delay=2, status=sent (dryad.cs.utsa.edu)
Jan 17 02:06:45 dryad postfix/pickup[5065]: 532EC31F2D: uid=12455 from=<Michael.Reneau@usaa.com>
Jan 17 02:06:45 dryad postfix/cleanup[5413]: 532EC31F2D: message-id=<3CCEA32DFF043C4CB99B835557E11B301664C732@ex02.eagle.usaa.com>
Jan 17 02:06:45 dryad postfix/qmgr[179]: 532EC31F2D: from=<Michael.Reneau@usaa.com>, size=2390, nrcpt=1 (queue active)
Jan 17 02:06:46 dryad postfix/local[5420]: 532EC31F2D: to=<maynard@localhost.cs.utsa.edu>, relay=local, delay=1, status=sent ("|/usr/local/bin/maildrop -d "$USER" -f "$SENDER" "$EXTENSION"")
Jan 17 02:13:22 dryad postfix/pickup[5430]: 2547631F2A: uid=0 from=<root>
Jan 17 02:13:22 dryad postfix/cleanup[5442]: 2547631F2A: message-id=<20070117081321.2547631F2A@dryad.cs.utsa.edu>
Jan 17 02:13:22 dryad postfix/qmgr[179]: 2547631F2A: from=<root@cs.utsa.edu>, size=461, nrcpt=1 (queue active)
Jan 17 02:13:22 dryad postfix/smtp[5444]: 2547631F2A: to=<root@cs.utsa.edu>, relay=mail0.cs.utsa.edu[129.115.29.4], delay=1, status=sent (250 Ok: queued as F1AAB275E)
Jan 17 02:18:33 dryad postfix/smtpd[5451]: connect from mail0.cs.utsa.edu[129.115.29.4]
Jan 17 02:18:34 dryad postfix/smtpd[5451]: E97FA31F2A: client=mail0.cs.utsa.edu[129.115.29.4]
Jan 17 02:18:34 dryad postfix/cleanup[5452]: E97FA31F2A: message-id=<01c73a10$12bd6bc0$6c822ecf@bdejong>
Jan 17 02:18:34 dryad postfix/smtpd[5451]: disconnect from mail0.cs.utsa.edu[129.115.29.4]
Jan 17 02:18:34 dryad postfix/qmgr[179]: E97FA31F2A: from=<bdejong@allwest.net>, size=2137, nrcpt=1 (queue active)
Jan 17 02:18:35 dryad postfix/pipe[5454]: E97FA31F2A: to=<maynard@dryad.cs.utsa.edu>, relay=filter, delay=1, status=sent (dryad.cs.utsa.edu)
Jan 17 02:18:35 dryad postfix/pickup[5430]: BF09031F2D: uid=12455 from=<bdejong@allwest.net>
Jan 17 02:18:35 dryad postfix/cleanup[5452]: BF09031F2D: message-id=<01c73a10$12bd6bc0$6c822ecf@bdejong>
Jan 17 02:18:36 dryad postfix/qmgr[179]: BF09031F2D: from=<bdejong@allwest.net>, size=2324, nrcpt=1 (queue active)
Jan 17 02:18:36 dryad postfix/local[5460]: BF09031F2D: to=<maynard@localhost.cs.utsa.edu>, relay=local, delay=1, status=sent ("|/usr/local/bin/maildrop -d "$USER" -f "$SENDER" "$EXTENSION"")
Jan 17 02:45:14 dryad postfix/smtpd[5497]: connect from mail0.cs.utsa.edu[129.115.29.4]
Jan 17 02:45:14 dryad postfix/smtpd[5497]: B26B531F2A: client=mail0.cs.utsa.edu[129.115.29.4]
Jan 17 02:45:15 dryad postfix/cleanup[5498]: B26B531F2A: message-id=<01c73a13$cf59ffc0$6c822ecf@james.quirk>
Jan 17 02:45:15 dryad postfix/qmgr[179]: B26B531F2A: from=<james.quirk@nf.sympatico.ca>, size=2220, nrcpt=1 (queue active)
Jan 17 02:45:15 dryad postfix/smtpd[5497]: disconnect from mail0.cs.utsa.edu[129.115.29.4]
Jan 17 02:45:16 dryad postfix/pickup[5430]: 78A0231F2D: uid=12455 from=<james.quirk@nf.sympatico.ca>
Jan 17 02:45:16 dryad postfix/cleanup[5498]: 78A0231F2D: message-id=<01c73a13$cf59ffc0$6c822ecf@james.quirk>
Jan 17 02:45:16 dryad postfix/pipe[5500]: B26B531F2A: to=<maynard@dryad.cs.utsa.edu>, relay=filter, delay=2, status=sent (dryad.cs.utsa.edu)
Jan 17 02:45:16 dryad postfix/qmgr[179]: 78A0231F2D: from=<james.quirk@nf.sympatico.ca>, size=2407, nrcpt=1 (queue active)
Jan 17 02:45:17 dryad postfix/local[5506]: 78A0231F2D: to=<maynard@localhost.cs.utsa.edu>, relay=local, delay=1, status=sent ("|/usr/local/bin/maildrop -d "$USER" -f "$SENDER" "$EXTENSION"")
Jan 17 03:00:01 dryad postfix/smtpd[5537]: connect from exely.cs.utsa.edu[129.115.27.33]
Jan 17 03:00:02 dryad postfix/smtpd[5537]: 2BAEE31F2A: client=exely.cs.utsa.edu[129.115.27.33]
Jan 17 03:00:02 dryad postfix/cleanup[5538]: 2BAEE31F2A: message-id=<20070117090001.861D37F1F@exely.cs.utsa.edu>
Jan 17 03:00:02 dryad postfix/smtpd[5537]: disconnect from exely.cs.utsa.edu[129.115.27.33]
Jan 17 03:00:02 dryad postfix/qmgr[179]: 2BAEE31F2A: from=<root@exely.cs.utsa.edu>, size=1935, nrcpt=1 (queue active)
Jan 17 03:00:04 dryad postfix/pickup[5430]: 3437631F2D: uid=12455 from=<root@exely.cs.utsa.edu>
Jan 17 03:00:04 dryad postfix/cleanup[5538]: 3437631F2D: message-id=<20070117090001.861D37F1F@exely.cs.utsa.edu>
Jan 17 03:00:04 dryad postfix/pipe[5540]: 2BAEE31F2A: to=<maynard@dryad.cs.utsa.edu>, relay=filter, delay=2, status=sent (dryad.cs.utsa.edu)
Jan 17 03:00:04 dryad postfix/qmgr[179]: 3437631F2D: from=<root@exely.cs.utsa.edu>, size=2121, nrcpt=1 (queue active)
Jan 17 03:00:05 dryad postfix/local[5546]: 3437631F2D: to=<maynard@localhost.cs.utsa.edu>, relay=local, delay=1, status=sent ("|/usr/local/bin/maildrop -d "$USER" -f "$SENDER" "$EXTENSION"")
Jan 17 03:00:08 dryad postfix/pickup[5430]: 9B78E31F2A: uid=0 from=<root>
Jan 17 03:00:08 dryad postfix/cleanup[5538]: 9B78E31F2A: message-id=<20070117090008.9B78E31F2A@dryad.cs.utsa.edu>
Jan 17 03:00:08 dryad postfix/qmgr[179]: 9B78E31F2A: from=<root@cs.utsa.edu>, size=2011, nrcpt=1 (queue active)
Jan 17 03:00:09 dryad postfix/smtp[5558]: 9B78E31F2A: to=<maynard@cs.utsa.edu>, relay=mail0.cs.utsa.edu[129.115.29.4], delay=1, status=sent (250 Ok: queued as 1B442275E)
Jan 17 03:00:09 dryad postfix/smtpd[5537]: connect from mail0.cs.utsa.edu[129.115.29.4]
Jan 17 03:00:09 dryad postfix/smtpd[5537]: E3D0631F2A: client=mail0.cs.utsa.edu[129.115.29.4]
Jan 17 03:00:10 dryad postfix/cleanup[5538]: E3D0631F2A: message-id=<20070117090008.9B78E31F2A@dryad.cs.utsa.edu>
Jan 17 03:00:10 dryad postfix/smtpd[5537]: disconnect from mail0.cs.utsa.edu[129.115.29.4]
Jan 17 03:00:10 dryad postfix/qmgr[179]: E3D0631F2A: from=<root@cs.utsa.edu>, size=2536, nrcpt=1 (queue active)
Jan 17 03:00:11 dryad postfix/pickup[5430]: 1662031F2D: uid=12455 from=<root@cs.utsa.edu>
Jan 17 03:00:11 dryad postfix/cleanup[5538]: 1662031F2D: message-id=<20070117090008.9B78E31F2A@dryad.cs.utsa.edu>
Jan 17 03:00:11 dryad postfix/pipe[5540]: E3D0631F2A: to=<maynard@dryad.cs.utsa.edu>, relay=filter, delay=2, status=sent (dryad.cs.utsa.edu)
Jan 17 03:00:11 dryad postfix/qmgr[179]: 1662031F2D: from=<root@cs.utsa.edu>, size=2722, nrcpt=1 (queue active)
Jan 17 03:00:11 dryad postfix/local[5546]: 1662031F2D: to=<maynard@localhost.cs.utsa.edu>, relay=local, delay=0, status=sent ("|/usr/local/bin/maildrop -d "$USER" -f "$SENDER" "$EXTENSION"")
Jan 17 03:13:21 dryad postfix/pickup[5430]: 9AC8B31F2A: uid=0 from=<root>
Jan 17 03:13:21 dryad postfix/cleanup[5596]: 9AC8B31F2A: message-id=<20070117091321.9AC8B31F2A@dryad.cs.utsa.edu>
Jan 17 03:13:21 dryad postfix/qmgr[179]: 9AC8B31F2A: from=<root@cs.utsa.edu>, size=461, nrcpt=1 (queue active)
Jan 17 03:13:22 dryad postfix/smtp[5598]: 9AC8B31F2A: to=<root@cs.utsa.edu>, relay=mail0.cs.utsa.edu[129.115.29.4], delay=1, status=sent (250 Ok: queued as 01335275E)
Jan 17 03:36:56 dryad postfix/smtpd[5628]: connect from mail0.cs.utsa.edu[129.115.29.4]
Jan 17 03:36:56 dryad postfix/smtpd[5628]: D495831F2A: client=mail0.cs.utsa.edu[129.115.29.4]
Jan 17 03:36:57 dryad postfix/cleanup[5629]: D495831F2A: message-id=<EDEIKDDAOHGGIJPLFOBKGEKJJFAA.editor@associations-update.com>
Jan 17 03:36:57 dryad postfix/smtpd[5628]: disconnect from mail0.cs.utsa.edu[129.115.29.4]
Jan 17 03:36:57 dryad postfix/qmgr[179]: D495831F2A: from=<editor@associations-update.com>, size=3263, nrcpt=1 (queue active)
Jan 17 03:36:58 dryad postfix/pickup[5430]: D4FEC31F2D: uid=12455 from=<editor@associations-update.com>
Jan 17 03:36:58 dryad postfix/cleanup[5629]: D4FEC31F2D: message-id=<EDEIKDDAOHGGIJPLFOBKGEKJJFAA.editor@associations-update.com>
Jan 17 03:36:58 dryad postfix/qmgr[179]: D4FEC31F2D: from=<editor@associations-update.com>, size=3453, nrcpt=1 (queue active)
Jan 17 03:36:59 dryad postfix/pipe[5631]: D495831F2A: to=<maynard@dryad.cs.utsa.edu>, relay=filter, delay=3, status=sent (dryad.cs.utsa.edu)
Jan 17 03:36:59 dryad postfix/local[5637]: D4FEC31F2D: to=<maynard@localhost.cs.utsa.edu>, relay=local, delay=1, status=sent ("|/usr/local/bin/maildrop -d "$USER" -f "$SENDER" "$EXTENSION"")
Jan 17 04:00:01 dryad postfix/smtpd[5679]: connect from exely.cs.utsa.edu[129.115.27.33]
Jan 17 04:00:02 dryad postfix/smtpd[5679]: 1F78A31F2A: client=exely.cs.utsa.edu[129.115.27.33]
Jan 17 04:00:02 dryad postfix/cleanup[5680]: 1F78A31F2A: message-id=<20070117100001.408317F1F@exely.cs.utsa.edu>
Jan 17 04:00:02 dryad postfix/smtpd[5679]: disconnect from exely.cs.utsa.edu[129.115.27.33]
Jan 17 04:00:02 dryad postfix/qmgr[179]: 1F78A31F2A: from=<root@exely.cs.utsa.edu>, size=2009, nrcpt=1 (queue active)
Jan 17 04:00:04 dryad postfix/pipe[5682]: 1F78A31F2A: to=<maynard@dryad.cs.utsa.edu>, relay=filter, delay=2, status=sent (dryad.cs.utsa.edu)
Jan 17 04:00:04 dryad postfix/pickup[5649]: 577AF31F2D: uid=12455 from=<root@exely.cs.utsa.edu>
Jan 17 04:00:04 dryad postfix/cleanup[5680]: 577AF31F2D: message-id=<20070117100001.408317F1F@exely.cs.utsa.edu>
Jan 17 04:00:04 dryad postfix/qmgr[179]: 577AF31F2D: from=<root@exely.cs.utsa.edu>, size=2195, nrcpt=1 (queue active)
Jan 17 04:00:05 dryad postfix/local[5688]: 577AF31F2D: to=<maynard@localhost.cs.utsa.edu>, relay=local, delay=1, status=sent ("|/usr/local/bin/maildrop -d "$USER" -f "$SENDER" "$EXTENSION"")
Jan 17 04:00:08 dryad postfix/pickup[5649]: 6E5CC31F2A: uid=0 from=<root>
Jan 17 04:00:08 dryad postfix/cleanup[5680]: 6E5CC31F2A: message-id=<20070117100008.6E5CC31F2A@dryad.cs.utsa.edu>
Jan 17 04:00:08 dryad postfix/qmgr[179]: 6E5CC31F2A: from=<root@cs.utsa.edu>, size=1582, nrcpt=1 (queue active)
Jan 17 04:00:09 dryad postfix/smtp[5700]: 6E5CC31F2A: to=<maynard@cs.utsa.edu>, relay=mail0.cs.utsa.edu[129.115.29.4], delay=1, status=sent (250 Ok: queued as 93E5B275E)
Jan 17 04:00:09 dryad postfix/smtpd[5679]: connect from mail0.cs.utsa.edu[129.115.29.4]
Jan 17 04:00:10 dryad postfix/smtpd[5679]: F1BA431F2A: client=mail0.cs.utsa.edu[129.115.29.4]
Jan 17 04:00:10 dryad postfix/cleanup[5680]: F1BA431F2A: message-id=<20070117100008.6E5CC31F2A@dryad.cs.utsa.edu>
Jan 17 04:00:10 dryad postfix/smtpd[5679]: disconnect from mail0.cs.utsa.edu[129.115.29.4]
Jan 17 04:00:10 dryad postfix/qmgr[179]: F1BA431F2A: from=<root@cs.utsa.edu>, size=2107, nrcpt=1 (queue active)
Jan 17 04:00:11 dryad postfix/pickup[5649]: 2BCBF31F2D: uid=12455 from=<root@cs.utsa.edu>
Jan 17 04:00:11 dryad postfix/cleanup[5680]: 2BCBF31F2D: message-id=<20070117100008.6E5CC31F2A@dryad.cs.utsa.edu>
Jan 17 04:00:11 dryad postfix/pipe[5682]: F1BA431F2A: to=<maynard@dryad.cs.utsa.edu>, relay=filter, delay=1, status=sent (dryad.cs.utsa.edu)
Jan 17 04:00:11 dryad postfix/qmgr[179]: 2BCBF31F2D: from=<root@cs.utsa.edu>, size=2293, nrcpt=1 (queue active)
Jan 17 04:00:11 dryad postfix/local[5688]: 2BCBF31F2D: to=<maynard@localhost.cs.utsa.edu>, relay=local, delay=0, status=sent ("|/usr/local/bin/maildrop -d "$USER" -f "$SENDER" "$EXTENSION"")
Jan 17 04:04:08 dryad postfix/smtpd[5714]: connect from mail0.cs.utsa.edu[129.115.29.4]
Jan 17 04:04:08 dryad postfix/smtpd[5714]: 3DB4031F2A: client=mail0.cs.utsa.edu[129.115.29.4]
Jan 17 04:04:08 dryad postfix/cleanup[5715]: 3DB4031F2A: message-id=<758660590.88025545733491@thebat.net>
Jan 17 04:04:08 dryad postfix/smtpd[5714]: disconnect from mail0.cs.utsa.edu[129.115.29.4]
Jan 17 04:04:08 dryad postfix/qmgr[179]: 3DB4031F2A: from=<fotelephenuto@elephen.com>, size=2297, nrcpt=1 (queue active)
Jan 17 04:04:10 dryad postfix/pipe[5717]: 3DB4031F2A: to=<maynard@dryad.cs.utsa.edu>, relay=filter, delay=2, status=sent (dryad.cs.utsa.edu)
Jan 17 04:04:10 dryad postfix/pickup[5649]: 1EED431F2D: uid=12455 from=<fotelephenuto@elephen.com>
Jan 17 04:04:10 dryad postfix/cleanup[5715]: 1EED431F2D: message-id=<758660590.88025545733491@thebat.net>
Jan 17 04:04:10 dryad postfix/qmgr[179]: 1EED431F2D: from=<fotelephenuto@elephen.com>, size=2484, nrcpt=1 (queue active)
Jan 17 04:04:10 dryad postfix/local[5723]: 1EED431F2D: to=<maynard@localhost.cs.utsa.edu>, relay=local, delay=0, status=sent ("|/usr/local/bin/maildrop -d "$USER" -f "$SENDER" "$EXTENSION"")
Jan 17 04:13:21 dryad postfix/pickup[5649]: 58C7F31F2A: uid=0 from=<root>
Jan 17 04:13:21 dryad postfix/cleanup[5749]: 58C7F31F2A: message-id=<20070117101321.58C7F31F2A@dryad.cs.utsa.edu>
Jan 17 04:13:21 dryad postfix/qmgr[179]: 58C7F31F2A: from=<root@cs.utsa.edu>, size=461, nrcpt=1 (queue active)
Jan 17 04:13:22 dryad postfix/smtp[5751]: 58C7F31F2A: to=<root@cs.utsa.edu>, relay=mail0.cs.utsa.edu[129.115.29.4], delay=1, status=sent (250 Ok: queued as AD6C32A43)
Jan 17 04:29:17 dryad postfix/smtpd[5772]: connect from mail0.cs.utsa.edu[129.115.29.4]
Jan 17 04:29:17 dryad postfix/smtpd[5772]: B1BF331F2A: client=mail0.cs.utsa.edu[129.115.29.4]
Jan 17 04:29:18 dryad postfix/cleanup[5773]: B1BF331F2A: message-id=<.AAA-merchandizing-26712,1687.1169029701@retail-mail-app-5106.iad5.amazon.com>
Jan 17 04:29:18 dryad postfix/smtpd[5772]: disconnect from mail0.cs.utsa.edu[129.115.29.4]
Jan 17 04:29:18 dryad postfix/qmgr[179]: B1BF331F2A: from=<emailSenderApp+VNMC1LY7RJ4Z-3RLYNW0HKMKS8-23DS2MUNDXFYP@bounces.amazon.com>, size=15234, nrcpt=1 (queue active)
Jan 17 04:29:20 dryad postfix/pickup[5649]: 0A2BA31F2D: uid=12455 from=<emailSenderApp+VNMC1LY7RJ4Z-3RLYNW0HKMKS8-23DS2MUNDXFYP@bounces.amazon.com>
Jan 17 04:29:20 dryad postfix/cleanup[5773]: 0A2BA31F2D: message-id=<.AAA-merchandizing-26712,1687.1169029701@retail-mail-app-5106.iad5.amazon.com>
Jan 17 04:29:20 dryad postfix/pipe[5775]: B1BF331F2A: to=<maynard@dryad.cs.utsa.edu>, relay=filter, delay=3, status=sent (dryad.cs.utsa.edu)
Jan 17 04:29:20 dryad postfix/qmgr[179]: 0A2BA31F2D: from=<emailSenderApp+VNMC1LY7RJ4Z-3RLYNW0HKMKS8-23DS2MUNDXFYP@bounces.amazon.com>, size=15424, nrcpt=1 (queue active)
Jan 17 04:29:20 dryad postfix/local[5781]: 0A2BA31F2D: to=<maynard@localhost.cs.utsa.edu>, relay=local, delay=0, status=sent ("|/usr/local/bin/maildrop -d "$USER" -f "$SENDER" "$EXTENSION"")
Jan 17 04:30:01 dryad postfix/pickup[5649]: A4D2831F2A: uid=0 from=<root>
Jan 17 04:30:01 dryad postfix/cleanup[5773]: A4D2831F2A: message-id=<20070117103001.A4D2831F2A@dryad.cs.utsa.edu>
Jan 17 04:30:01 dryad postfix/qmgr[179]: A4D2831F2A: from=<root@cs.utsa.edu>, size=553, nrcpt=1 (queue active)
