Jan 16 05:00:04 dryad postfix/qmgr[179]: 64F0131F2A: from=<root@exely.cs.utsa.edu>, size=3022, nrcpt=1 (queue active)
Jan 16 05:00:06 dryad postfix/pipe[1895]: 64F0131F2A: to=<maynard@dryad.cs.utsa.edu>, relay=filter, delay=2, status=sent (dryad.cs.utsa.edu)
Jan 16 05:00:06 dryad postfix/pickup[1699]: CACA331F2D: uid=12455 from=<root@exely.cs.utsa.edu>
Jan 16 05:00:06 dryad postfix/cleanup[1893]: CACA331F2D: message-id=<20070116110000.78A077F1F@exely.cs.utsa.edu>
Jan 16 05:00:06 dryad postfix/qmgr[179]: CACA331F2D: from=<root@exely.cs.utsa.edu>, size=3208, nrcpt=1 (queue active)
Jan 16 05:00:07 dryad postfix/local[1901]: CACA331F2D: to=<maynard@localhost.cs.utsa.edu>, relay=local, delay=1, status=sent ("|/usr/local/bin/maildrop -d "$USER" -f "$SENDER" "$EXTENSION"")
Jan 16 05:00:08 dryad postfix/pickup[1699]: 8BA3231F2A: uid=0 from=<root>
Jan 16 05:00:08 dryad postfix/cleanup[1893]: 8BA3231F2A: message-id=<20070116110008.8BA3231F2A@dryad.cs.utsa.edu>
Jan 16 05:00:08 dryad postfix/qmgr[179]: 8BA3231F2A: from=<root@cs.utsa.edu>, size=1608, nrcpt=1 (queue active)
Jan 16 05:00:09 dryad postfix/smtp[1910]: 8BA3231F2A: to=<maynard@cs.utsa.edu>, relay=mail0.cs.utsa.edu[129.115.29.4], delay=1, status=sent (250 Ok: queued as B7A7B275E)
Jan 16 05:00:09 dryad postfix/smtpd[1892]: connect from mail0.cs.utsa.edu[129.115.29.4]
Jan 16 05:00:09 dryad postfix/smtpd[1892]: B888731F2A: client=mail0.cs.utsa.edu[129.115.29.4]
Jan 16 05:00:09 dryad postfix/cleanup[1893]: B888731F2A: message-id=<20070116110008.8BA3231F2A@dryad.cs.utsa.edu>
Jan 16 05:00:09 dryad postfix/smtpd[1892]: disconnect from mail0.cs.utsa.edu[129.115.29.4]
Jan 16 05:00:09 dryad postfix/qmgr[179]: B888731F2A: from=<root@cs.utsa.edu>, size=2133, nrcpt=1 (queue active)
Jan 16 05:00:10 dryad postfix/pipe[1895]: B888731F2A: to=<maynard@dryad.cs.utsa.edu>, relay=filter, delay=1, status=sent (dryad.cs.utsa.edu)
Jan 16 05:00:11 dryad postfix/pickup[1699]: DF59731F2D: uid=12455 from=<root@cs.utsa.edu>
Jan 16 05:00:11 dryad postfix/cleanup[1893]: DF59731F2D: message-id=<20070116110008.8BA3231F2A@dryad.cs.utsa.edu>
Jan 16 05:00:11 dryad postfix/qmgr[179]: DF59731F2D: from=<root@cs.utsa.edu>, size=2319, nrcpt=1 (queue active)
Jan 16 05:00:11 dryad postfix/local[1901]: DF59731F2D: to=<maynard@localhost.cs.utsa.edu>, relay=local, delay=1, status=sent ("|/usr/local/bin/maildrop -d "$USER" -f "$SENDER" "$EXTENSION"")
Jan 16 05:13:21 dryad postfix/pickup[1934]: D66D431F2A: uid=0 from=<root>
Jan 16 05:13:22 dryad postfix/cleanup[1947]: D66D431F2A: message-id=<20070116111321.D66D431F2A@dryad.cs.utsa.edu>
Jan 16 05:13:22 dryad postfix/qmgr[179]: D66D431F2A: from=<root@cs.utsa.edu>, size=461, nrcpt=1 (queue active)
Jan 16 05:13:22 dryad postfix/smtp[1949]: D66D431F2A: to=<root@cs.utsa.edu>, relay=mail0.cs.utsa.edu[129.115.29.4], delay=1, status=sent (250 Ok: queued as 593FA2A43)
Jan 16 06:00:01 dryad postfix/smtpd[2009]: connect from exely.cs.utsa.edu[129.115.27.33]
Jan 16 06:00:01 dryad postfix/smtpd[2009]: 6B30731F2A: client=exely.cs.utsa.edu[129.115.27.33]
Jan 16 06:00:01 dryad postfix/cleanup[2013]: 6B30731F2A: message-id=<20070116120000.985027F1F@exely.cs.utsa.edu>
Jan 16 06:00:01 dryad postfix/smtpd[2009]: disconnect from exely.cs.utsa.edu[129.115.27.33]
Jan 16 06:00:01 dryad postfix/qmgr[179]: 6B30731F2A: from=<root@exely.cs.utsa.edu>, size=2540, nrcpt=1 (queue active)
Jan 16 06:00:03 dryad postfix/pickup[1934]: AB68131F2D: uid=12455 from=<root@exely.cs.utsa.edu>
Jan 16 06:00:03 dryad postfix/cleanup[2013]: AB68131F2D: message-id=<20070116120000.985027F1F@exely.cs.utsa.edu>
Jan 16 06:00:03 dryad postfix/pipe[2018]: 6B30731F2A: to=<maynard@dryad.cs.utsa.edu>, relay=filter, delay=2, status=sent (dryad.cs.utsa.edu)
Jan 16 06:00:04 dryad postfix/qmgr[179]: AB68131F2D: from=<root@exely.cs.utsa.edu>, size=2726, nrcpt=1 (queue active)
Jan 16 06:00:04 dryad postfix/local[2027]: AB68131F2D: to=<maynard@localhost.cs.utsa.edu>, relay=local, delay=1, status=sent ("|/usr/local/bin/maildrop -d "$USER" -f "$SENDER" "$EXTENSION"")
Jan 16 06:00:08 dryad postfix/pickup[1934]: 8392431F2A: uid=0 from=<root>
Jan 16 06:00:08 dryad postfix/cleanup[2013]: 8392431F2A: message-id=<20070116120008.8392431F2A@dryad.cs.utsa.edu>
Jan 16 06:00:08 dryad postfix/qmgr[179]: 8392431F2A: from=<root@cs.utsa.edu>, size=1438, nrcpt=1 (queue active)
Jan 16 06:00:09 dryad postfix/smtp[2039]: 8392431F2A: to=<maynard@cs.utsa.edu>, relay=mail0.cs.utsa.edu[129.115.29.4], delay=1, status=sent (250 Ok: queued as 6EF4F275E)
Jan 16 06:00:09 dryad postfix/smtpd[2009]: connect from mail0.cs.utsa.edu[129.115.29.4]
Jan 16 06:00:09 dryad postfix/smtpd[2009]: C3D8031F2A: client=mail0.cs.utsa.edu[129.115.29.4]
Jan 16 06:00:09 dryad postfix/cleanup[2013]: C3D8031F2A: message-id=<20070116120008.8392431F2A@dryad.cs.utsa.edu>
Jan 16 06:00:09 dryad postfix/smtpd[2009]: disconnect from mail0.cs.utsa.edu[129.115.29.4]
Jan 16 06:00:09 dryad postfix/qmgr[179]: C3D8031F2A: from=<root@cs.utsa.edu>, size=1963, nrcpt=1 (queue active)
Jan 16 06:00:11 dryad postfix/pipe[2018]: C3D8031F2A: to=<maynard@dryad.cs.utsa.edu>, relay=filter, delay=2, status=sent (dryad.cs.utsa.edu)
Jan 16 06:00:11 dryad postfix/pickup[1934]: F085131F2D: uid=12455 from=<root@cs.utsa.edu>
Jan 16 06:00:11 dryad postfix/cleanup[2013]: F085131F2D: message-id=<20070116120008.8392431F2A@dryad.cs.utsa.edu>
Jan 16 06:00:11 dryad postfix/qmgr[179]: F085131F2D: from=<root@cs.utsa.edu>, size=2149, nrcpt=1 (queue active)
Jan 16 06:00:11 dryad postfix/local[2027]: F085131F2D: to=<maynard@localhost.cs.utsa.edu>, relay=local, delay=1, status=sent ("|/usr/local/bin/maildrop -d "$USER" -f "$SENDER" "$EXTENSION"")
Jan 16 06:13:21 dryad postfix/pickup[1934]: C6B2C31F2A: uid=0 from=<root>
Jan 16 06:13:22 dryad postfix/cleanup[2076]: C6B2C31F2A: message-id=<20070116121321.C6B2C31F2A@dryad.cs.utsa.edu>
Jan 16 06:13:22 dryad postfix/qmgr[179]: C6B2C31F2A: from=<root@cs.utsa.edu>, size=461, nrcpt=1 (queue active)
Jan 16 06:13:22 dryad postfix/smtp[2078]: C6B2C31F2A: to=<root@cs.utsa.edu>, relay=mail0.cs.utsa.edu[129.115.29.4], delay=1, status=sent (250 Ok: queued as EB482275E)
Jan 16 06:39:44 dryad postfix/pickup[1934]: 10AAA31F2A: uid=0 from=<root>
Jan 16 06:39:44 dryad postfix/cleanup[2119]: 10AAA31F2A: message-id=<20070116123943.10AAA31F2A@dryad.cs.utsa.edu>
Jan 16 06:39:46 dryad postfix/qmgr[179]: 10AAA31F2A: from=<root@cs.utsa.edu>, size=7185, nrcpt=1 (queue active)
Jan 16 06:39:47 dryad postfix/smtp[2121]: 10AAA31F2A: to=<root@cs.utsa.edu>, relay=mail0.cs.utsa.edu[129.115.29.4], delay=4, status=sent (250 Ok: queued as 4CE22275E)
Jan 16 06:46:50 dryad postfix/smtpd[2132]: connect from mail0.cs.utsa.edu[129.115.29.4]
Jan 16 06:46:50 dryad postfix/smtpd[2132]: 7E04F31F2A: client=mail0.cs.utsa.edu[129.115.29.4]
Jan 16 06:46:50 dryad postfix/cleanup[2133]: 7E04F31F2A: message-id=<20070116124536.D315C275E@mail0.cs.utsa.edu>
Jan 16 06:46:50 dryad postfix/smtpd[2132]: disconnect from mail0.cs.utsa.edu[129.115.29.4]
Jan 16 06:46:50 dryad postfix/qmgr[179]: 7E04F31F2A: from=<bohowksqai@verizon.com>, size=3388, nrcpt=1 (queue active)
Jan 16 06:46:54 dryad postfix/pipe[2135]: 7E04F31F2A: to=<maynard@dryad.cs.utsa.edu>, relay=filter, delay=4, status=sent (dryad.cs.utsa.edu)
Jan 16 06:46:54 dryad postfix/pickup[2129]: 0401331F2D: uid=12455 from=<bohowksqai@verizon.com>
Jan 16 06:46:54 dryad postfix/cleanup[2133]: 0401331F2D: message-id=<20070116124536.D315C275E@mail0.cs.utsa.edu>
Jan 16 06:46:54 dryad postfix/qmgr[179]: 0401331F2D: from=<bohowksqai@verizon.com>, size=3575, nrcpt=1 (queue active)
Jan 16 06:46:55 dryad postfix/local[2141]: 0401331F2D: to=<maynard@localhost.cs.utsa.edu>, relay=local, delay=1, status=sent ("|/usr/local/bin/maildrop -d "$USER" -f "$SENDER" "$EXTENSION"")
Jan 16 07:00:01 dryad postfix/smtpd[2161]: connect from exely.cs.utsa.edu[129.115.27.33]
Jan 16 07:00:01 dryad postfix/smtpd[2161]: 84D9F31F2A: client=exely.cs.utsa.edu[129.115.27.33]
Jan 16 07:00:01 dryad postfix/cleanup[2163]: 84D9F31F2A: message-id=<20070116130001.0BEBF7F1F@exely.cs.utsa.edu>
Jan 16 07:00:01 dryad postfix/smtpd[2161]: disconnect from exely.cs.utsa.edu[129.115.27.33]
Jan 16 07:00:02 dryad postfix/qmgr[179]: 84D9F31F2A: from=<root@exely.cs.utsa.edu>, size=3070, nrcpt=1 (queue active)
Jan 16 07:00:06 dryad postfix/pipe[2171]: 84D9F31F2A: to=<maynard@dryad.cs.utsa.edu>, relay=filter, delay=5, status=sent (dryad.cs.utsa.edu)
Jan 16 07:00:07 dryad postfix/pickup[2129]: B20C331F2D: uid=12455 from=<root@exely.cs.utsa.edu>
Jan 16 07:00:07 dryad postfix/cleanup[2163]: B20C331F2D: message-id=<20070116130001.0BEBF7F1F@exely.cs.utsa.edu>
Jan 16 07:00:07 dryad postfix/qmgr[179]: B20C331F2D: from=<root@exely.cs.utsa.edu>, size=3256, nrcpt=1 (queue active)
Jan 16 07:00:08 dryad postfix/local[2182]: B20C331F2D: to=<maynard@localhost.cs.utsa.edu>, relay=local, delay=2, status=sent ("|/usr/local/bin/maildrop -d "$USER" -f "$SENDER" "$EXTENSION"")
Jan 16 07:00:09 dryad postfix/pickup[2129]: 8620731F2A: uid=0 from=<root>
Jan 16 07:00:09 dryad postfix/cleanup[2163]: 8620731F2A: message-id=<20070116130009.8620731F2A@dryad.cs.utsa.edu>
Jan 16 07:00:09 dryad postfix/qmgr[179]: 8620731F2A: from=<root@cs.utsa.edu>, size=1750, nrcpt=1 (queue active)
Jan 16 07:00:10 dryad postfix/smtp[2191]: 8620731F2A: to=<maynard@cs.utsa.edu>, relay=mail0.cs.utsa.edu[129.115.29.4], delay=1, status=sent (250 Ok: queued as 0AE8C275E)
Jan 16 07:00:11 dryad postfix/smtpd[2161]: connect from mail0.cs.utsa.edu[129.115.29.4]
Jan 16 07:00:11 dryad postfix/smtpd[2161]: D2B3231F2A: client=mail0.cs.utsa.edu[129.115.29.4]
Jan 16 07:00:11 dryad postfix/cleanup[2163]: D2B3231F2A: message-id=<20070116130009.8620731F2A@dryad.cs.utsa.edu>
Jan 16 07:00:12 dryad postfix/smtpd[2161]: disconnect from mail0.cs.utsa.edu[129.115.29.4]
Jan 16 07:00:12 dryad postfix/qmgr[179]: D2B3231F2A: from=<root@cs.utsa.edu>, size=2275, nrcpt=1 (queue active)
Jan 16 07:00:13 dryad postfix/pipe[2171]: D2B3231F2A: to=<maynard@dryad.cs.utsa.edu>, relay=filter, delay=2, status=sent (dryad.cs.utsa.edu)
Jan 16 07:00:13 dryad postfix/pickup[2129]: 55EE231F2D: uid=12455 from=<root@cs.utsa.edu>
Jan 16 07:00:13 dryad postfix/cleanup[2163]: 55EE231F2D: message-id=<20070116130009.8620731F2A@dryad.cs.utsa.edu>
Jan 16 07:00:13 dryad postfix/qmgr[179]: 55EE231F2D: from=<root@cs.utsa.edu>, size=2461, nrcpt=1 (queue active)
Jan 16 07:00:13 dryad postfix/local[2182]: 55EE231F2D: to=<maynard@localhost.cs.utsa.edu>, relay=local, delay=0, status=sent ("|/usr/local/bin/maildrop -d "$USER" -f "$SENDER" "$EXTENSION"")
Jan 16 07:12:16 dryad postfix/smtpd[2216]: connect from mail0.cs.utsa.edu[129.115.29.4]
Jan 16 07:12:16 dryad postfix/smtpd[2216]: AD8E331F2A: client=mail0.cs.utsa.edu[129.115.29.4]
Jan 16 07:12:17 dryad postfix/cleanup[2217]: AD8E331F2A: message-id=<Kilauea124406-30930-127678009-3-1005@flonetwork.com>
Jan 16 07:12:17 dryad postfix/smtpd[2216]: disconnect from mail0.cs.utsa.edu[129.115.29.4]
Jan 16 07:12:17 dryad postfix/qmgr[179]: AD8E331F2A: from=<buy.com_offers@enews.buy.com>, size=25497, nrcpt=1 (queue active)
Jan 16 07:12:21 dryad postfix/pipe[2219]: AD8E331F2A: to=<maynard@dryad.cs.utsa.edu>, relay=filter, delay=5, status=sent (dryad.cs.utsa.edu)
Jan 16 07:12:21 dryad postfix/pickup[2129]: 0D79F31F2D: uid=12455 from=<buy.com_offers@enews.buy.com>
Jan 16 07:12:21 dryad postfix/cleanup[2217]: 0D79F31F2D: message-id=<Kilauea124406-30930-127678009-3-1005@flonetwork.com>
Jan 16 07:12:21 dryad postfix/qmgr[179]: 0D79F31F2D: from=<buy.com_offers@enews.buy.com>, size=25687, nrcpt=1 (queue active)
Jan 16 07:12:21 dryad postfix/local[2225]: 0D79F31F2D: to=<maynard@localhost.cs.utsa.edu>, relay=local, delay=0, status=sent ("|/usr/local/bin/maildrop -d "$USER" -f "$SENDER" "$EXTENSION"")
Jan 16 07:13:22 dryad postfix/pickup[2129]: E2F1631F2A: uid=0 from=<root>
Jan 16 07:13:22 dryad postfix/cleanup[2217]: E2F1631F2A: message-id=<20070116131321.E2F1631F2A@dryad.cs.utsa.edu>
Jan 16 07:13:22 dryad postfix/qmgr[179]: E2F1631F2A: from=<root@cs.utsa.edu>, size=461, nrcpt=1 (queue active)
Jan 16 07:13:22 dryad postfix/smtp[2239]: E2F1631F2A: to=<root@cs.utsa.edu>, relay=mail0.cs.utsa.edu[129.115.29.4], delay=1, status=sent (250 Ok: queued as B1F1E275E)
Jan 16 07:43:34 dryad postfix/smtpd[2277]: connect from mail0.cs.utsa.edu[129.115.29.4]
Jan 16 07:43:34 dryad postfix/smtpd[2277]: 93B0F31F2A: client=mail0.cs.utsa.edu[129.115.29.4]
Jan 16 07:43:34 dryad postfix/cleanup[2278]: 93B0F31F2A: message-id=<x4s9Cs-kMcdfz-2B@cpanel.error> 
Jan 16 07:43:34 dryad postfix/smtpd[2277]: disconnect from mail0.cs.utsa.edu[129.115.29.4]
Jan 16 07:43:34 dryad postfix/qmgr[179]: 93B0F31F2A: from=<notify@intl.paypal.com>, size=9909, nrcpt=1 (queue active)
Jan 16 07:43:36 dryad postfix/pipe[2280]: 93B0F31F2A: to=<maynard@dryad.cs.utsa.edu>, relay=filter, delay=2, status=sent (dryad.cs.utsa.edu)
Jan 16 07:43:36 dryad postfix/pickup[2129]: D0F5B31F2D: uid=12455 from=<notify@intl.paypal.com>
Jan 16 07:43:36 dryad postfix/cleanup[2278]: D0F5B31F2D: message-id=<x4s9Cs-kMcdfz-2B@cpanel.error> 
Jan 16 07:43:37 dryad postfix/qmgr[179]: D0F5B31F2D: from=<notify@intl.paypal.com>, size=10096, nrcpt=1 (queue active)
Jan 16 07:43:37 dryad postfix/local[2286]: D0F5B31F2D: to=<maynard@localhost.cs.utsa.edu>, relay=local, delay=1, status=sent ("|/usr/local/bin/maildrop -d "$USER" -f "$SENDER" "$EXTENSION"")
Jan 16 07:45:07 dryad postfix/smtpd[2277]: connect from mail0.cs.utsa.edu[129.115.29.4]
Jan 16 07:45:07 dryad postfix/smtpd[2277]: 4652F31F2A: client=mail0.cs.utsa.edu[129.115.29.4]
Jan 16 07:45:07 dryad postfix/cleanup[2278]: 4652F31F2A: message-id=<01c73974$b3cd1520$6c822ecf@chewiestbullfrog's>
Jan 16 07:45:07 dryad postfix/smtpd[2277]: disconnect from mail0.cs.utsa.edu[129.115.29.4]
Jan 16 07:45:07 dryad postfix/qmgr[179]: 4652F31F2A: from=<chewiestbullfrog's@aakp.org>, size=1912, nrcpt=1 (queue active)
Jan 16 07:45:09 dryad postfix/pickup[2129]: 0D79C31F2D: uid=12455 from=<chewiestbullfrog's@aakp.org>
Jan 16 07:45:09 dryad postfix/pipe[2280]: 4652F31F2A: to=<maynard@dryad.cs.utsa.edu>, relay=filter, delay=2, status=sent (dryad.cs.utsa.edu)
Jan 16 07:45:09 dryad postfix/cleanup[2278]: 0D79C31F2D: message-id=<01c73974$b3cd1520$6c822ecf@chewiestbullfrog's>
Jan 16 07:45:09 dryad postfix/qmgr[179]: 0D79C31F2D: from=<chewiestbullfrog's@aakp.org>, size=2099, nrcpt=1 (queue active)
Jan 16 07:45:09 dryad postfix/local[2286]: 0D79C31F2D: to=<maynard@localhost.cs.utsa.edu>, relay=local, delay=0, status=sent ("|/usr/local/bin/maildrop -d "$USER" -f "$SENDER" "$EXTENSION"")
Jan 16 08:00:01 dryad postfix/smtpd[2327]: connect from exely.cs.utsa.edu[129.115.27.33]
Jan 16 08:00:02 dryad postfix/smtpd[2327]: E83C831F2A: client=exely.cs.utsa.edu[129.115.27.33]
Jan 16 08:00:02 dryad postfix/cleanup[2328]: E83C831F2A: message-id=<20070116140001.529857F1F@exely.cs.utsa.edu>
Jan 16 08:00:02 dryad postfix/smtpd[2327]: disconnect from exely.cs.utsa.edu[129.115.27.33]
Jan 16 08:00:02 dryad postfix/qmgr[179]: E83C831F2A: from=<root@exely.cs.utsa.edu>, size=1815, nrcpt=1 (queue active)
Jan 16 08:00:04 dryad postfix/pipe[2330]: E83C831F2A: to=<maynard@dryad.cs.utsa.edu>, relay=filter, delay=2, status=sent (dryad.cs.utsa.edu)
Jan 16 08:00:05 dryad postfix/pickup[2129]: F3E5E31F2D: uid=12455 from=<root@exely.cs.utsa.edu>
Jan 16 08:00:05 dryad postfix/cleanup[2328]: F3E5E31F2D: message-id=<20070116140001.529857F1F@exely.cs.utsa.edu>
Jan 16 08:00:06 dryad postfix/qmgr[179]: F3E5E31F2D: from=<root@exely.cs.utsa.edu>, size=2001, nrcpt=1 (queue active)
Jan 16 08:00:06 dryad postfix/local[2339]: F3E5E31F2D: to=<maynard@localhost.cs.utsa.edu>, relay=local, delay=2, status=sent ("|/usr/local/bin/maildrop -d "$USER" -f "$SENDER" "$EXTENSION"")
Jan 16 08:00:08 dryad postfix/pickup[2129]: A7B1D31F2A: uid=0 from=<root>
Jan 16 08:00:08 dryad postfix/cleanup[2328]: A7B1D31F2A: message-id=<20070116140008.A7B1D31F2A@dryad.cs.utsa.edu>
Jan 16 08:00:08 dryad postfix/qmgr[179]: A7B1D31F2A: from=<root@cs.utsa.edu>, size=1868, nrcpt=1 (queue active)
Jan 16 08:00:09 dryad postfix/smtp[2348]: A7B1D31F2A: to=<maynard@cs.utsa.edu>, relay=mail0.cs.utsa.edu[129.115.29.4], delay=1, status=sent (250 Ok: queued as D1C332A91)
Jan 16 08:00:10 dryad postfix/smtpd[2327]: connect from mail0.cs.utsa.edu[129.115.29.4]
Jan 16 08:00:11 dryad postfix/smtpd[2327]: EF1D131F2A: client=mail0.cs.utsa.edu[129.115.29.4]
Jan 16 08:00:11 dryad postfix/cleanup[2328]: EF1D131F2A: message-id=<20070116140008.A7B1D31F2A@dryad.cs.utsa.edu>
Jan 16 08:00:11 dryad postfix/smtpd[2327]: disconnect from mail0.cs.utsa.edu[129.115.29.4]
Jan 16 08:00:11 dryad postfix/qmgr[179]: EF1D131F2A: from=<root@cs.utsa.edu>, size=2393, nrcpt=1 (queue active)
Jan 16 08:00:12 dryad postfix/pipe[2330]: EF1D131F2A: to=<maynard@dryad.cs.utsa.edu>, relay=filter, delay=1, status=sent (dryad.cs.utsa.edu)
Jan 16 08:00:12 dryad postfix/pickup[2129]: 2D5A531F2D: uid=12455 from=<root@cs.utsa.edu>
Jan 16 08:00:12 dryad postfix/cleanup[2328]: 2D5A531F2D: message-id=<20070116140008.A7B1D31F2A@dryad.cs.utsa.edu>
Jan 16 08:00:12 dryad postfix/qmgr[179]: 2D5A531F2D: from=<root@cs.utsa.edu>, size=2579, nrcpt=1 (queue active)
Jan 16 08:00:12 dryad postfix/local[2339]: 2D5A531F2D: to=<maynard@localhost.cs.utsa.edu>, relay=local, delay=0, status=sent ("|/usr/local/bin/maildrop -d "$USER" -f "$SENDER" "$EXTENSION"")
Jan 16 08:13:22 dryad postfix/pickup[2384]: 218B431F2A: uid=0 from=<root>
Jan 16 08:13:22 dryad postfix/cleanup[2385]: 218B431F2A: message-id=<20070116141321.218B431F2A@dryad.cs.utsa.edu>
Jan 16 08:13:22 dryad postfix/qmgr[179]: 218B431F2A: from=<root@cs.utsa.edu>, size=461, nrcpt=1 (queue active)
Jan 16 08:13:22 dryad postfix/smtp[2387]: 218B431F2A: to=<root@cs.utsa.edu>, relay=mail0.cs.utsa.edu[129.115.29.4], delay=1, status=sent (250 Ok: queued as 99EFD275E)
Jan 16 08:27:25 dryad postfix/smtpd[2406]: connect from mail0.cs.utsa.edu[129.115.29.4]
Jan 16 08:27:25 dryad postfix/smtpd[2406]: 9F2C131F2A: client=mail0.cs.utsa.edu[129.115.29.4]
Jan 16 08:27:25 dryad postfix/cleanup[2407]: 9F2C131F2A: message-id=<421201c7397a$0df69434$fa05784b@75-120-5-250.dyn.centurytel.net>
Jan 16 08:27:25 dryad postfix/smtpd[2406]: disconnect from mail0.cs.utsa.edu[129.115.29.4]
Jan 16 08:27:25 dryad postfix/qmgr[179]: 9F2C131F2A: from=<Palacios@dunit.net>, size=2169, nrcpt=1 (queue active)
Jan 16 08:27:27 dryad postfix/pickup[2384]: B07F531F2D: uid=12455 from=<Palacios@dunit.net>
Jan 16 08:27:27 dryad postfix/pipe[2409]: 9F2C131F2A: to=<maynard@dryad.cs.utsa.edu>, relay=filter, delay=2, status=sent (dryad.cs.utsa.edu)
Jan 16 08:27:27 dryad postfix/cleanup[2407]: B07F531F2D: message-id=<421201c7397a$0df69434$fa05784b@75-120-5-250.dyn.centurytel.net>
Jan 16 08:27:27 dryad postfix/qmgr[179]: B07F531F2D: from=<Palacios@dunit.net>, size=2356, nrcpt=1 (queue active)
Jan 16 08:27:28 dryad postfix/local[2415]: B07F531F2D: to=<maynard@localhost.cs.utsa.edu>, relay=local, delay=1, status=sent ("|/usr/local/bin/maildrop -d "$USER" -f "$SENDER" "$EXTENSION"")
Jan 16 08:47:29 dryad postfix/smtpd[2442]: connect from mail0.cs.utsa.edu[129.115.29.4]
Jan 16 08:47:29 dryad postfix/smtpd[2442]: 5404E31F2A: client=mail0.cs.utsa.edu[129.115.29.4]
Jan 16 08:47:29 dryad postfix/cleanup[2443]: 5404E31F2A: message-id=<20070116.064542.20413.840172@webmail43.nyc.untd.com>
Jan 16 08:47:29 dryad postfix/smtpd[2442]: disconnect from mail0.cs.utsa.edu[129.115.29.4]
Jan 16 08:47:29 dryad postfix/qmgr[179]: 5404E31F2A: from=<amaynard_1@juno.com>, size=2450, nrcpt=1 (queue active)
Jan 16 08:47:31 dryad postfix/pickup[2384]: 5F78131F2D: uid=12455 from=<amaynard_1@juno.com>
Jan 16 08:47:31 dryad postfix/cleanup[2443]: 5F78131F2D: message-id=<20070116.064542.20413.840172@webmail43.nyc.untd.com>
Jan 16 08:47:31 dryad postfix/pipe[2445]: 5404E31F2A: to=<maynard@dryad.cs.utsa.edu>, relay=filter, delay=2, status=sent (dryad.cs.utsa.edu)
Jan 16 08:47:31 dryad postfix/qmgr[179]: 5F78131F2D: from=<amaynard_1@juno.com>, size=2636, nrcpt=1 (queue active)
Jan 16 08:47:32 dryad postfix/local[2451]: 5F78131F2D: to=<maynard@localhost.cs.utsa.edu>, relay=local, delay=1, status=sent ("|/usr/local/bin/maildrop -d "$USER" -f "$SENDER" "$EXTENSION"")
Jan 16 09:00:01 dryad postfix/smtpd[2479]: connect from exely.cs.utsa.edu[129.115.27.33]
Jan 16 09:00:01 dryad postfix/smtpd[2479]: 73EED31F2A: client=exely.cs.utsa.edu[129.115.27.33]
Jan 16 09:00:01 dryad postfix/cleanup[2480]: 73EED31F2A: message-id=<20070116150000.CCA9A7F1F@exely.cs.utsa.edu>
Jan 16 09:00:01 dryad postfix/smtpd[2479]: disconnect from exely.cs.utsa.edu[129.115.27.33]
Jan 16 09:00:01 dryad postfix/qmgr[179]: 73EED31F2A: from=<root@exely.cs.utsa.edu>, size=1999, nrcpt=1 (queue active)
Jan 16 09:00:03 dryad postfix/pipe[2483]: 73EED31F2A: to=<maynard@dryad.cs.utsa.edu>, relay=filter, delay=2, status=sent (dryad.cs.utsa.edu)
Jan 16 09:00:04 dryad postfix/pickup[2384]: 077BF31F2D: uid=12455 from=<root@exely.cs.utsa.edu>
Jan 16 09:00:04 dryad postfix/cleanup[2480]: 077BF31F2D: message-id=<20070116150000.CCA9A7F1F@exely.cs.utsa.edu>
Jan 16 09:00:04 dryad postfix/qmgr[179]: 077BF31F2D: from=<root@exely.cs.utsa.edu>, size=2185, nrcpt=1 (queue active)
Jan 16 09:00:05 dryad postfix/local[2489]: 077BF31F2D: to=<maynard@localhost.cs.utsa.edu>, relay=local, delay=2, status=sent ("|/usr/local/bin/maildrop -d "$USER" -f "$SENDER" "$EXTENSION"")
Jan 16 09:00:08 dryad postfix/pickup[2384]: 9D58731F2A: uid=0 from=<root>
Jan 16 09:00:08 dryad postfix/cleanup[2480]: 9D58731F2A: message-id=<20070116150008.9D58731F2A@dryad.cs.utsa.edu>
Jan 16 09:00:08 dryad postfix/qmgr[179]: 9D58731F2A: from=<root@cs.utsa.edu>, size=2165, nrcpt=1 (queue active)
Jan 16 09:00:09 dryad postfix/smtp[2501]: 9D58731F2A: to=<maynard@cs.utsa.edu>, relay=mail0.cs.utsa.edu[129.115.29.4], delay=1, status=sent (250 Ok: queued as 7BD7E296D)
Jan 16 09:00:09 dryad postfix/smtpd[2479]: connect from mail0.cs.utsa.edu[129.115.29.4]
Jan 16 09:00:09 dryad postfix/smtpd[2479]: BCEB131F2A: client=mail0.cs.utsa.edu[129.115.29.4]
Jan 16 09:00:09 dryad postfix/cleanup[2480]: BCEB131F2A: message-id=<20070116150008.9D58731F2A@dryad.cs.utsa.edu>
Jan 16 09:00:09 dryad postfix/smtpd[2479]: disconnect from mail0.cs.utsa.edu[129.115.29.4]
Jan 16 09:00:10 dryad postfix/qmgr[179]: BCEB131F2A: from=<root@cs.utsa.edu>, size=2690, nrcpt=1 (queue active)
Jan 16 09:00:11 dryad postfix/pipe[2483]: BCEB131F2A: to=<maynard@dryad.cs.utsa.edu>, relay=filter, delay=2, status=sent (dryad.cs.utsa.edu)
Jan 16 09:00:11 dryad postfix/pickup[2384]: EA5B831F2D: uid=12455 from=<root@cs.utsa.edu>
Jan 16 09:00:11 dryad postfix/cleanup[2480]: EA5B831F2D: message-id=<20070116150008.9D58731F2A@dryad.cs.utsa.edu>
Jan 16 09:00:11 dryad postfix/qmgr[179]: EA5B831F2D: from=<root@cs.utsa.edu>, size=2876, nrcpt=1 (queue active)
Jan 16 09:00:11 dryad postfix/local[2489]: EA5B831F2D: to=<maynard@localhost.cs.utsa.edu>, relay=local, delay=1, status=sent ("|/usr/local/bin/maildrop -d "$USER" -f "$SENDER" "$EXTENSION"")
Jan 16 09:12:47 dryad postfix/smtpd[2527]: connect from mail0.cs.utsa.edu[129.115.29.4]
Jan 16 09:12:47 dryad postfix/smtpd[2527]: 34BD431F2A: client=mail0.cs.utsa.edu[129.115.29.4]
Jan 16 09:12:47 dryad postfix/cleanup[2528]: 34BD431F2A: message-id=<01c73980$c773a330$6c822ecf@usurpation'sGantry>
Jan 16 09:12:47 dryad postfix/smtpd[2527]: disconnect from mail0.cs.utsa.edu[129.115.29.4]
Jan 16 09:12:47 dryad postfix/qmgr[179]: 34BD431F2A: from=<usurpation'sGantry@abnt.ru>, size=2088, nrcpt=1 (queue active)
Jan 16 09:12:49 dryad postfix/pipe[2530]: 34BD431F2A: to=<maynard@dryad.cs.utsa.edu>, relay=filter, delay=2, status=sent (dryad.cs.utsa.edu)
Jan 16 09:12:49 dryad postfix/pickup[2384]: 30E9631F2D: uid=12455 from=<usurpation'sGantry@abnt.ru>
Jan 16 09:12:49 dryad postfix/cleanup[2528]: 30E9631F2D: message-id=<01c73980$c773a330$6c822ecf@usurpation'sGantry>
Jan 16 09:12:49 dryad postfix/qmgr[179]: 30E9631F2D: from=<usurpation'sGantry@abnt.ru>, size=2275, nrcpt=1 (queue active)
Jan 16 09:12:50 dryad postfix/local[2536]: 30E9631F2D: to=<maynard@localhost.cs.utsa.edu>, relay=local, delay=1, status=sent ("|/usr/local/bin/maildrop -d "$USER" -f "$SENDER" "$EXTENSION"")
Jan 16 09:13:21 dryad postfix/pickup[2384]: A2D8531F2A: uid=0 from=<root>
Jan 16 09:13:21 dryad postfix/cleanup[2528]: A2D8531F2A: message-id=<20070116151321.A2D8531F2A@dryad.cs.utsa.edu>
Jan 16 09:13:21 dryad postfix/qmgr[179]: A2D8531F2A: from=<root@cs.utsa.edu>, size=461, nrcpt=1 (queue active)
Jan 16 09:13:22 dryad postfix/smtp[2550]: A2D8531F2A: to=<root@cs.utsa.edu>, relay=mail0.cs.utsa.edu[129.115.29.4], delay=1, status=sent (250 Ok: queued as A3D4B2AB0)
Jan 16 09:18:18 dryad postfix/smtpd[2556]: connect from mail0.cs.utsa.edu[129.115.29.4]
Jan 16 09:18:18 dryad postfix/smtpd[2556]: 4F95331F2A: client=mail0.cs.utsa.edu[129.115.29.4]
Jan 16 09:18:18 dryad postfix/cleanup[2557]: 4F95331F2A: message-id=<01c73981$946b1a80$6c822ecf@bcarapacecorpe>
Jan 16 09:18:18 dryad postfix/smtpd[2556]: disconnect from mail0.cs.utsa.edu[129.115.29.4]
Jan 16 09:18:18 dryad postfix/qmgr[179]: 4F95331F2A: from=<bcarapacecorpe@carapacecorp.com>, size=3590, nrcpt=1 (queue active)
Jan 16 09:18:20 dryad postfix/pipe[2559]: 4F95331F2A: to=<maynard@dryad.cs.utsa.edu>, relay=filter, delay=2, status=sent (dryad.cs.utsa.edu)
Jan 16 09:18:20 dryad postfix/pickup[2384]: 2C1D931F2D: uid=12455 from=<bcarapacecorpe@carapacecorp.com>
Jan 16 09:18:20 dryad postfix/cleanup[2557]: 2C1D931F2D: message-id=<01c73981$946b1a80$6c822ecf@bcarapacecorpe>
Jan 16 09:18:20 dryad postfix/qmgr[179]: 2C1D931F2D: from=<bcarapacecorpe@carapacecorp.com>, size=3777, nrcpt=1 (queue active)
Jan 16 09:18:20 dryad postfix/local[2565]: 2C1D931F2D: to=<maynard@localhost.cs.utsa.edu>, relay=local, delay=0, status=sent ("|/usr/local/bin/maildrop -d "$USER" -f "$SENDER" "$EXTENSION"")
Jan 16 09:29:35 dryad postfix/smtpd[2583]: connect from mail0.cs.utsa.edu[129.115.29.4]
Jan 16 09:29:35 dryad postfix/smtpd[2583]: 65DD131F2A: client=mail0.cs.utsa.edu[129.115.29.4]
Jan 16 09:29:35 dryad postfix/cleanup[2584]: 65DD131F2A: message-id=<2935413.44209931168961326181.JavaMail.sierra-prod@cwss77.prod.google.com>
Jan 16 09:29:35 dryad postfix/smtpd[2583]: disconnect from mail0.cs.utsa.edu[129.115.29.4]
Jan 16 09:29:35 dryad postfix/qmgr[179]: 65DD131F2A: from=<noreply@checkout.google.com>, size=26301, nrcpt=1 (queue active)
Jan 16 09:29:38 dryad postfix/pipe[2586]: 65DD131F2A: to=<maynard@dryad.cs.utsa.edu>, relay=filter, delay=3, status=sent (dryad.cs.utsa.edu)
Jan 16 09:29:38 dryad postfix/pickup[2384]: 169D231F2D: uid=12455 from=<noreply@checkout.google.com>
Jan 16 09:29:38 dryad postfix/cleanup[2584]: 169D231F2D: message-id=<2935413.44209931168961326181.JavaMail.sierra-prod@cwss77.prod.google.com>
Jan 16 09:29:38 dryad postfix/qmgr[179]: 169D231F2D: from=<noreply@checkout.google.com>, size=26491, nrcpt=1 (queue active)
Jan 16 09:29:38 dryad postfix/local[2592]: 169D231F2D: to=<maynard@localhost.cs.utsa.edu>, relay=local, delay=0, status=sent ("|/usr/local/bin/maildrop -d "$USER" -f "$SENDER" "$EXTENSION"")
Jan 16 09:45:50 dryad postfix/smtpd[2616]: warning: 221.135.250.71: hostname 221-135-250-71.sify.net verification failed: Host not found
Jan 16 09:45:50 dryad postfix/smtpd[2616]: connect from unknown[221.135.250.71]
Jan 16 09:45:54 dryad postfix/smtpd[2616]: 2DA2731F2A: client=unknown[221.135.250.71]
Jan 16 09:45:55 dryad postfix/smtpd[2616]: reject: RCPT from unknown[221.135.250.71]: 550 <djimenez@dryad.cs.utsa.edu>: User unknown; from=<bcosf@dryad.cs.utsa.edu> to=<djimenez@dryad.cs.utsa.edu>
Jan 16 09:46:00 dryad postfix/smtpd[2616]: lost connection after RCPT from unknown[221.135.250.71]
Jan 16 09:46:00 dryad postfix/smtpd[2616]: disconnect from unknown[221.135.250.71]
Jan 16 10:00:01 dryad postfix/smtpd[2645]: connect from exely.cs.utsa.edu[129.115.27.33]
Jan 16 10:00:01 dryad postfix/smtpd[2645]: A486C31F2A: client=exely.cs.utsa.edu[129.115.27.33]
Jan 16 10:00:01 dryad postfix/cleanup[2646]: A486C31F2A: message-id=<20070116160001.185727F1F@exely.cs.utsa.edu>
Jan 16 10:00:02 dryad postfix/smtpd[2645]: disconnect from exely.cs.utsa.edu[129.115.27.33]
Jan 16 10:00:02 dryad postfix/qmgr[179]: A486C31F2A: from=<root@exely.cs.utsa.edu>, size=1799, nrcpt=1 (queue active)
Jan 16 10:00:04 dryad postfix/pipe[2648]: A486C31F2A: to=<maynard@dryad.cs.utsa.edu>, relay=filter, delay=3, status=sent (dryad.cs.utsa.edu)
Jan 16 10:00:04 dryad postfix/pickup[2613]: 618D631F2D: uid=12455 from=<root@exely.cs.utsa.edu>
Jan 16 10:00:04 dryad postfix/cleanup[2646]: 618D631F2D: message-id=<20070116160001.185727F1F@exely.cs.utsa.edu>
Jan 16 10:00:04 dryad postfix/qmgr[179]: 618D631F2D: from=<root@exely.cs.utsa.edu>, size=1985, nrcpt=1 (queue active)
Jan 16 10:00:05 dryad postfix/local[2654]: 618D631F2D: to=<maynard@localhost.cs.utsa.edu>, relay=local, delay=1, status=sent ("|/usr/local/bin/maildrop -d "$USER" -f "$SENDER" "$EXTENSION"")
Jan 16 10:00:08 dryad postfix/pickup[2613]: C3A9A31F2A: uid=0 from=<root>
Jan 16 10:00:08 dryad postfix/cleanup[2646]: C3A9A31F2A: message-id=<20070116160008.C3A9A31F2A@dryad.cs.utsa.edu>
Jan 16 10:00:08 dryad postfix/qmgr[179]: C3A9A31F2A: from=<root@cs.utsa.edu>, size=2489, nrcpt=1 (queue active)
Jan 16 10:00:09 dryad postfix/smtp[2667]: C3A9A31F2A: to=<maynard@cs.utsa.edu>, relay=mail0.cs.utsa.edu[129.115.29.4], delay=1, status=sent (250 Ok: queued as 5F8C92449)
Jan 16 10:00:10 dryad postfix/smtpd[2645]: connect from mail0.cs.utsa.edu[129.115.29.4]
Jan 16 10:00:10 dryad postfix/smtpd[2645]: 281F931F2A: client=mail0.cs.utsa.edu[129.115.29.4]
Jan 16 10:00:10 dryad postfix/cleanup[2646]: 281F931F2A: message-id=<20070116160008.C3A9A31F2A@dryad.cs.utsa.edu>
Jan 16 10:00:10 dryad postfix/smtpd[2645]: disconnect from mail0.cs.utsa.edu[129.115.29.4]
Jan 16 10:00:10 dryad postfix/qmgr[179]: 281F931F2A: from=<root@cs.utsa.edu>, size=3014, nrcpt=1 (queue active)
Jan 16 10:00:12 dryad postfix/pipe[2648]: 281F931F2A: to=<maynard@dryad.cs.utsa.edu>, relay=filter, delay=2, status=sent (dryad.cs.utsa.edu)
Jan 16 10:00:12 dryad postfix/pickup[2613]: 03E2631F2D: uid=12455 from=<root@cs.utsa.edu>
Jan 16 10:00:12 dryad postfix/cleanup[2646]: 03E2631F2D: message-id=<20070116160008.C3A9A31F2A@dryad.cs.utsa.edu>
Jan 16 10:00:12 dryad postfix/qmgr[179]: 03E2631F2D: from=<root@cs.utsa.edu>, size=3200, nrcpt=1 (queue active)
Jan 16 10:00:12 dryad postfix/local[2654]: 03E2631F2D: to=<maynard@localhost.cs.utsa.edu>, relay=local, delay=0, status=sent ("|/usr/local/bin/maildrop -d "$USER" -f "$SENDER" "$EXTENSION"")
Jan 16 10:02:14 dryad postfix/smtpd[2679]: connect from 88-108-9-228.dynamic.dsl.as9105.com[88.108.9.228]
Jan 16 10:02:15 dryad postfix/smtpd[2679]: 5AA0E31F2A: client=88-108-9-228.dynamic.dsl.as9105.com[88.108.9.228]
Jan 16 10:02:16 dryad postfix/smtpd[2679]: reject: RCPT from 88-108-9-228.dynamic.dsl.as9105.com[88.108.9.228]: 550 <djimenez@dryad.cs.utsa.edu>: User unknown; from=<bnquesu@dryad.cs.utsa.edu> to=<djimenez@dryad.cs.utsa.edu>
Jan 16 10:02:22 dryad postfix/smtpd[2679]: lost connection after RCPT from 88-108-9-228.dynamic.dsl.as9105.com[88.108.9.228]
Jan 16 10:02:22 dryad postfix/smtpd[2679]: disconnect from 88-108-9-228.dynamic.dsl.as9105.com[88.108.9.228]
Jan 16 10:13:22 dryad postfix/pickup[2613]: 21C0531F2A: uid=0 from=<root>
Jan 16 10:13:22 dryad postfix/cleanup[2707]: 21C0531F2A: message-id=<20070116161321.21C0531F2A@dryad.cs.utsa.edu>
Jan 16 10:13:22 dryad postfix/qmgr[179]: 21C0531F2A: from=<root@cs.utsa.edu>, size=461, nrcpt=1 (queue active)
Jan 16 10:13:22 dryad postfix/smtp[2709]: 21C0531F2A: to=<root@cs.utsa.edu>, relay=mail0.cs.utsa.edu[129.115.29.4], delay=1, status=sent (250 Ok: queued as E69BA2449)
Jan 16 10:29:06 dryad postfix/smtpd[2729]: connect from 213-142.206-83.static-ip.oleane.fr[83.206.142.213]
Jan 16 10:29:08 dryad postfix/smtpd[2729]: 44B0331F2A: client=213-142.206-83.static-ip.oleane.fr[83.206.142.213]
Jan 16 10:29:09 dryad postfix/smtpd[2729]: reject: RCPT from 213-142.206-83.static-ip.oleane.fr[83.206.142.213]: 550 <djimenez@dryad.cs.utsa.edu>: User unknown; from=<a@dryad.cs.utsa.edu> to=<djimenez@dryad.cs.utsa.edu>
Jan 16 10:29:14 dryad postfix/smtpd[2729]: lost connection after RCPT from 213-142.206-83.static-ip.oleane.fr[83.206.142.213]
Jan 16 10:29:14 dryad postfix/smtpd[2729]: disconnect from 213-142.206-83.static-ip.oleane.fr[83.206.142.213]
Jan 16 11:00:01 dryad postfix/smtpd[2781]: connect from exely.cs.utsa.edu[129.115.27.33]
Jan 16 11:00:01 dryad postfix/smtpd[2781]: 5C21131F2A: client=exely.cs.utsa.edu[129.115.27.33]
Jan 16 11:00:01 dryad postfix/cleanup[2782]: 5C21131F2A: message-id=<20070116170000.B17A97F1F@exely.cs.utsa.edu>
Jan 16 11:00:01 dryad postfix/qmgr[179]: 5C21131F2A: from=<root@exely.cs.utsa.edu>, size=1797, nrcpt=1 (queue active)
Jan 16 11:00:01 dryad postfix/smtpd[2781]: disconnect from exely.cs.utsa.edu[129.115.27.33]
Jan 16 11:00:04 dryad postfix/pipe[2784]: 5C21131F2A: to=<maynard@dryad.cs.utsa.edu>, relay=filter, delay=3, status=sent (dryad.cs.utsa.edu)
Jan 16 11:00:04 dryad postfix/pickup[2613]: 0BD2D31F2D: uid=12455 from=<root@exely.cs.utsa.edu>
Jan 16 11:00:04 dryad postfix/cleanup[2782]: 0BD2D31F2D: message-id=<20070116170000.B17A97F1F@exely.cs.utsa.edu>
Jan 16 11:00:04 dryad postfix/qmgr[179]: 0BD2D31F2D: from=<root@exely.cs.utsa.edu>, size=1983, nrcpt=1 (queue active)
Jan 16 11:00:05 dryad postfix/local[2790]: 0BD2D31F2D: to=<maynard@localhost.cs.utsa.edu>, relay=local, delay=2, status=sent ("|/usr/local/bin/maildrop -d "$USER" -f "$SENDER" "$EXTENSION"")
Jan 16 11:00:09 dryad postfix/pickup[2613]: 2C47531F2A: uid=0 from=<root>
Jan 16 11:00:09 dryad postfix/cleanup[2782]: 2C47531F2A: message-id=<20070116170009.2C47531F2A@dryad.cs.utsa.edu>
Jan 16 11:00:09 dryad postfix/qmgr[179]: 2C47531F2A: from=<root@cs.utsa.edu>, size=2634, nrcpt=1 (queue active)
Jan 16 11:00:09 dryad postfix/smtp[2803]: 2C47531F2A: to=<maynard@cs.utsa.edu>, relay=mail0.cs.utsa.edu[129.115.29.4], delay=0, status=sent (250 Ok: queued as 713E12449)
Jan 16 11:00:10 dryad postfix/smtpd[2781]: connect from mail0.cs.utsa.edu[129.115.29.4]
Jan 16 11:00:10 dryad postfix/smtpd[2781]: 6AC7B31F2A: client=mail0.cs.utsa.edu[129.115.29.4]
Jan 16 11:00:10 dryad postfix/cleanup[2782]: 6AC7B31F2A: message-id=<20070116170009.2C47531F2A@dryad.cs.utsa.edu>
Jan 16 11:00:10 dryad postfix/smtpd[2781]: disconnect from mail0.cs.utsa.edu[129.115.29.4]
Jan 16 11:00:10 dryad postfix/qmgr[179]: 6AC7B31F2A: from=<root@cs.utsa.edu>, size=3159, nrcpt=1 (queue active)
Jan 16 11:00:11 dryad postfix/pipe[2784]: 6AC7B31F2A: to=<maynard@dryad.cs.utsa.edu>, relay=filter, delay=1, status=sent (dryad.cs.utsa.edu)
Jan 16 11:00:11 dryad postfix/pickup[2613]: A8EB731F2D: uid=12455 from=<root@cs.utsa.edu>
Jan 16 11:00:11 dryad postfix/cleanup[2782]: A8EB731F2D: message-id=<20070116170009.2C47531F2A@dryad.cs.utsa.edu>
Jan 16 11:00:11 dryad postfix/qmgr[179]: A8EB731F2D: from=<root@cs.utsa.edu>, size=3345, nrcpt=1 (queue active)
Jan 16 11:00:12 dryad postfix/local[2790]: A8EB731F2D: to=<maynard@localhost.cs.utsa.edu>, relay=local, delay=1, status=sent ("|/usr/local/bin/maildrop -d "$USER" -f "$SENDER" "$EXTENSION"")
Jan 16 11:08:14 dryad postfix/smtpd[2823]: connect from mail0.cs.utsa.edu[129.115.29.4]
Jan 16 11:08:14 dryad postfix/smtpd[2823]: 427EC31F2A: client=mail0.cs.utsa.edu[129.115.29.4]
Jan 16 11:08:14 dryad postfix/cleanup[2824]: 427EC31F2A: message-id=<027201c73990$0ca6f098$6910b33e@up-fijx9etnngxs.chello.pl>
Jan 16 11:08:14 dryad postfix/smtpd[2823]: disconnect from mail0.cs.utsa.edu[129.115.29.4]
Jan 16 11:08:14 dryad postfix/qmgr[179]: 427EC31F2A: from=<Borbely@bosendorfer-jp.com>, size=2354, nrcpt=1 (queue active)
Jan 16 11:08:16 dryad postfix/pickup[2613]: 4E95431F2D: uid=12455 from=<Borbely@bosendorfer-jp.com>
Jan 16 11:08:16 dryad postfix/cleanup[2824]: 4E95431F2D: message-id=<027201c73990$0ca6f098$6910b33e@up-fijx9etnngxs.chello.pl>
Jan 16 11:08:16 dryad postfix/pipe[2826]: 427EC31F2A: to=<maynard@dryad.cs.utsa.edu>, relay=filter, delay=2, status=sent (dryad.cs.utsa.edu)
Jan 16 11:08:16 dryad postfix/qmgr[179]: 4E95431F2D: from=<Borbely@bosendorfer-jp.com>, size=2541, nrcpt=1 (queue active)
Jan 16 11:08:17 dryad postfix/local[2832]: 4E95431F2D: to=<maynard@localhost.cs.utsa.edu>, relay=local, delay=1, status=sent ("|/usr/local/bin/maildrop -d "$USER" -f "$SENDER" "$EXTENSION"")
Jan 16 11:13:21 dryad postfix/pickup[2613]: 95CF331F2A: uid=0 from=<root>
Jan 16 11:13:21 dryad postfix/cleanup[2851]: 95CF331F2A: message-id=<20070116171321.95CF331F2A@dryad.cs.utsa.edu>
Jan 16 11:13:21 dryad postfix/qmgr[179]: 95CF331F2A: from=<root@cs.utsa.edu>, size=461, nrcpt=1 (queue active)
Jan 16 11:13:22 dryad postfix/smtp[2853]: 95CF331F2A: to=<root@cs.utsa.edu>, relay=mail0.cs.utsa.edu[129.115.29.4], delay=1, status=sent (250 Ok: queued as 38811296D)
Jan 16 11:38:45 dryad postfix/smtpd[2886]: connect from mail0.cs.utsa.edu[129.115.29.4]
Jan 16 11:38:45 dryad postfix/smtpd[2886]: AB00131F2A: client=mail0.cs.utsa.edu[129.115.29.4]
Jan 16 11:38:45 dryad postfix/cleanup[2887]: AB00131F2A: message-id=<368711245.65590937087378@thebat.net>
Jan 16 11:38:46 dryad postfix/smtpd[2886]: disconnect from mail0.cs.utsa.edu[129.115.29.4]
Jan 16 11:38:46 dryad postfix/qmgr[179]: AB00131F2A: from=<fotelbatexuto@elbatex.sk>, size=2264, nrcpt=1 (queue active)
Jan 16 11:38:47 dryad postfix/pipe[2889]: AB00131F2A: to=<maynard@dryad.cs.utsa.edu>, relay=filter, delay=2, status=sent (dryad.cs.utsa.edu)
Jan 16 11:38:47 dryad postfix/pickup[2856]: 6D15931F2D: uid=12455 from=<fotelbatexuto@elbatex.sk>
Jan 16 11:38:47 dryad postfix/cleanup[2887]: 6D15931F2D: message-id=<368711245.65590937087378@thebat.net>
Jan 16 11:38:47 dryad postfix/qmgr[179]: 6D15931F2D: from=<fotelbatexuto@elbatex.sk>, size=2451, nrcpt=1 (queue active)
Jan 16 11:38:48 dryad postfix/local[2895]: 6D15931F2D: to=<maynard@localhost.cs.utsa.edu>, relay=local, delay=1, status=sent ("|/usr/local/bin/maildrop -d "$USER" -f "$SENDER" "$EXTENSION"")
Jan 16 11:43:48 dryad postfix/smtpd[2905]: connect from 0x535de66e.taanxx2.adsl-dhcp.tele.dk[83.93.230.110]
Jan 16 11:43:49 dryad postfix/smtpd[2905]: 10AE231F2A: client=0x535de66e.taanxx2.adsl-dhcp.tele.dk[83.93.230.110]
Jan 16 11:43:49 dryad postfix/smtpd[2905]: reject: RCPT from 0x535de66e.taanxx2.adsl-dhcp.tele.dk[83.93.230.110]: 550 <djimenez@dryad.cs.utsa.edu>: User unknown; from=<service101@bankofamerica.com> to=<djimenez@dryad.cs.utsa.edu>
Jan 16 11:43:54 dryad postfix/smtpd[2905]: lost connection after RCPT from 0x535de66e.taanxx2.adsl-dhcp.tele.dk[83.93.230.110]
Jan 16 11:43:54 dryad postfix/smtpd[2905]: disconnect from 0x535de66e.taanxx2.adsl-dhcp.tele.dk[83.93.230.110]
Jan 16 11:51:12 dryad postfix/smtpd[2917]: connect from mail0.cs.utsa.edu[129.115.29.4]
Jan 16 11:51:13 dryad postfix/smtpd[2917]: 2297F31F2A: client=mail0.cs.utsa.edu[129.115.29.4]
Jan 16 11:51:13 dryad postfix/cleanup[2918]: 2297F31F2A: message-id=<20070116174810.562E3BABD448E@smtp.enews.eweek.com>
Jan 16 11:51:13 dryad postfix/smtpd[2917]: disconnect from mail0.cs.utsa.edu[129.115.29.4]
Jan 16 11:51:13 dryad postfix/qmgr[179]: 2297F31F2A: from=<cid=186-uid=877598_-mid=5289-pid=48--@enews.eweek.com>, size=7565, nrcpt=1 (queue active)
Jan 16 11:51:15 dryad postfix/pipe[2920]: 2297F31F2A: to=<maynard@dryad.cs.utsa.edu>, relay=filter, delay=2, status=sent (dryad.cs.utsa.edu)
Jan 16 11:51:15 dryad postfix/pickup[2856]: 3195731F2D: uid=12455 from=<cid=186-uid=877598_-mid=5289-pid=48--@enews.eweek.com>
Jan 16 11:51:15 dryad postfix/cleanup[2918]: 3195731F2D: message-id=<20070116174810.562E3BABD448E@smtp.enews.eweek.com>
Jan 16 11:51:15 dryad postfix/qmgr[179]: 3195731F2D: from=<cid=186-uid=877598_-mid=5289-pid=48--@enews.eweek.com>, size=7755, nrcpt=1 (queue active)
Jan 16 11:51:15 dryad postfix/local[2926]: 3195731F2D: to=<maynard@localhost.cs.utsa.edu>, relay=local, delay=0, status=sent ("|/usr/local/bin/maildrop -d "$USER" -f "$SENDER" "$EXTENSION"")
Jan 16 12:00:02 dryad postfix/smtpd[2950]: connect from exely.cs.utsa.edu[129.115.27.33]
Jan 16 12:00:02 dryad postfix/smtpd[2950]: 31B0431F2A: client=exely.cs.utsa.edu[129.115.27.33]
Jan 16 12:00:02 dryad postfix/cleanup[2951]: 31B0431F2A: message-id=<20070116180001.7F96C7F1F@exely.cs.utsa.edu>
Jan 16 12:00:02 dryad postfix/qmgr[179]: 31B0431F2A: from=<root@exely.cs.utsa.edu>, size=2007, nrcpt=1 (queue active)
Jan 16 12:00:02 dryad postfix/smtpd[2950]: disconnect from exely.cs.utsa.edu[129.115.27.33]
Jan 16 12:00:05 dryad postfix/pipe[2953]: 31B0431F2A: to=<maynard@dryad.cs.utsa.edu>, relay=filter, delay=3, status=sent (dryad.cs.utsa.edu)
Jan 16 12:00:05 dryad postfix/pickup[2856]: 28D9031F2D: uid=12455 from=<root@exely.cs.utsa.edu>
Jan 16 12:00:05 dryad postfix/cleanup[2951]: 28D9031F2D: message-id=<20070116180001.7F96C7F1F@exely.cs.utsa.edu>
Jan 16 12:00:06 dryad postfix/qmgr[179]: 28D9031F2D: from=<root@exely.cs.utsa.edu>, size=2193, nrcpt=1 (queue active)
Jan 16 12:00:06 dryad postfix/local[2961]: 28D9031F2D: to=<maynard@localhost.cs.utsa.edu>, relay=local, delay=2, status=sent ("|/usr/local/bin/maildrop -d "$USER" -f "$SENDER" "$EXTENSION"")
Jan 16 12:00:09 dryad postfix/pickup[2856]: 895D131F2A: uid=0 from=<root>
Jan 16 12:00:09 dryad postfix/cleanup[2951]: 895D131F2A: message-id=<20070116180009.895D131F2A@dryad.cs.utsa.edu>
Jan 16 12:00:09 dryad postfix/qmgr[179]: 895D131F2A: from=<root@cs.utsa.edu>, size=2990, nrcpt=1 (queue active)
Jan 16 12:00:10 dryad postfix/smtp[2972]: 895D131F2A: to=<maynard@cs.utsa.edu>, relay=mail0.cs.utsa.edu[129.115.29.4], delay=1, status=sent (250 Ok: queued as 924E62449)
Jan 16 12:00:10 dryad postfix/smtpd[2950]: connect from mail0.cs.utsa.edu[129.115.29.4]
Jan 16 12:00:10 dryad postfix/smtpd[2950]: 4DECA31F2A: client=mail0.cs.utsa.edu[129.115.29.4]
Jan 16 12:00:10 dryad postfix/cleanup[2951]: 4DECA31F2A: message-id=<20070116180009.895D131F2A@dryad.cs.utsa.edu>
Jan 16 12:00:10 dryad postfix/smtpd[2950]: disconnect from mail0.cs.utsa.edu[129.115.29.4]
Jan 16 12:00:10 dryad postfix/qmgr[179]: 4DECA31F2A: from=<root@cs.utsa.edu>, size=3515, nrcpt=1 (queue active)
Jan 16 12:00:11 dryad postfix/pipe[2953]: 4DECA31F2A: to=<maynard@dryad.cs.utsa.edu>, relay=filter, delay=1, status=sent (dryad.cs.utsa.edu)
Jan 16 12:00:11 dryad postfix/pickup[2856]: 94B0831F2D: uid=12455 from=<root@cs.utsa.edu>
Jan 16 12:00:11 dryad postfix/cleanup[2951]: 94B0831F2D: message-id=<20070116180009.895D131F2A@dryad.cs.utsa.edu>
Jan 16 12:00:11 dryad postfix/qmgr[179]: 94B0831F2D: from=<root@cs.utsa.edu>, size=3701, nrcpt=1 (queue active)
Jan 16 12:00:12 dryad postfix/local[2961]: 94B0831F2D: to=<maynard@localhost.cs.utsa.edu>, relay=local, delay=1, status=sent ("|/usr/local/bin/maildrop -d "$USER" -f "$SENDER" "$EXTENSION"")
Jan 16 12:10:41 dryad postfix/smtpd[2994]: connect from mail0.cs.utsa.edu[129.115.29.4]
Jan 16 12:10:42 dryad postfix/smtpd[2994]: E7ED831F2A: client=mail0.cs.utsa.edu[129.115.29.4]
Jan 16 12:10:42 dryad postfix/cleanup[2995]: E7ED831F2A: message-id=<20070116180823.CD7CB619BB9B9@smtp.enews.eweek.com>
Jan 16 12:10:42 dryad postfix/smtpd[2994]: disconnect from mail0.cs.utsa.edu[129.115.29.4]
Jan 16 12:10:42 dryad postfix/qmgr[179]: E7ED831F2A: from=<cid=186-uid=334530_-mid=5291-pid=5--@enews.eweek.com>, size=6592, nrcpt=1 (queue active)
Jan 16 12:10:44 dryad postfix/pickup[2856]: 192CD31F2D: uid=12455 from=<cid=186-uid=334530_-mid=5291-pid=5--@enews.eweek.com>
Jan 16 12:10:44 dryad postfix/pipe[2998]: E7ED831F2A: to=<maynard@dryad.cs.utsa.edu>, relay=filter, delay=2, status=sent (dryad.cs.utsa.edu)
Jan 16 12:10:44 dryad postfix/cleanup[2995]: 192CD31F2D: message-id=<20070116180823.CD7CB619BB9B9@smtp.enews.eweek.com>
Jan 16 12:10:44 dryad postfix/qmgr[179]: 192CD31F2D: from=<cid=186-uid=334530_-mid=5291-pid=5--@enews.eweek.com>, size=6778, nrcpt=1 (queue active)
Jan 16 12:10:44 dryad postfix/local[3004]: 192CD31F2D: to=<maynard@localhost.cs.utsa.edu>, relay=local, delay=0, status=sent ("|/usr/local/bin/maildrop -d "$USER" -f "$SENDER" "$EXTENSION"")
Jan 16 12:13:21 dryad postfix/pickup[2856]: D228E31F2A: uid=0 from=<root>
Jan 16 12:13:21 dryad postfix/cleanup[3020]: D228E31F2A: message-id=<20070116181321.D228E31F2A@dryad.cs.utsa.edu>
Jan 16 12:13:21 dryad postfix/qmgr[179]: D228E31F2A: from=<root@cs.utsa.edu>, size=461, nrcpt=1 (queue active)
Jan 16 12:13:22 dryad postfix/smtp[3021]: D228E31F2A: to=<root@cs.utsa.edu>, relay=mail0.cs.utsa.edu[129.115.29.4], delay=1, status=sent (250 Ok: queued as 0CB53275E)
Jan 16 12:18:13 dryad postfix/pickup[2856]: 9D5E531F2A: uid=511 from=<maynard>
Jan 16 12:18:13 dryad postfix/cleanup[3068]: 9D5E531F2A: message-id=<20070116181813.9D5E531F2A@dryad.cs.utsa.edu>
Jan 16 12:18:13 dryad postfix/qmgr[179]: 9D5E531F2A: from=<maynard@cs.utsa.edu>, size=642, nrcpt=1 (queue active)
Jan 16 12:18:15 dryad postfix/smtp[3070]: 9D5E531F2A: to=<amaynard_1@juno.com>, relay=mx.nyc.untd.com[64.136.20.83], delay=2, status=sent (250 OK id AABC44FZHAEWNFPA)
Jan 16 12:22:58 dryad postfix/pickup[2856]: CA47731F2A: uid=511 from=<maynard>
Jan 16 12:22:59 dryad postfix/cleanup[3095]: CA47731F2A: message-id=<20070116182258.CA47731F2A@dryad.cs.utsa.edu>
Jan 16 12:22:59 dryad postfix/qmgr[179]: CA47731F2A: from=<maynard@cs.utsa.edu>, size=610, nrcpt=1 (queue active)
Jan 16 12:23:01 dryad postfix/smtp[3097]: CA47731F2A: to=<lprigge@earthlink.net>, relay=mx3.earthlink.net[209.86.93.228], delay=3, status=sent (250 1h6SXy44g3Nl34m0 Message accepted for delivery)
Jan 16 12:59:33 dryad postfix/smtpd[3144]: connect from mail0.cs.utsa.edu[129.115.29.4]
Jan 16 12:59:33 dryad postfix/smtpd[3144]: E432B31F2A: client=mail0.cs.utsa.edu[129.115.29.4]
Jan 16 12:59:34 dryad postfix/cleanup[3145]: E432B31F2A: message-id=<20070116185844.59A2F275E@mail0.cs.utsa.edu>
Jan 16 12:59:34 dryad postfix/smtpd[3144]: disconnect from mail0.cs.utsa.edu[129.115.29.4]
Jan 16 12:59:34 dryad postfix/qmgr[179]: E432B31F2A: from=<7090stocknews@toronto.ofcomes.mcx.es>, size=4247, nrcpt=1 (queue active)
Jan 16 12:59:35 dryad postfix/pipe[3147]: E432B31F2A: to=<maynard@dryad.cs.utsa.edu>, relay=filter, delay=1, status=sent (dryad.cs.utsa.edu)
Jan 16 12:59:35 dryad postfix/pickup[3126]: BEDFC31F2D: uid=12455 from=<7090stocknews@toronto.ofcomes.mcx.es>
Jan 16 12:59:35 dryad postfix/cleanup[3145]: BEDFC31F2D: message-id=<20070116185844.59A2F275E@mail0.cs.utsa.edu>
Jan 16 12:59:36 dryad postfix/qmgr[179]: BEDFC31F2D: from=<7090stocknews@toronto.ofcomes.mcx.es>, size=4434, nrcpt=1 (queue active)
Jan 16 12:59:36 dryad postfix/local[3153]: BEDFC31F2D: to=<maynard@localhost.cs.utsa.edu>, relay=local, delay=1, status=sent ("|/usr/local/bin/maildrop -d "$USER" -f "$SENDER" "$EXTENSION"")
Jan 16 13:00:01 dryad postfix/smtpd[3144]: connect from exely.cs.utsa.edu[129.115.27.33]
Jan 16 13:00:01 dryad postfix/smtpd[3144]: 0C3C131F2A: client=exely.cs.utsa.edu[129.115.27.33]
Jan 16 13:00:01 dryad postfix/cleanup[3145]: 0C3C131F2A: message-id=<20070116190000.CE1467F1F@exely.cs.utsa.edu>
Jan 16 13:00:01 dryad postfix/smtpd[3144]: disconnect from exely.cs.utsa.edu[129.115.27.33]
Jan 16 13:00:01 dryad postfix/qmgr[179]: 0C3C131F2A: from=<root@exely.cs.utsa.edu>, size=1797, nrcpt=1 (queue active)
Jan 16 13:00:02 dryad postfix/pipe[3147]: 0C3C131F2A: to=<maynard@dryad.cs.utsa.edu>, relay=filter, delay=1, status=sent (dryad.cs.utsa.edu)
Jan 16 13:00:02 dryad postfix/pickup[3126]: B7A8631F2D: uid=12455 from=<root@exely.cs.utsa.edu>
Jan 16 13:00:02 dryad postfix/cleanup[3145]: B7A8631F2D: message-id=<20070116190000.CE1467F1F@exely.cs.utsa.edu>
Jan 16 13:00:03 dryad postfix/qmgr[179]: B7A8631F2D: from=<root@exely.cs.utsa.edu>, size=1983, nrcpt=1 (queue active)
Jan 16 13:00:03 dryad postfix/local[3153]: B7A8631F2D: to=<maynard@localhost.cs.utsa.edu>, relay=local, delay=1, status=sent ("|/usr/local/bin/maildrop -d "$USER" -f "$SENDER" "$EXTENSION"")
Jan 16 13:00:08 dryad postfix/pickup[3126]: A232E31F2A: uid=0 from=<root>
Jan 16 13:00:08 dryad postfix/cleanup[3145]: A232E31F2A: message-id=<20070116190008.A232E31F2A@dryad.cs.utsa.edu>
Jan 16 13:00:08 dryad postfix/qmgr[179]: A232E31F2A: from=<root@cs.utsa.edu>, size=1894, nrcpt=1 (queue active)
Jan 16 13:00:09 dryad postfix/smtp[3182]: A232E31F2A: to=<maynard@cs.utsa.edu>, relay=mail0.cs.utsa.edu[129.115.29.4], delay=1, status=sent (250 Ok: queued as 4BD17275E)
Jan 16 13:00:09 dryad postfix/smtpd[3144]: connect from mail0.cs.utsa.edu[129.115.29.4]
Jan 16 13:00:09 dryad postfix/smtpd[3144]: 8D6B931F2A: client=mail0.cs.utsa.edu[129.115.29.4]
Jan 16 13:00:09 dryad postfix/cleanup[3145]: 8D6B931F2A: message-id=<20070116190008.A232E31F2A@dryad.cs.utsa.edu>
Jan 16 13:00:09 dryad postfix/smtpd[3144]: disconnect from mail0.cs.utsa.edu[129.115.29.4]
Jan 16 13:00:09 dryad postfix/qmgr[179]: 8D6B931F2A: from=<root@cs.utsa.edu>, size=2419, nrcpt=1 (queue active)
Jan 16 13:00:10 dryad postfix/pipe[3147]: 8D6B931F2A: to=<maynard@dryad.cs.utsa.edu>, relay=filter, delay=1, status=sent (dryad.cs.utsa.edu)
Jan 16 13:00:10 dryad postfix/pickup[3126]: C18BA31F2D: uid=12455 from=<root@cs.utsa.edu>
Jan 16 13:00:10 dryad postfix/cleanup[3145]: C18BA31F2D: message-id=<20070116190008.A232E31F2A@dryad.cs.utsa.edu>
Jan 16 13:00:10 dryad postfix/qmgr[179]: C18BA31F2D: from=<root@cs.utsa.edu>, size=2605, nrcpt=1 (queue active)
Jan 16 13:00:11 dryad postfix/local[3153]: C18BA31F2D: to=<maynard@localhost.cs.utsa.edu>, relay=local, delay=1, status=sent ("|/usr/local/bin/maildrop -d "$USER" -f "$SENDER" "$EXTENSION"")
Jan 16 13:13:21 dryad postfix/pickup[3126]: E7A4431F2A: uid=0 from=<root>
Jan 16 13:13:22 dryad postfix/cleanup[3237]: E7A4431F2A: message-id=<20070116191321.E7A4431F2A@dryad.cs.utsa.edu>
Jan 16 13:13:22 dryad postfix/qmgr[179]: E7A4431F2A: from=<root@cs.utsa.edu>, size=461, nrcpt=1 (queue active)
Jan 16 13:13:22 dryad postfix/smtp[3239]: E7A4431F2A: to=<root@cs.utsa.edu>, relay=mail0.cs.utsa.edu[129.115.29.4], delay=1, status=sent (250 Ok: queued as 1A5D4275E)
Jan 16 13:14:36 dryad postfix/smtpd[3241]: connect from mail0.cs.utsa.edu[129.115.29.4]
Jan 16 13:14:36 dryad postfix/smtpd[3241]: 2217631F2A: client=mail0.cs.utsa.edu[129.115.29.4]
