Jan 14 03:13:21 dryad postfix/pickup[19338]: AA15531F2A: uid=0 from=<root>
Jan 14 03:13:21 dryad postfix/cleanup[19488]: AA15531F2A: message-id=<20070114091321.AA15531F2A@dryad.cs.utsa.edu>
Jan 14 03:13:21 dryad postfix/qmgr[179]: AA15531F2A: from=<root@cs.utsa.edu>, size=461, nrcpt=1 (queue active)
Jan 14 03:13:22 dryad postfix/smtp[19489]: AA15531F2A: to=<root@cs.utsa.edu>, relay=mail0.cs.utsa.edu[129.115.29.4], delay=1, status=sent (250 Ok: queued as 91D652A43)
Jan 14 03:35:40 dryad postfix/smtpd[19523]: warning: 88.226.140.102: hostname dsl88-226-35942.ttnet.net.tr verification failed: Host not found
Jan 14 03:35:40 dryad postfix/smtpd[19523]: connect from unknown[88.226.140.102]
Jan 14 03:35:42 dryad postfix/smtpd[19523]: 2B60B31F2A: client=unknown[88.226.140.102]
Jan 14 03:35:42 dryad postfix/smtpd[19523]: reject: RCPT from unknown[88.226.140.102]: 550 <ssmith@dryad.cs.utsa.edu>: User unknown; from=<fduffour@legend-grp.com> to=<ssmith@dryad.cs.utsa.edu>
Jan 14 03:35:54 dryad postfix/smtpd[19523]: disconnect from unknown[88.226.140.102]
Jan 14 04:00:05 dryad postfix/pickup[19338]: 669A331F2A: uid=0 from=<root>
Jan 14 04:00:05 dryad postfix/cleanup[19575]: 669A331F2A: message-id=<20070114100005.669A331F2A@dryad.cs.utsa.edu>
Jan 14 04:00:05 dryad postfix/qmgr[179]: 669A331F2A: from=<root@cs.utsa.edu>, size=1512, nrcpt=1 (queue active)
Jan 14 04:00:06 dryad postfix/smtp[19577]: 669A331F2A: to=<maynard@cs.utsa.edu>, relay=mail0.cs.utsa.edu[129.115.29.4], delay=1, status=sent (250 Ok: queued as 662B42A43)
Jan 14 04:00:06 dryad postfix/smtpd[19578]: connect from mail0.cs.utsa.edu[129.115.29.4]
Jan 14 04:00:07 dryad postfix/smtpd[19578]: F1C3431F2A: client=mail0.cs.utsa.edu[129.115.29.4]
Jan 14 04:00:07 dryad postfix/cleanup[19575]: F1C3431F2A: message-id=<20070114100005.669A331F2A@dryad.cs.utsa.edu>
Jan 14 04:00:07 dryad postfix/smtpd[19578]: disconnect from mail0.cs.utsa.edu[129.115.29.4]
Jan 14 04:00:07 dryad postfix/qmgr[179]: F1C3431F2A: from=<root@cs.utsa.edu>, size=2037, nrcpt=1 (queue active)
Jan 14 04:00:08 dryad postfix/pickup[19338]: 7892431F2D: uid=12455 from=<root@cs.utsa.edu>
Jan 14 04:00:08 dryad postfix/cleanup[19575]: 7892431F2D: message-id=<20070114100005.669A331F2A@dryad.cs.utsa.edu>
Jan 14 04:00:08 dryad postfix/pipe[19579]: F1C3431F2A: to=<maynard@dryad.cs.utsa.edu>, relay=filter, delay=1, status=sent (dryad.cs.utsa.edu)
Jan 14 04:00:08 dryad postfix/qmgr[179]: 7892431F2D: from=<root@cs.utsa.edu>, size=2223, nrcpt=1 (queue active)
Jan 14 04:00:09 dryad postfix/local[19585]: 7892431F2D: to=<maynard@localhost.cs.utsa.edu>, relay=local, delay=1, status=sent ("|/usr/local/bin/maildrop -d "$USER" -f "$SENDER" "$EXTENSION"")
Jan 14 04:13:22 dryad postfix/pickup[19593]: 32D0231F2A: uid=0 from=<root>
Jan 14 04:13:22 dryad postfix/cleanup[19618]: 32D0231F2A: message-id=<20070114101322.32D0231F2A@dryad.cs.utsa.edu>
Jan 14 04:13:22 dryad postfix/qmgr[179]: 32D0231F2A: from=<root@cs.utsa.edu>, size=461, nrcpt=1 (queue active)
Jan 14 04:13:22 dryad postfix/smtp[19620]: 32D0231F2A: to=<root@cs.utsa.edu>, relay=mail0.cs.utsa.edu[129.115.29.4], delay=0, status=sent (250 Ok: queued as 975302A91)
Jan 14 04:30:01 dryad postfix/pickup[19593]: 2E6EF31F2A: uid=0 from=<root>
Jan 14 04:30:01 dryad postfix/cleanup[19649]: 2E6EF31F2A: message-id=<20070114103001.2E6EF31F2A@dryad.cs.utsa.edu>
Jan 14 04:30:01 dryad postfix/qmgr[179]: 2E6EF31F2A: from=<root@cs.utsa.edu>, size=553, nrcpt=1 (queue active)
Jan 14 04:30:01 dryad postfix/smtp[19651]: 2E6EF31F2A: to=<root@cs.utsa.edu>, relay=mail0.cs.utsa.edu[129.115.29.4], delay=0, status=sent (250 Ok: queued as 810902A43)
Jan 14 05:00:05 dryad postfix/pickup[19593]: BEDF531F2A: uid=0 from=<root>
Jan 14 05:00:06 dryad postfix/cleanup[19709]: BEDF531F2A: message-id=<20070114110005.BEDF531F2A@dryad.cs.utsa.edu>
Jan 14 05:00:06 dryad postfix/qmgr[179]: BEDF531F2A: from=<root@cs.utsa.edu>, size=1468, nrcpt=1 (queue active)
Jan 14 05:00:06 dryad postfix/smtp[19711]: BEDF531F2A: to=<maynard@cs.utsa.edu>, relay=mail0.cs.utsa.edu[129.115.29.4], delay=1, status=sent (250 Ok: queued as EEC9F2A43)
Jan 14 05:00:06 dryad postfix/smtpd[19712]: connect from mail0.cs.utsa.edu[129.115.29.4]
Jan 14 05:00:07 dryad postfix/smtpd[19712]: ED37D31F2A: client=mail0.cs.utsa.edu[129.115.29.4]
Jan 14 05:00:07 dryad postfix/cleanup[19709]: ED37D31F2A: message-id=<20070114110005.BEDF531F2A@dryad.cs.utsa.edu>
Jan 14 05:00:07 dryad postfix/smtpd[19712]: disconnect from mail0.cs.utsa.edu[129.115.29.4]
Jan 14 05:00:07 dryad postfix/qmgr[179]: ED37D31F2A: from=<root@cs.utsa.edu>, size=1993, nrcpt=1 (queue active)
Jan 14 05:00:08 dryad postfix/pipe[19713]: ED37D31F2A: to=<maynard@dryad.cs.utsa.edu>, relay=filter, delay=1, status=sent (dryad.cs.utsa.edu)
Jan 14 05:00:08 dryad postfix/pickup[19593]: 4D5A731F2D: uid=12455 from=<root@cs.utsa.edu>
Jan 14 05:00:08 dryad postfix/cleanup[19709]: 4D5A731F2D: message-id=<20070114110005.BEDF531F2A@dryad.cs.utsa.edu>
Jan 14 05:00:08 dryad postfix/qmgr[179]: 4D5A731F2D: from=<root@cs.utsa.edu>, size=2179, nrcpt=1 (queue active)
Jan 14 05:00:09 dryad postfix/local[19719]: 4D5A731F2D: to=<maynard@localhost.cs.utsa.edu>, relay=local, delay=1, status=sent ("|/usr/local/bin/maildrop -d "$USER" -f "$SENDER" "$EXTENSION"")
Jan 14 05:13:21 dryad postfix/pickup[19593]: C94A031F2A: uid=0 from=<root>
Jan 14 05:13:22 dryad postfix/cleanup[19749]: C94A031F2A: message-id=<20070114111321.C94A031F2A@dryad.cs.utsa.edu>
Jan 14 05:13:22 dryad postfix/qmgr[179]: C94A031F2A: from=<root@cs.utsa.edu>, size=461, nrcpt=1 (queue active)
Jan 14 05:13:22 dryad postfix/smtp[19751]: C94A031F2A: to=<root@cs.utsa.edu>, relay=mail0.cs.utsa.edu[129.115.29.4], delay=1, status=sent (250 Ok: queued as 271C32A43)
Jan 14 06:00:06 dryad postfix/pickup[19784]: 401EB31F2A: uid=0 from=<root>
Jan 14 06:00:06 dryad postfix/cleanup[19830]: 401EB31F2A: message-id=<20070114120006.401EB31F2A@dryad.cs.utsa.edu>
Jan 14 06:00:06 dryad postfix/qmgr[179]: 401EB31F2A: from=<root@cs.utsa.edu>, size=1298, nrcpt=1 (queue active)
Jan 14 06:00:07 dryad postfix/smtp[19832]: 401EB31F2A: to=<maynard@cs.utsa.edu>, relay=mail0.cs.utsa.edu[129.115.29.4], delay=1, status=sent (250 Ok: queued as 6B0192A43)
Jan 14 06:00:07 dryad postfix/smtpd[19833]: connect from mail0.cs.utsa.edu[129.115.29.4]
Jan 14 06:00:07 dryad postfix/smtpd[19833]: C897F31F2A: client=mail0.cs.utsa.edu[129.115.29.4]
Jan 14 06:00:07 dryad postfix/cleanup[19830]: C897F31F2A: message-id=<20070114120006.401EB31F2A@dryad.cs.utsa.edu>
Jan 14 06:00:07 dryad postfix/smtpd[19833]: disconnect from mail0.cs.utsa.edu[129.115.29.4]
Jan 14 06:00:07 dryad postfix/qmgr[179]: C897F31F2A: from=<root@cs.utsa.edu>, size=1823, nrcpt=1 (queue active)
Jan 14 06:00:09 dryad postfix/pipe[19834]: C897F31F2A: to=<maynard@dryad.cs.utsa.edu>, relay=filter, delay=2, status=sent (dryad.cs.utsa.edu)
Jan 14 06:00:09 dryad postfix/pickup[19784]: 2DA8231F2D: uid=12455 from=<root@cs.utsa.edu>
Jan 14 06:00:09 dryad postfix/cleanup[19830]: 2DA8231F2D: message-id=<20070114120006.401EB31F2A@dryad.cs.utsa.edu>
Jan 14 06:00:09 dryad postfix/qmgr[179]: 2DA8231F2D: from=<root@cs.utsa.edu>, size=2009, nrcpt=1 (queue active)
Jan 14 06:00:09 dryad postfix/local[19840]: 2DA8231F2D: to=<maynard@localhost.cs.utsa.edu>, relay=local, delay=0, status=sent ("|/usr/local/bin/maildrop -d "$USER" -f "$SENDER" "$EXTENSION"")
Jan 14 06:04:52 dryad postfix/smtpd[19850]: connect from 84.95.112.186.cable.012.net.il[84.95.112.186]
Jan 14 06:04:56 dryad postfix/smtpd[19850]: E344231F2A: client=84.95.112.186.cable.012.net.il[84.95.112.186]
Jan 14 06:04:58 dryad postfix/smtpd[19850]: reject: RCPT from 84.95.112.186.cable.012.net.il[84.95.112.186]: 550 <ssmith@dryad.cs.utsa.edu>: User unknown; from=<sheridan32701@barco.com> to=<ssmith@dryad.cs.utsa.edu>
Jan 14 06:05:04 dryad postfix/smtpd[19850]: lost connection after RCPT from 84.95.112.186.cable.012.net.il[84.95.112.186]
Jan 14 06:05:04 dryad postfix/smtpd[19850]: disconnect from 84.95.112.186.cable.012.net.il[84.95.112.186]
Jan 14 06:13:21 dryad postfix/pickup[19784]: 716FA31F2A: uid=0 from=<root>
Jan 14 06:13:21 dryad postfix/cleanup[19875]: 716FA31F2A: message-id=<20070114121321.716FA31F2A@dryad.cs.utsa.edu>
Jan 14 06:13:21 dryad postfix/qmgr[179]: 716FA31F2A: from=<root@cs.utsa.edu>, size=461, nrcpt=1 (queue active)
Jan 14 06:13:22 dryad postfix/smtp[19877]: 716FA31F2A: to=<root@cs.utsa.edu>, relay=mail0.cs.utsa.edu[129.115.29.4], delay=1, status=sent (250 Ok: queued as AF9132A43)
Jan 14 06:39:54 dryad postfix/pickup[19784]: 3010931F2A: uid=0 from=<root>
Jan 14 06:39:54 dryad postfix/cleanup[19919]: 3010931F2A: message-id=<20070114123953.3010931F2A@dryad.cs.utsa.edu>
Jan 14 06:39:56 dryad postfix/qmgr[179]: 3010931F2A: from=<root@cs.utsa.edu>, size=7185, nrcpt=1 (queue active)
Jan 14 06:39:58 dryad postfix/smtp[19921]: 3010931F2A: to=<root@cs.utsa.edu>, relay=mail0.cs.utsa.edu[129.115.29.4], delay=5, status=sent (250 Ok: queued as 813272AA1)
Jan 14 07:00:07 dryad postfix/pickup[19784]: 46B7031F2A: uid=0 from=<root>
Jan 14 07:00:07 dryad postfix/cleanup[19966]: 46B7031F2A: message-id=<20070114130007.46B7031F2A@dryad.cs.utsa.edu>
Jan 14 07:00:07 dryad postfix/qmgr[179]: 46B7031F2A: from=<root@cs.utsa.edu>, size=2072, nrcpt=1 (queue active)
Jan 14 07:00:08 dryad postfix/smtp[19968]: 46B7031F2A: to=<maynard@cs.utsa.edu>, relay=mail0.cs.utsa.edu[129.115.29.4], delay=1, status=sent (250 Ok: queued as 726D62AA1)
Jan 14 07:00:08 dryad postfix/smtpd[19969]: connect from mail0.cs.utsa.edu[129.115.29.4]
Jan 14 07:00:09 dryad postfix/smtpd[19969]: F2CBF31F2A: client=mail0.cs.utsa.edu[129.115.29.4]
Jan 14 07:00:09 dryad postfix/cleanup[19966]: F2CBF31F2A: message-id=<20070114130007.46B7031F2A@dryad.cs.utsa.edu>
Jan 14 07:00:09 dryad postfix/smtpd[19969]: disconnect from mail0.cs.utsa.edu[129.115.29.4]
Jan 14 07:00:09 dryad postfix/qmgr[179]: F2CBF31F2A: from=<root@cs.utsa.edu>, size=2597, nrcpt=1 (queue active)
Jan 14 07:00:11 dryad postfix/pipe[19970]: F2CBF31F2A: to=<maynard@dryad.cs.utsa.edu>, relay=filter, delay=2, status=sent (dryad.cs.utsa.edu)
Jan 14 07:00:11 dryad postfix/pickup[19784]: D379531F2D: uid=12455 from=<root@cs.utsa.edu>
Jan 14 07:00:11 dryad postfix/cleanup[19966]: D379531F2D: message-id=<20070114130007.46B7031F2A@dryad.cs.utsa.edu>
Jan 14 07:00:12 dryad postfix/qmgr[179]: D379531F2D: from=<root@cs.utsa.edu>, size=2783, nrcpt=1 (queue active)
Jan 14 07:00:12 dryad postfix/local[19976]: D379531F2D: to=<maynard@localhost.cs.utsa.edu>, relay=local, delay=1, status=sent ("|/usr/local/bin/maildrop -d "$USER" -f "$SENDER" "$EXTENSION"")
Jan 14 07:11:41 dryad postfix/smtpd[19996]: connect from mail0.cs.utsa.edu[129.115.29.4]
Jan 14 07:11:41 dryad postfix/smtpd[19996]: 9743531F2A: client=mail0.cs.utsa.edu[129.115.29.4]
Jan 14 07:11:41 dryad postfix/cleanup[19997]: 9743531F2A: message-id=<01c737dd$87542fd0$6c822ecf@copilotCascades>
Jan 14 07:11:41 dryad postfix/smtpd[19996]: disconnect from mail0.cs.utsa.edu[129.115.29.4]
Jan 14 07:11:41 dryad postfix/qmgr[179]: 9743531F2A: from=<copilotCascades@according2prophecy.org>, size=1856, nrcpt=1 (queue active)
Jan 14 07:11:44 dryad postfix/pipe[19999]: 9743531F2A: to=<maynard@dryad.cs.utsa.edu>, relay=filter, delay=3, status=sent (dryad.cs.utsa.edu)
Jan 14 07:11:44 dryad postfix/pickup[19784]: 0EAF331F2D: uid=12455 from=<copilotCascades@according2prophecy.org>
Jan 14 07:11:44 dryad postfix/cleanup[19997]: 0EAF331F2D: message-id=<01c737dd$87542fd0$6c822ecf@copilotCascades>
Jan 14 07:11:44 dryad postfix/qmgr[179]: 0EAF331F2D: from=<copilotCascades@according2prophecy.org>, size=2043, nrcpt=1 (queue active)
Jan 14 07:11:44 dryad postfix/local[20005]: 0EAF331F2D: to=<maynard@localhost.cs.utsa.edu>, relay=local, delay=0, status=sent ("|/usr/local/bin/maildrop -d "$USER" -f "$SENDER" "$EXTENSION"")
Jan 14 07:13:21 dryad postfix/pickup[20008]: 8204431F2A: uid=0 from=<root>
Jan 14 07:13:21 dryad postfix/cleanup[19997]: 8204431F2A: message-id=<20070114131321.8204431F2A@dryad.cs.utsa.edu>
Jan 14 07:13:21 dryad postfix/qmgr[179]: 8204431F2A: from=<root@cs.utsa.edu>, size=461, nrcpt=1 (queue active)
Jan 14 07:13:22 dryad postfix/smtp[20021]: 8204431F2A: to=<root@cs.utsa.edu>, relay=mail0.cs.utsa.edu[129.115.29.4], delay=1, status=sent (250 Ok: queued as AC66D2AA1)
Jan 14 07:34:46 dryad postfix/smtpd[20048]: connect from unknown[212.13.117.2]
Jan 14 07:34:47 dryad postfix/smtpd[20048]: 67FEB31F2A: client=unknown[212.13.117.2]
Jan 14 07:34:48 dryad postfix/smtpd[20048]: reject: RCPT from unknown[212.13.117.2]: 550 <ssmith@dryad.cs.utsa.edu>: User unknown; from=<shlomo996@baptiststandard.com> to=<ssmith@dryad.cs.utsa.edu>
Jan 14 07:34:57 dryad postfix/smtpd[20048]: lost connection after RCPT from unknown[212.13.117.2]
Jan 14 07:34:57 dryad postfix/smtpd[20048]: disconnect from unknown[212.13.117.2]
Jan 14 08:00:06 dryad postfix/pickup[20008]: 98D1131F2A: uid=0 from=<root>
Jan 14 08:00:06 dryad postfix/cleanup[20101]: 98D1131F2A: message-id=<20070114140006.98D1131F2A@dryad.cs.utsa.edu>
Jan 14 08:00:06 dryad postfix/qmgr[179]: 98D1131F2A: from=<root@cs.utsa.edu>, size=2182, nrcpt=1 (queue active)
Jan 14 08:00:07 dryad postfix/smtp[20103]: 98D1131F2A: to=<maynard@cs.utsa.edu>, relay=mail0.cs.utsa.edu[129.115.29.4], delay=1, status=sent (250 Ok: queued as 9FD5A2A43)
Jan 14 08:00:08 dryad postfix/smtpd[20104]: connect from mail0.cs.utsa.edu[129.115.29.4]
Jan 14 08:00:08 dryad postfix/smtpd[20104]: 1A5B131F2A: client=mail0.cs.utsa.edu[129.115.29.4]
Jan 14 08:00:08 dryad postfix/cleanup[20101]: 1A5B131F2A: message-id=<20070114140006.98D1131F2A@dryad.cs.utsa.edu>
Jan 14 08:00:08 dryad postfix/smtpd[20104]: disconnect from mail0.cs.utsa.edu[129.115.29.4]
Jan 14 08:00:08 dryad postfix/qmgr[179]: 1A5B131F2A: from=<root@cs.utsa.edu>, size=2707, nrcpt=1 (queue active)
Jan 14 08:00:09 dryad postfix/pickup[20008]: 8A28531F2D: uid=12455 from=<root@cs.utsa.edu>
Jan 14 08:00:09 dryad postfix/cleanup[20101]: 8A28531F2D: message-id=<20070114140006.98D1131F2A@dryad.cs.utsa.edu>
Jan 14 08:00:09 dryad postfix/pipe[20105]: 1A5B131F2A: to=<maynard@dryad.cs.utsa.edu>, relay=filter, delay=1, status=sent (dryad.cs.utsa.edu)
Jan 14 08:00:09 dryad postfix/qmgr[179]: 8A28531F2D: from=<root@cs.utsa.edu>, size=2893, nrcpt=1 (queue active)
Jan 14 08:00:10 dryad postfix/local[20111]: 8A28531F2D: to=<maynard@localhost.cs.utsa.edu>, relay=local, delay=1, status=sent ("|/usr/local/bin/maildrop -d "$USER" -f "$SENDER" "$EXTENSION"")
Jan 14 08:13:21 dryad postfix/pickup[20008]: B03B631F2A: uid=0 from=<root>
Jan 14 08:13:22 dryad postfix/cleanup[20142]: B03B631F2A: message-id=<20070114141321.B03B631F2A@dryad.cs.utsa.edu>
Jan 14 08:13:22 dryad postfix/qmgr[179]: B03B631F2A: from=<root@cs.utsa.edu>, size=461, nrcpt=1 (queue active)
Jan 14 08:13:22 dryad postfix/smtp[20144]: B03B631F2A: to=<root@cs.utsa.edu>, relay=mail0.cs.utsa.edu[129.115.29.4], delay=1, status=sent (250 Ok: queued as F080B2AA1)
Jan 14 08:13:32 dryad postfix/smtpd[20145]: connect from 5.252-243-81.adsl-static.isp.belgacom.be[81.243.252.5]
Jan 14 08:13:33 dryad postfix/smtpd[20145]: EC6AE31F2A: client=5.252-243-81.adsl-static.isp.belgacom.be[81.243.252.5]
Jan 14 08:13:33 dryad postfix/smtpd[20145]: reject: RCPT from 5.252-243-81.adsl-static.isp.belgacom.be[81.243.252.5]: 550 <djimenez@dryad.cs.utsa.edu>: User unknown; from=<chaipongcup.com@westforkonline.com> to=<djimenez@dryad.cs.utsa.edu>
Jan 14 08:13:38 dryad postfix/smtpd[20145]: lost connection after RCPT from 5.252-243-81.adsl-static.isp.belgacom.be[81.243.252.5]
Jan 14 08:13:38 dryad postfix/smtpd[20145]: disconnect from 5.252-243-81.adsl-static.isp.belgacom.be[81.243.252.5]
Jan 14 08:41:02 dryad postfix/smtpd[20181]: connect from 219-84-63-31-adsl-tpe.dynamic.so-net.net.tw[219.84.63.31]
Jan 14 08:41:02 dryad postfix/smtpd[20181]: disconnect from 219-84-63-31-adsl-tpe.dynamic.so-net.net.tw[219.84.63.31]
Jan 14 08:41:03 dryad postfix/smtpd[20181]: connect from 219-84-63-31-adsl-tpe.dynamic.so-net.net.tw[219.84.63.31]
Jan 14 08:41:08 dryad postfix/smtpd[20181]: DE57231F2A: client=219-84-63-31-adsl-tpe.dynamic.so-net.net.tw[219.84.63.31]
Jan 14 08:41:09 dryad postfix/smtpd[20181]: reject: RCPT from 219-84-63-31-adsl-tpe.dynamic.so-net.net.tw[219.84.63.31]: 554 <dvdr_mail2000@yahoo.com.cn>: Recipient address rejected: Relay access denied; from=<lee@msa.hinet.net> to=<dvdr_mail2000@yahoo.com.cn>
Jan 14 08:41:49 dryad postfix/smtpd[20181]: disconnect from 219-84-63-31-adsl-tpe.dynamic.so-net.net.tw[219.84.63.31]
Jan 14 08:48:03 dryad postfix/smtpd[20192]: connect from mail0.cs.utsa.edu[129.115.29.4]
Jan 14 08:48:03 dryad postfix/smtpd[20192]: 9F66631F2A: client=mail0.cs.utsa.edu[129.115.29.4]
Jan 14 08:48:03 dryad postfix/cleanup[20193]: 9F66631F2A: message-id=<01c737ea$fd48a560$6c822ecf@routinizingbunions>
Jan 14 08:48:03 dryad postfix/smtpd[20192]: disconnect from mail0.cs.utsa.edu[129.115.29.4]
Jan 14 08:48:03 dryad postfix/qmgr[179]: 9F66631F2A: from=<routinizingbunions@absa-ib.co.za>, size=1693, nrcpt=1 (queue active)
Jan 14 08:48:05 dryad postfix/pipe[20195]: 9F66631F2A: to=<maynard@dryad.cs.utsa.edu>, relay=filter, delay=2, status=sent (dryad.cs.utsa.edu)
Jan 14 08:48:05 dryad postfix/pickup[20201]: BF66C31F2D: uid=12455 from=<routinizingbunions@absa-ib.co.za>
Jan 14 08:48:05 dryad postfix/cleanup[20193]: BF66C31F2D: message-id=<01c737ea$fd48a560$6c822ecf@routinizingbunions>
Jan 14 08:48:06 dryad postfix/qmgr[179]: BF66C31F2D: from=<routinizingbunions@absa-ib.co.za>, size=1880, nrcpt=1 (queue active)
Jan 14 08:48:06 dryad postfix/local[20202]: BF66C31F2D: to=<maynard@localhost.cs.utsa.edu>, relay=local, delay=1, status=sent ("|/usr/local/bin/maildrop -d "$USER" -f "$SENDER" "$EXTENSION"")
Jan 14 09:00:07 dryad postfix/pickup[20201]: 1BA5231F2A: uid=0 from=<root>
Jan 14 09:00:07 dryad postfix/cleanup[20240]: 1BA5231F2A: message-id=<20070114150006.1BA5231F2A@dryad.cs.utsa.edu>
Jan 14 09:00:07 dryad postfix/qmgr[179]: 1BA5231F2A: from=<root@cs.utsa.edu>, size=2630, nrcpt=1 (queue active)
Jan 14 09:00:07 dryad postfix/smtp[20242]: 1BA5231F2A: to=<maynard@cs.utsa.edu>, relay=mail0.cs.utsa.edu[129.115.29.4], delay=1, status=sent (250 Ok: queued as 102472AA1)
Jan 14 09:00:08 dryad postfix/smtpd[20243]: connect from mail0.cs.utsa.edu[129.115.29.4]
Jan 14 09:00:08 dryad postfix/smtpd[20243]: 8E73D31F2A: client=mail0.cs.utsa.edu[129.115.29.4]
Jan 14 09:00:08 dryad postfix/cleanup[20240]: 8E73D31F2A: message-id=<20070114150006.1BA5231F2A@dryad.cs.utsa.edu>
Jan 14 09:00:08 dryad postfix/smtpd[20243]: disconnect from mail0.cs.utsa.edu[129.115.29.4]
Jan 14 09:00:08 dryad postfix/qmgr[179]: 8E73D31F2A: from=<root@cs.utsa.edu>, size=3155, nrcpt=1 (queue active)
Jan 14 09:00:10 dryad postfix/pipe[20244]: 8E73D31F2A: to=<maynard@dryad.cs.utsa.edu>, relay=filter, delay=2, status=sent (dryad.cs.utsa.edu)
Jan 14 09:00:10 dryad postfix/pickup[20201]: 2282031F2D: uid=12455 from=<root@cs.utsa.edu>
Jan 14 09:00:10 dryad postfix/cleanup[20240]: 2282031F2D: message-id=<20070114150006.1BA5231F2A@dryad.cs.utsa.edu>
Jan 14 09:00:10 dryad postfix/qmgr[179]: 2282031F2D: from=<root@cs.utsa.edu>, size=3341, nrcpt=1 (queue active)
Jan 14 09:00:10 dryad postfix/local[20250]: 2282031F2D: to=<maynard@localhost.cs.utsa.edu>, relay=local, delay=0, status=sent ("|/usr/local/bin/maildrop -d "$USER" -f "$SENDER" "$EXTENSION"")
Jan 14 09:13:22 dryad postfix/pickup[20201]: ABDEA31F2A: uid=0 from=<root>
Jan 14 09:13:23 dryad postfix/cleanup[20343]: ABDEA31F2A: message-id=<20070114151322.ABDEA31F2A@dryad.cs.utsa.edu>
Jan 14 09:13:23 dryad postfix/qmgr[179]: ABDEA31F2A: from=<root@cs.utsa.edu>, size=461, nrcpt=1 (queue active)
Jan 14 09:13:23 dryad postfix/smtp[20345]: ABDEA31F2A: to=<root@cs.utsa.edu>, relay=mail0.cs.utsa.edu[129.115.29.4], delay=1, status=sent (250 Ok: queued as EC34E275E)
Jan 14 09:31:40 dryad postfix/smtpd[20369]: connect from mail0.cs.utsa.edu[129.115.29.4]
Jan 14 09:31:40 dryad postfix/smtpd[20369]: 7762E31F2A: client=mail0.cs.utsa.edu[129.115.29.4]
Jan 14 09:31:40 dryad postfix/cleanup[20370]: 7762E31F2A: message-id=<01c737f1$19fbd910$6c822ecf@detachmentwidower>
Jan 14 09:31:40 dryad postfix/smtpd[20369]: disconnect from mail0.cs.utsa.edu[129.115.29.4]
Jan 14 09:31:40 dryad postfix/qmgr[179]: 7762E31F2A: from=<detachmentwidower@acadia.eng.sun.com>, size=1745, nrcpt=1 (queue active)
Jan 14 09:31:42 dryad postfix/pickup[20201]: 7C96231F2D: uid=12455 from=<detachmentwidower@acadia.eng.sun.com>
Jan 14 09:31:42 dryad postfix/cleanup[20370]: 7C96231F2D: message-id=<01c737f1$19fbd910$6c822ecf@detachmentwidower>
Jan 14 09:31:42 dryad postfix/pipe[20372]: 7762E31F2A: to=<maynard@dryad.cs.utsa.edu>, relay=filter, delay=2, status=sent (dryad.cs.utsa.edu)
Jan 14 09:31:42 dryad postfix/qmgr[179]: 7C96231F2D: from=<detachmentwidower@acadia.eng.sun.com>, size=1932, nrcpt=1 (queue active)
Jan 14 09:31:43 dryad postfix/local[20378]: 7C96231F2D: to=<maynard@localhost.cs.utsa.edu>, relay=local, delay=1, status=sent ("|/usr/local/bin/maildrop -d "$USER" -f "$SENDER" "$EXTENSION"")
Jan 14 09:42:50 dryad postfix/smtpd[20395]: connect from mail0.cs.utsa.edu[129.115.29.4]
Jan 14 09:42:50 dryad postfix/smtpd[20395]: D188531F2A: client=mail0.cs.utsa.edu[129.115.29.4]
Jan 14 09:42:51 dryad postfix/cleanup[20396]: D188531F2A: message-id=<01c737f2$a52ea7a0$6c822ecf@bbluesconsortiume>
Jan 14 09:42:51 dryad postfix/smtpd[20395]: disconnect from mail0.cs.utsa.edu[129.115.29.4]
Jan 14 09:42:51 dryad postfix/qmgr[179]: D188531F2A: from=<bbluesconsortiume@bluesconsortium.com>, size=3808, nrcpt=1 (queue active)
Jan 14 09:42:53 dryad postfix/pickup[20201]: 1453B31F2D: uid=12455 from=<bbluesconsortiume@bluesconsortium.com>
Jan 14 09:42:53 dryad postfix/cleanup[20396]: 1453B31F2D: message-id=<01c737f2$a52ea7a0$6c822ecf@bbluesconsortiume>
Jan 14 09:42:53 dryad postfix/pipe[20398]: D188531F2A: to=<maynard@dryad.cs.utsa.edu>, relay=filter, delay=3, status=sent (dryad.cs.utsa.edu)
Jan 14 09:42:53 dryad postfix/qmgr[179]: 1453B31F2D: from=<bbluesconsortiume@bluesconsortium.com>, size=3995, nrcpt=1 (queue active)
Jan 14 09:42:53 dryad postfix/local[20404]: 1453B31F2D: to=<maynard@localhost.cs.utsa.edu>, relay=local, delay=0, status=sent ("|/usr/local/bin/maildrop -d "$USER" -f "$SENDER" "$EXTENSION"")
Jan 14 10:00:11 dryad postfix/pickup[20201]: A2C5D31F2A: uid=0 from=<root>
Jan 14 10:00:11 dryad postfix/cleanup[20741]: A2C5D31F2A: message-id=<20070114160011.A2C5D31F2A@dryad.cs.utsa.edu>
Jan 14 10:00:12 dryad postfix/qmgr[179]: A2C5D31F2A: from=<root@cs.utsa.edu>, size=2073, nrcpt=1 (queue active)
Jan 14 10:00:12 dryad postfix/smtp[20743]: A2C5D31F2A: to=<maynard@cs.utsa.edu>, relay=mail0.cs.utsa.edu[129.115.29.4], delay=1, status=sent (250 Ok: queued as A595B2A43)
Jan 14 10:00:13 dryad postfix/smtpd[20744]: connect from mail0.cs.utsa.edu[129.115.29.4]
Jan 14 10:00:13 dryad postfix/smtpd[20744]: 21C9331F2A: client=mail0.cs.utsa.edu[129.115.29.4]
Jan 14 10:00:13 dryad postfix/cleanup[20741]: 21C9331F2A: message-id=<20070114160011.A2C5D31F2A@dryad.cs.utsa.edu>
Jan 14 10:00:13 dryad postfix/smtpd[20744]: disconnect from mail0.cs.utsa.edu[129.115.29.4]
Jan 14 10:00:13 dryad postfix/qmgr[179]: 21C9331F2A: from=<root@cs.utsa.edu>, size=2598, nrcpt=1 (queue active)
Jan 14 10:00:15 dryad postfix/pipe[20747]: 21C9331F2A: to=<maynard@dryad.cs.utsa.edu>, relay=filter, delay=2, status=sent (dryad.cs.utsa.edu)
Jan 14 10:00:15 dryad postfix/pickup[20201]: D52F631F2D: uid=12455 from=<root@cs.utsa.edu>
Jan 14 10:00:15 dryad postfix/cleanup[20741]: D52F631F2D: message-id=<20070114160011.A2C5D31F2A@dryad.cs.utsa.edu>
Jan 14 10:00:16 dryad postfix/qmgr[179]: D52F631F2D: from=<root@cs.utsa.edu>, size=2784, nrcpt=1 (queue active)
Jan 14 10:00:16 dryad postfix/local[20755]: D52F631F2D: to=<maynard@localhost.cs.utsa.edu>, relay=local, delay=1, status=sent ("|/usr/local/bin/maildrop -d "$USER" -f "$SENDER" "$EXTENSION"")
Jan 14 10:13:22 dryad postfix/pickup[20201]: 4575D31F2A: uid=0 from=<root>
Jan 14 10:13:22 dryad postfix/cleanup[21976]: 4575D31F2A: message-id=<20070114161322.4575D31F2A@dryad.cs.utsa.edu>
Jan 14 10:13:22 dryad postfix/qmgr[179]: 4575D31F2A: from=<root@cs.utsa.edu>, size=461, nrcpt=1 (queue active)
Jan 14 10:13:23 dryad postfix/smtp[21978]: 4575D31F2A: to=<root@cs.utsa.edu>, relay=mail0.cs.utsa.edu[129.115.29.4], delay=1, status=sent (250 Ok: queued as 31CC62A91)
Jan 14 10:55:44 dryad postfix/smtpd[22830]: connect from mail0.cs.utsa.edu[129.115.29.4]
Jan 14 10:55:45 dryad postfix/smtpd[22830]: 0976D31F2A: client=mail0.cs.utsa.edu[129.115.29.4]
Jan 14 10:55:45 dryad postfix/cleanup[22831]: 0976D31F2A: message-id=<792801c737fc$015de45d$ba5bbf41@cpe-065-191-091-186.nc.res.rr.com>
Jan 14 10:55:45 dryad postfix/smtpd[22830]: disconnect from mail0.cs.utsa.edu[129.115.29.4]
Jan 14 10:55:45 dryad postfix/qmgr[179]: 0976D31F2A: from=<Havlin@businessworldvi.com>, size=2237, nrcpt=1 (queue active)
Jan 14 10:55:47 dryad postfix/pipe[22833]: 0976D31F2A: to=<maynard@dryad.cs.utsa.edu>, relay=filter, delay=2, status=sent (dryad.cs.utsa.edu)
Jan 14 10:55:47 dryad postfix/pickup[22535]: 90B9931F2D: uid=12455 from=<Havlin@businessworldvi.com>
Jan 14 10:55:47 dryad postfix/cleanup[22831]: 90B9931F2D: message-id=<792801c737fc$015de45d$ba5bbf41@cpe-065-191-091-186.nc.res.rr.com>
Jan 14 10:55:47 dryad postfix/qmgr[179]: 90B9931F2D: from=<Havlin@businessworldvi.com>, size=2424, nrcpt=1 (queue active)
Jan 14 10:55:48 dryad postfix/local[22840]: 90B9931F2D: to=<maynard@localhost.cs.utsa.edu>, relay=local, delay=1, status=sent ("|/usr/local/bin/maildrop -d "$USER" -f "$SENDER" "$EXTENSION"")
Jan 14 11:00:06 dryad postfix/pickup[22535]: 2D16831F2A: uid=0 from=<root>
Jan 14 11:00:06 dryad postfix/cleanup[22867]: 2D16831F2A: message-id=<20070114170005.2D16831F2A@dryad.cs.utsa.edu>
Jan 14 11:00:06 dryad postfix/qmgr[179]: 2D16831F2A: from=<root@cs.utsa.edu>, size=1443, nrcpt=1 (queue active)
Jan 14 11:00:07 dryad postfix/smtp[22869]: 2D16831F2A: to=<maynard@cs.utsa.edu>, relay=mail0.cs.utsa.edu[129.115.29.4], delay=2, status=sent (250 Ok: queued as 85ADB2AA1)
Jan 14 11:00:08 dryad postfix/smtpd[22870]: connect from mail0.cs.utsa.edu[129.115.29.4]
Jan 14 11:00:08 dryad postfix/smtpd[22870]: C1DA531F2A: client=mail0.cs.utsa.edu[129.115.29.4]
Jan 14 11:00:08 dryad postfix/cleanup[22867]: C1DA531F2A: message-id=<20070114170005.2D16831F2A@dryad.cs.utsa.edu>
Jan 14 11:00:08 dryad postfix/smtpd[22870]: disconnect from mail0.cs.utsa.edu[129.115.29.4]
Jan 14 11:00:08 dryad postfix/qmgr[179]: C1DA531F2A: from=<root@cs.utsa.edu>, size=1968, nrcpt=1 (queue active)
Jan 14 11:00:10 dryad postfix/pipe[22871]: C1DA531F2A: to=<maynard@dryad.cs.utsa.edu>, relay=filter, delay=2, status=sent (dryad.cs.utsa.edu)
Jan 14 11:00:10 dryad postfix/pickup[22535]: 27A0731F2D: uid=12455 from=<root@cs.utsa.edu>
Jan 14 11:00:10 dryad postfix/cleanup[22867]: 27A0731F2D: message-id=<20070114170005.2D16831F2A@dryad.cs.utsa.edu>
Jan 14 11:00:10 dryad postfix/qmgr[179]: 27A0731F2D: from=<root@cs.utsa.edu>, size=2154, nrcpt=1 (queue active)
Jan 14 11:00:10 dryad postfix/local[22877]: 27A0731F2D: to=<maynard@localhost.cs.utsa.edu>, relay=local, delay=0, status=sent ("|/usr/local/bin/maildrop -d "$USER" -f "$SENDER" "$EXTENSION"")
Jan 14 11:13:22 dryad postfix/pickup[22535]: 2D0DD31F2A: uid=0 from=<root>
Jan 14 11:13:22 dryad postfix/cleanup[22908]: 2D0DD31F2A: message-id=<20070114171322.2D0DD31F2A@dryad.cs.utsa.edu>
Jan 14 11:13:22 dryad postfix/qmgr[179]: 2D0DD31F2A: from=<root@cs.utsa.edu>, size=461, nrcpt=1 (queue active)
Jan 14 11:13:24 dryad postfix/smtp[22910]: 2D0DD31F2A: to=<root@cs.utsa.edu>, relay=mail0.cs.utsa.edu[129.115.29.4], delay=2, status=sent (250 Ok: queued as D909F2AA1)
Jan 14 11:25:02 dryad postfix/smtpd[22926]: connect from mail0.cs.utsa.edu[129.115.29.4]
Jan 14 11:25:02 dryad postfix/smtpd[22926]: 9E54531F2A: client=mail0.cs.utsa.edu[129.115.29.4]
Jan 14 11:25:02 dryad postfix/cleanup[22927]: 9E54531F2A: message-id=<609749947.38506470832902@thebat.net>
Jan 14 11:25:02 dryad postfix/smtpd[22926]: disconnect from mail0.cs.utsa.edu[129.115.29.4]
Jan 14 11:25:02 dryad postfix/qmgr[179]: 9E54531F2A: from=<origtopcat@yocor.com>, size=3934, nrcpt=1 (queue active)
Jan 14 11:25:05 dryad postfix/pickup[22535]: 2732931F2D: uid=12455 from=<origtopcat@yocor.com>
Jan 14 11:25:05 dryad postfix/cleanup[22927]: 2732931F2D: message-id=<609749947.38506470832902@thebat.net>
Jan 14 11:25:05 dryad postfix/pipe[22929]: 9E54531F2A: to=<maynard@dryad.cs.utsa.edu>, relay=filter, delay=3, status=sent (dryad.cs.utsa.edu)
Jan 14 11:25:05 dryad postfix/qmgr[179]: 2732931F2D: from=<origtopcat@yocor.com>, size=4121, nrcpt=1 (queue active)
Jan 14 11:25:05 dryad postfix/local[22935]: 2732931F2D: to=<maynard@localhost.cs.utsa.edu>, relay=local, delay=0, status=sent ("|/usr/local/bin/maildrop -d "$USER" -f "$SENDER" "$EXTENSION"")
Jan 14 11:25:38 dryad postfix/smtpd[22926]: connect from mail0.cs.utsa.edu[129.115.29.4]
Jan 14 11:25:38 dryad postfix/smtpd[22926]: 115A731F2A: client=mail0.cs.utsa.edu[129.115.29.4]
Jan 14 11:25:38 dryad postfix/cleanup[22927]: 115A731F2A: message-id=<259119458.81972943572911@thebat.net>
Jan 14 11:25:38 dryad postfix/smtpd[22926]: disconnect from mail0.cs.utsa.edu[129.115.29.4]
Jan 14 11:25:38 dryad postfix/qmgr[179]: 115A731F2A: from=<sbsteele@optusnet.com.au>, size=4209, nrcpt=1 (queue active)
Jan 14 11:25:39 dryad postfix/pickup[22535]: D30F331F2D: uid=12455 from=<sbsteele@optusnet.com.au>
Jan 14 11:25:39 dryad postfix/cleanup[22927]: D30F331F2D: message-id=<259119458.81972943572911@thebat.net>
Jan 14 11:25:39 dryad postfix/pipe[22929]: 115A731F2A: to=<maynard@dryad.cs.utsa.edu>, relay=filter, delay=1, status=sent (dryad.cs.utsa.edu)
Jan 14 11:25:39 dryad postfix/qmgr[179]: D30F331F2D: from=<sbsteele@optusnet.com.au>, size=4396, nrcpt=1 (queue active)
Jan 14 11:25:40 dryad postfix/local[22935]: D30F331F2D: to=<maynard@localhost.cs.utsa.edu>, relay=local, delay=1, status=sent ("|/usr/local/bin/maildrop -d "$USER" -f "$SENDER" "$EXTENSION"")
Jan 14 11:48:09 dryad postfix/smtpd[23977]: connect from mail0.cs.utsa.edu[129.115.29.4]
Jan 14 11:48:09 dryad postfix/smtpd[23977]: 95C3D31F2A: client=mail0.cs.utsa.edu[129.115.29.4]
Jan 14 11:48:10 dryad postfix/cleanup[23978]: 95C3D31F2A: message-id=<01c73804$36495a30$6c822ecf@uncollectedvineyard>
Jan 14 11:48:10 dryad postfix/smtpd[23977]: disconnect from mail0.cs.utsa.edu[129.115.29.4]
Jan 14 11:48:10 dryad postfix/qmgr[179]: 95C3D31F2A: from=<uncollectedvineyard@acacia.eng.sun.com>, size=1764, nrcpt=1 (queue active)
Jan 14 11:48:12 dryad postfix/pipe[23982]: 95C3D31F2A: to=<maynard@dryad.cs.utsa.edu>, relay=filter, delay=3, status=sent (dryad.cs.utsa.edu)
Jan 14 11:48:12 dryad postfix/pickup[22535]: 8FDB131F2D: uid=12455 from=<uncollectedvineyard@acacia.eng.sun.com>
Jan 14 11:48:12 dryad postfix/cleanup[23978]: 8FDB131F2D: message-id=<01c73804$36495a30$6c822ecf@uncollectedvineyard>
Jan 14 11:48:13 dryad postfix/qmgr[179]: 8FDB131F2D: from=<uncollectedvineyard@acacia.eng.sun.com>, size=1951, nrcpt=1 (queue active)
Jan 14 11:48:13 dryad postfix/local[23990]: 8FDB131F2D: to=<maynard@localhost.cs.utsa.edu>, relay=local, delay=1, status=sent ("|/usr/local/bin/maildrop -d "$USER" -f "$SENDER" "$EXTENSION"")
Jan 14 12:00:06 dryad postfix/pickup[24336]: BBFB431F2A: uid=0 from=<root>
Jan 14 12:00:07 dryad postfix/cleanup[24434]: BBFB431F2A: message-id=<20070114180006.BBFB431F2A@dryad.cs.utsa.edu>
Jan 14 12:00:07 dryad postfix/qmgr[179]: BBFB431F2A: from=<root@cs.utsa.edu>, size=2466, nrcpt=1 (queue active)
Jan 14 12:00:07 dryad postfix/smtp[24436]: BBFB431F2A: to=<maynard@cs.utsa.edu>, relay=mail0.cs.utsa.edu[129.115.29.4], delay=1, status=sent (250 Ok: queued as 28A652A91)
Jan 14 12:00:08 dryad postfix/smtpd[24437]: connect from mail0.cs.utsa.edu[129.115.29.4]
Jan 14 12:00:08 dryad postfix/smtpd[24437]: 6FD1531F2A: client=mail0.cs.utsa.edu[129.115.29.4]
Jan 14 12:00:08 dryad postfix/cleanup[24434]: 6FD1531F2A: message-id=<20070114180006.BBFB431F2A@dryad.cs.utsa.edu>
Jan 14 12:00:08 dryad postfix/smtpd[24437]: disconnect from mail0.cs.utsa.edu[129.115.29.4]
Jan 14 12:00:08 dryad postfix/qmgr[179]: 6FD1531F2A: from=<root@cs.utsa.edu>, size=2991, nrcpt=1 (queue active)
Jan 14 12:00:09 dryad postfix/pipe[24438]: 6FD1531F2A: to=<maynard@dryad.cs.utsa.edu>, relay=filter, delay=1, status=sent (dryad.cs.utsa.edu)
Jan 14 12:00:09 dryad postfix/pickup[24336]: D244031F2D: uid=12455 from=<root@cs.utsa.edu>
Jan 14 12:00:09 dryad postfix/cleanup[24434]: D244031F2D: message-id=<20070114180006.BBFB431F2A@dryad.cs.utsa.edu>
Jan 14 12:00:10 dryad postfix/qmgr[179]: D244031F2D: from=<root@cs.utsa.edu>, size=3177, nrcpt=1 (queue active)
Jan 14 12:00:10 dryad postfix/local[24444]: D244031F2D: to=<maynard@localhost.cs.utsa.edu>, relay=local, delay=1, status=sent ("|/usr/local/bin/maildrop -d "$USER" -f "$SENDER" "$EXTENSION"")
Jan 14 12:13:21 dryad postfix/pickup[24336]: CCC3D31F2A: uid=0 from=<root>
Jan 14 12:13:22 dryad postfix/cleanup[24475]: CCC3D31F2A: message-id=<20070114181321.CCC3D31F2A@dryad.cs.utsa.edu>
Jan 14 12:13:22 dryad postfix/qmgr[179]: CCC3D31F2A: from=<root@cs.utsa.edu>, size=461, nrcpt=1 (queue active)
Jan 14 12:13:22 dryad postfix/smtp[24477]: CCC3D31F2A: to=<root@cs.utsa.edu>, relay=mail0.cs.utsa.edu[129.115.29.4], delay=1, status=sent (250 Ok: queued as 6066D2AA1)
Jan 14 12:19:10 dryad postfix/smtpd[24485]: connect from unknown[217.113.129.203]
Jan 14 12:19:11 dryad postfix/smtpd[24485]: 21D8531F2A: client=unknown[217.113.129.203]
Jan 14 12:19:11 dryad postfix/smtpd[24485]: reject: RCPT from unknown[217.113.129.203]: 550 <ssmith@dryad.cs.utsa.edu>: User unknown; from=<duhdtvisionssol@dtvisions.com> to=<ssmith@dryad.cs.utsa.edu>
Jan 14 12:19:21 dryad postfix/smtpd[24485]: disconnect from unknown[217.113.129.203]
Jan 14 12:48:49 dryad postfix/smtpd[24525]: connect from mail0.cs.utsa.edu[129.115.29.4]
Jan 14 12:48:49 dryad postfix/smtpd[24525]: DB6BA31F2A: client=mail0.cs.utsa.edu[129.115.29.4]
Jan 14 12:48:50 dryad postfix/cleanup[24526]: DB6BA31F2A: message-id=<01c7380d$76bbadd0$6c822ecf@smirchuteri>
Jan 14 12:48:50 dryad postfix/qmgr[179]: DB6BA31F2A: from=<smirchuteri@abnaki.easn.sun.com>, size=1844, nrcpt=1 (queue active)
Jan 14 12:48:50 dryad postfix/smtpd[24525]: disconnect from mail0.cs.utsa.edu[129.115.29.4]
Jan 14 12:48:51 dryad postfix/pipe[24528]: DB6BA31F2A: to=<maynard@dryad.cs.utsa.edu>, relay=filter, delay=2, status=sent (dryad.cs.utsa.edu)
Jan 14 12:48:51 dryad postfix/pickup[24336]: 8D3ED31F2D: uid=12455 from=<smirchuteri@abnaki.easn.sun.com>
Jan 14 12:48:51 dryad postfix/cleanup[24526]: 8D3ED31F2D: message-id=<01c7380d$76bbadd0$6c822ecf@smirchuteri>
Jan 14 12:48:51 dryad postfix/qmgr[179]: 8D3ED31F2D: from=<smirchuteri@abnaki.easn.sun.com>, size=2031, nrcpt=1 (queue active)
Jan 14 12:48:52 dryad postfix/local[24534]: 8D3ED31F2D: to=<maynard@localhost.cs.utsa.edu>, relay=local, delay=1, status=sent ("|/usr/local/bin/maildrop -d "$USER" -f "$SENDER" "$EXTENSION"")
Jan 14 13:00:06 dryad postfix/pickup[24336]: BC9F631F2A: uid=0 from=<root>
Jan 14 13:00:07 dryad postfix/cleanup[24569]: BC9F631F2A: message-id=<20070114190006.BC9F631F2A@dryad.cs.utsa.edu>
Jan 14 13:00:07 dryad postfix/qmgr[179]: BC9F631F2A: from=<root@cs.utsa.edu>, size=1646, nrcpt=1 (queue active)
Jan 14 13:00:07 dryad postfix/smtp[24571]: BC9F631F2A: to=<maynard@cs.utsa.edu>, relay=mail0.cs.utsa.edu[129.115.29.4], delay=1, status=sent (250 Ok: queued as 06A122AA1)
Jan 14 13:00:07 dryad postfix/smtpd[24572]: connect from mail0.cs.utsa.edu[129.115.29.4]
Jan 14 13:00:07 dryad postfix/smtpd[24572]: CA36431F2A: client=mail0.cs.utsa.edu[129.115.29.4]
Jan 14 13:00:07 dryad postfix/cleanup[24569]: CA36431F2A: message-id=<20070114190006.BC9F631F2A@dryad.cs.utsa.edu>
Jan 14 13:00:07 dryad postfix/smtpd[24572]: disconnect from mail0.cs.utsa.edu[129.115.29.4]
Jan 14 13:00:07 dryad postfix/qmgr[179]: CA36431F2A: from=<root@cs.utsa.edu>, size=2171, nrcpt=1 (queue active)
Jan 14 13:00:09 dryad postfix/pipe[24573]: CA36431F2A: to=<maynard@dryad.cs.utsa.edu>, relay=filter, delay=2, status=sent (dryad.cs.utsa.edu)
Jan 14 13:00:09 dryad postfix/pickup[24336]: 392E431F2D: uid=12455 from=<root@cs.utsa.edu>
Jan 14 13:00:09 dryad postfix/cleanup[24569]: 392E431F2D: message-id=<20070114190006.BC9F631F2A@dryad.cs.utsa.edu>
Jan 14 13:00:09 dryad postfix/qmgr[179]: 392E431F2D: from=<root@cs.utsa.edu>, size=2357, nrcpt=1 (queue active)
Jan 14 13:00:09 dryad postfix/local[24579]: 392E431F2D: to=<maynard@localhost.cs.utsa.edu>, relay=local, delay=0, status=sent ("|/usr/local/bin/maildrop -d "$USER" -f "$SENDER" "$EXTENSION"")
Jan 14 13:13:21 dryad postfix/pickup[24336]: D699031F2A: uid=0 from=<root>
Jan 14 13:13:22 dryad postfix/cleanup[24611]: D699031F2A: message-id=<20070114191321.D699031F2A@dryad.cs.utsa.edu>
Jan 14 13:13:22 dryad postfix/qmgr[179]: D699031F2A: from=<root@cs.utsa.edu>, size=461, nrcpt=1 (queue active)
Jan 14 13:13:22 dryad postfix/smtp[24613]: D699031F2A: to=<root@cs.utsa.edu>, relay=mail0.cs.utsa.edu[129.115.29.4], delay=1, status=sent (250 Ok: queued as 483932AA1)
Jan 14 13:21:51 dryad postfix/smtpd[24625]: warning: 125.22.67.190: hostname BTNL-TN-DSL-dynamic-190.67.22.125.airtelbroadband.in verification failed: Host not found
Jan 14 13:21:51 dryad postfix/smtpd[24625]: connect from unknown[125.22.67.190]
Jan 14 13:21:52 dryad postfix/smtpd[24625]: 7084F31F2A: client=unknown[125.22.67.190]
Jan 14 13:21:53 dryad postfix/smtpd[24625]: reject: RCPT from unknown[125.22.67.190]: 550 <skalkarn@dryad.cs.utsa.edu>: User unknown; from=<ywxeivxoyl@sun.com> to=<skalkarn@dryad.cs.utsa.edu>
Jan 14 13:21:58 dryad postfix/smtpd[24625]: lost connection after RCPT from unknown[125.22.67.190]
Jan 14 13:21:58 dryad postfix/smtpd[24625]: disconnect from unknown[125.22.67.190]
Jan 14 13:30:24 dryad postfix/smtpd[24639]: connect from mail0.cs.utsa.edu[129.115.29.4]
Jan 14 13:30:24 dryad postfix/smtpd[24639]: B55C531F2A: client=mail0.cs.utsa.edu[129.115.29.4]
Jan 14 13:30:25 dryad postfix/cleanup[24640]: B55C531F2A: message-id=<20070114192935.52B852AA1@mail0.cs.utsa.edu>
Jan 14 13:30:25 dryad postfix/smtpd[24639]: disconnect from mail0.cs.utsa.edu[129.115.29.4]
Jan 14 13:30:25 dryad postfix/qmgr[179]: B55C531F2A: from=<stocknews@towrylaw.com>, size=3582, nrcpt=1 (queue active)
Jan 14 13:30:26 dryad postfix/pickup[24632]: 77BA431F2D: uid=12455 from=<stocknews@towrylaw.com>
Jan 14 13:30:26 dryad postfix/cleanup[24640]: 77BA431F2D: message-id=<20070114192935.52B852AA1@mail0.cs.utsa.edu>
Jan 14 13:30:26 dryad postfix/qmgr[179]: 77BA431F2D: from=<stocknews@towrylaw.com>, size=3769, nrcpt=1 (queue active)
Jan 14 13:30:27 dryad postfix/pipe[24642]: B55C531F2A: to=<maynard@dryad.cs.utsa.edu>, relay=filter, delay=3, status=sent (dryad.cs.utsa.edu)
Jan 14 13:30:27 dryad postfix/local[24648]: 77BA431F2D: to=<maynard@localhost.cs.utsa.edu>, relay=local, delay=1, status=sent ("|/usr/local/bin/maildrop -d "$USER" -f "$SENDER" "$EXTENSION"")
Jan 14 14:00:08 dryad postfix/pickup[24632]: 3D39E31F2A: uid=0 from=<root>
Jan 14 14:00:08 dryad postfix/cleanup[24708]: 3D39E31F2A: message-id=<20070114200008.3D39E31F2A@dryad.cs.utsa.edu>
Jan 14 14:00:08 dryad postfix/qmgr[179]: 3D39E31F2A: from=<root@cs.utsa.edu>, size=2117, nrcpt=1 (queue active)
Jan 14 14:00:08 dryad postfix/smtp[24710]: 3D39E31F2A: to=<maynard@cs.utsa.edu>, relay=mail0.cs.utsa.edu[129.115.29.4], delay=0, status=sent (250 Ok: queued as 708AF2AA1)
Jan 14 14:00:09 dryad postfix/smtpd[24711]: connect from mail0.cs.utsa.edu[129.115.29.4]
Jan 14 14:00:09 dryad postfix/smtpd[24711]: ADF2431F2A: client=mail0.cs.utsa.edu[129.115.29.4]
Jan 14 14:00:09 dryad postfix/cleanup[24708]: ADF2431F2A: message-id=<20070114200008.3D39E31F2A@dryad.cs.utsa.edu>
Jan 14 14:00:09 dryad postfix/smtpd[24711]: disconnect from mail0.cs.utsa.edu[129.115.29.4]
Jan 14 14:00:09 dryad postfix/qmgr[179]: ADF2431F2A: from=<root@cs.utsa.edu>, size=2642, nrcpt=1 (queue active)
Jan 14 14:00:11 dryad postfix/pickup[24632]: 2AE6C31F2D: uid=12455 from=<root@cs.utsa.edu>
Jan 14 14:00:11 dryad postfix/cleanup[24708]: 2AE6C31F2D: message-id=<20070114200008.3D39E31F2A@dryad.cs.utsa.edu>
Jan 14 14:00:11 dryad postfix/pipe[24712]: ADF2431F2A: to=<maynard@dryad.cs.utsa.edu>, relay=filter, delay=2, status=sent (dryad.cs.utsa.edu)
Jan 14 14:00:11 dryad postfix/qmgr[179]: 2AE6C31F2D: from=<root@cs.utsa.edu>, size=2828, nrcpt=1 (queue active)
Jan 14 14:00:11 dryad postfix/local[24718]: 2AE6C31F2D: to=<maynard@localhost.cs.utsa.edu>, relay=local, delay=0, status=sent ("|/usr/local/bin/maildrop -d "$USER" -f "$SENDER" "$EXTENSION"")
Jan 14 14:13:21 dryad postfix/pickup[24632]: 539BC31F2A: uid=0 from=<root>
Jan 14 14:13:21 dryad postfix/cleanup[24749]: 539BC31F2A: message-id=<20070114201321.539BC31F2A@dryad.cs.utsa.edu>
Jan 14 14:13:21 dryad postfix/qmgr[179]: 539BC31F2A: from=<root@cs.utsa.edu>, size=461, nrcpt=1 (queue active)
Jan 14 14:13:22 dryad postfix/smtp[24751]: 539BC31F2A: to=<root@cs.utsa.edu>, relay=mail0.cs.utsa.edu[129.115.29.4], delay=1, status=sent (250 Ok: queued as AC73F2AA1)
Jan 14 14:22:29 dryad postfix/smtpd[24763]: connect from mail0.cs.utsa.edu[129.115.29.4]
Jan 14 14:22:29 dryad postfix/smtpd[24763]: 5177131F2A: client=mail0.cs.utsa.edu[129.115.29.4]
Jan 14 14:22:29 dryad postfix/cleanup[24764]: 5177131F2A: message-id=<282988766.1168806096234.JavaMail.SYSTEM@sr-v3bescach010>
Jan 14 14:22:29 dryad postfix/smtpd[24763]: disconnect from mail0.cs.utsa.edu[129.115.29.4]
Jan 14 14:22:29 dryad postfix/qmgr[179]: 5177131F2A: from=<bidconfirm@ebay.com>, size=5196, nrcpt=1 (queue active)
Jan 14 14:22:32 dryad postfix/pickup[24632]: E781831F2D: uid=12455 from=<bidconfirm@ebay.com>
Jan 14 14:22:32 dryad postfix/pipe[24766]: 5177131F2A: to=<maynard@dryad.cs.utsa.edu>, relay=filter, delay=3, status=sent (dryad.cs.utsa.edu)
Jan 14 14:22:32 dryad postfix/cleanup[24764]: E781831F2D: message-id=<282988766.1168806096234.JavaMail.SYSTEM@sr-v3bescach010>
Jan 14 14:22:32 dryad postfix/qmgr[179]: E781831F2D: from=<bidconfirm@ebay.com>, size=5315, nrcpt=1 (queue active)
Jan 14 14:22:32 dryad postfix/local[24772]: E781831F2D: to=<maynard@localhost.cs.utsa.edu>, relay=local, delay=1, status=sent ("|/usr/local/bin/maildrop -d "$USER" -f "$SENDER" "$EXTENSION"")
Jan 14 14:43:36 dryad postfix/smtpd[24802]: connect from mail0.cs.utsa.edu[129.115.29.4]
Jan 14 14:43:37 dryad postfix/smtpd[24802]: 271B831F2A: client=mail0.cs.utsa.edu[129.115.29.4]
Jan 14 14:43:37 dryad postfix/cleanup[24803]: 271B831F2A: message-id=<20070114204247.491982AA1@mail0.cs.utsa.edu>
Jan 14 14:43:37 dryad postfix/smtpd[24802]: disconnect from mail0.cs.utsa.edu[129.115.29.4]
Jan 14 14:43:37 dryad postfix/qmgr[179]: 271B831F2A: from=<83stocknews@toplistcity.com>, size=3785, nrcpt=1 (queue active)
Jan 14 14:43:38 dryad postfix/pickup[24632]: BFD1C31F2D: uid=12455 from=<83stocknews@toplistcity.com>
Jan 14 14:43:38 dryad postfix/cleanup[24803]: BFD1C31F2D: message-id=<20070114204247.491982AA1@mail0.cs.utsa.edu>
Jan 14 14:43:38 dryad postfix/qmgr[179]: BFD1C31F2D: from=<83stocknews@toplistcity.com>, size=3972, nrcpt=1 (queue active)
Jan 14 14:43:39 dryad postfix/pipe[24805]: 271B831F2A: to=<maynard@dryad.cs.utsa.edu>, relay=filter, delay=2, status=sent (dryad.cs.utsa.edu)
Jan 14 14:43:39 dryad postfix/local[24811]: BFD1C31F2D: to=<maynard@localhost.cs.utsa.edu>, relay=local, delay=1, status=sent ("|/usr/local/bin/maildrop -d "$USER" -f "$SENDER" "$EXTENSION"")
Jan 14 15:00:06 dryad postfix/pickup[24833]: AE12A31F2A: uid=0 from=<root>
Jan 14 15:00:06 dryad postfix/cleanup[24854]: AE12A31F2A: message-id=<20070114210006.AE12A31F2A@dryad.cs.utsa.edu>
Jan 14 15:00:07 dryad postfix/qmgr[179]: AE12A31F2A: from=<root@cs.utsa.edu>, size=1587, nrcpt=1 (queue active)
Jan 14 15:00:07 dryad postfix/smtp[24856]: AE12A31F2A: to=<maynard@cs.utsa.edu>, relay=mail0.cs.utsa.edu[129.115.29.4], delay=1, status=sent (250 Ok: queued as AB0BD2AA1)
Jan 14 15:00:08 dryad postfix/smtpd[24857]: connect from mail0.cs.utsa.edu[129.115.29.4]
Jan 14 15:00:08 dryad postfix/smtpd[24857]: 3B53731F2A: client=mail0.cs.utsa.edu[129.115.29.4]
Jan 14 15:00:08 dryad postfix/cleanup[24854]: 3B53731F2A: message-id=<20070114210006.AE12A31F2A@dryad.cs.utsa.edu>
Jan 14 15:00:08 dryad postfix/smtpd[24857]: disconnect from mail0.cs.utsa.edu[129.115.29.4]
Jan 14 15:00:08 dryad postfix/qmgr[179]: 3B53731F2A: from=<root@cs.utsa.edu>, size=2112, nrcpt=1 (queue active)
Jan 14 15:00:09 dryad postfix/pipe[24858]: 3B53731F2A: to=<maynard@dryad.cs.utsa.edu>, relay=filter, delay=1, status=sent (dryad.cs.utsa.edu)
Jan 14 15:00:09 dryad postfix/pickup[24833]: 8732231F2D: uid=12455 from=<root@cs.utsa.edu>
Jan 14 15:00:09 dryad postfix/cleanup[24854]: 8732231F2D: message-id=<20070114210006.AE12A31F2A@dryad.cs.utsa.edu>
Jan 14 15:00:09 dryad postfix/qmgr[179]: 8732231F2D: from=<root@cs.utsa.edu>, size=2298, nrcpt=1 (queue active)
Jan 14 15:00:10 dryad postfix/local[24864]: 8732231F2D: to=<maynard@localhost.cs.utsa.edu>, relay=local, delay=1, status=sent ("|/usr/local/bin/maildrop -d "$USER" -f "$SENDER" "$EXTENSION"")
Jan 14 15:13:21 dryad postfix/pickup[24833]: BAF0631F2A: uid=0 from=<root>
Jan 14 15:13:22 dryad postfix/cleanup[24894]: BAF0631F2A: message-id=<20070114211321.BAF0631F2A@dryad.cs.utsa.edu>
Jan 14 15:13:22 dryad postfix/qmgr[179]: BAF0631F2A: from=<root@cs.utsa.edu>, size=461, nrcpt=1 (queue active)
Jan 14 15:13:22 dryad postfix/smtp[24896]: BAF0631F2A: to=<root@cs.utsa.edu>, relay=mail0.cs.utsa.edu[129.115.29.4], delay=1, status=sent (250 Ok: queued as D144F275E)
Jan 14 15:28:18 dryad postfix/smtpd[24916]: connect from unknown[84.36.25.2]
Jan 14 15:28:23 dryad postfix/smtpd[24916]: C204731F2A: client=unknown[84.36.25.2]
Jan 14 15:28:26 dryad postfix/smtpd[24916]: reject: RCPT from unknown[84.36.25.2]: 550 <skalkarn@dryad.cs.utsa.edu>: User unknown; from=<ccrcz@lhp12a2.net> to=<skalkarn@dryad.cs.utsa.edu>
Jan 14 15:28:34 dryad postfix/smtpd[24916]: disconnect from unknown[84.36.25.2]
Jan 14 15:55:16 dryad postfix/smtpd[24953]: connect from mail0.cs.utsa.edu[129.115.29.4]
Jan 14 15:55:16 dryad postfix/smtpd[24953]: DE66331F2A: client=mail0.cs.utsa.edu[129.115.29.4]
Jan 14 15:55:17 dryad postfix/cleanup[24954]: DE66331F2A: message-id=<39c901c73826$0b0359d1$75c16450@a80-100-193-117.adsl.xs4all.nl>
Jan 14 15:55:17 dryad postfix/smtpd[24953]: disconnect from mail0.cs.utsa.edu[129.115.29.4]
Jan 14 15:55:17 dryad postfix/qmgr[179]: DE66331F2A: from=<Lindsey@littlelights.com>, size=2250, nrcpt=1 (queue active)
Jan 14 15:55:18 dryad postfix/pickup[24833]: DBCE131F2D: uid=12455 from=<Lindsey@littlelights.com>
Jan 14 15:55:18 dryad postfix/cleanup[24954]: DBCE131F2D: message-id=<39c901c73826$0b0359d1$75c16450@a80-100-193-117.adsl.xs4all.nl>
Jan 14 15:55:19 dryad postfix/qmgr[179]: DBCE131F2D: from=<Lindsey@littlelights.com>, size=2437, nrcpt=1 (queue active)
Jan 14 15:55:19 dryad postfix/pipe[24956]: DE66331F2A: to=<maynard@dryad.cs.utsa.edu>, relay=filter, delay=3, status=sent (dryad.cs.utsa.edu)
Jan 14 15:55:19 dryad postfix/local[24962]: DBCE131F2D: to=<maynard@localhost.cs.utsa.edu>, relay=local, delay=1, status=sent ("|/usr/local/bin/maildrop -d "$USER" -f "$SENDER" "$EXTENSION"")
Jan 14 16:00:06 dryad postfix/pickup[24833]: 9AF5D31F2A: uid=0 from=<root>
Jan 14 16:00:06 dryad postfix/cleanup[24989]: 9AF5D31F2A: message-id=<20070114220006.9AF5D31F2A@dryad.cs.utsa.edu>
Jan 14 16:00:06 dryad postfix/qmgr[179]: 9AF5D31F2A: from=<root@cs.utsa.edu>, size=1633, nrcpt=1 (queue active)
Jan 14 16:00:07 dryad postfix/smtp[24991]: 9AF5D31F2A: to=<maynard@cs.utsa.edu>, relay=mail0.cs.utsa.edu[129.115.29.4], delay=1, status=sent (250 Ok: queued as 605FD296D)
Jan 14 16:00:07 dryad postfix/smtpd[24992]: connect from mail0.cs.utsa.edu[129.115.29.4]
Jan 14 16:00:07 dryad postfix/smtpd[24992]: 9D6A531F2A: client=mail0.cs.utsa.edu[129.115.29.4]
Jan 14 16:00:07 dryad postfix/cleanup[24989]: 9D6A531F2A: message-id=<20070114220006.9AF5D31F2A@dryad.cs.utsa.edu>
Jan 14 16:00:07 dryad postfix/smtpd[24992]: disconnect from mail0.cs.utsa.edu[129.115.29.4]
Jan 14 16:00:07 dryad postfix/qmgr[179]: 9D6A531F2A: from=<root@cs.utsa.edu>, size=2158, nrcpt=1 (queue active)
Jan 14 16:00:09 dryad postfix/pipe[24993]: 9D6A531F2A: to=<maynard@dryad.cs.utsa.edu>, relay=filter, delay=2, status=sent (dryad.cs.utsa.edu)
Jan 14 16:00:09 dryad postfix/pickup[24833]: 0D95831F2D: uid=12455 from=<root@cs.utsa.edu>
Jan 14 16:00:09 dryad postfix/cleanup[24989]: 0D95831F2D: message-id=<20070114220006.9AF5D31F2A@dryad.cs.utsa.edu>
Jan 14 16:00:09 dryad postfix/qmgr[179]: 0D95831F2D: from=<root@cs.utsa.edu>, size=2344, nrcpt=1 (queue active)
Jan 14 16:00:09 dryad postfix/local[24999]: 0D95831F2D: to=<maynard@localhost.cs.utsa.edu>, relay=local, delay=0, status=sent ("|/usr/local/bin/maildrop -d "$USER" -f "$SENDER" "$EXTENSION"")
Jan 14 16:13:21 dryad postfix/pickup[24833]: B71EB31F2A: uid=0 from=<root>
Jan 14 16:13:21 dryad postfix/cleanup[25031]: B71EB31F2A: message-id=<20070114221321.B71EB31F2A@dryad.cs.utsa.edu>
Jan 14 16:13:22 dryad postfix/qmgr[179]: B71EB31F2A: from=<root@cs.utsa.edu>, size=461, nrcpt=1 (queue active)
Jan 14 16:13:22 dryad postfix/smtp[25033]: B71EB31F2A: to=<root@cs.utsa.edu>, relay=mail0.cs.utsa.edu[129.115.29.4], delay=1, status=sent (250 Ok: queued as A139A296D)
Jan 14 17:00:06 dryad postfix/pickup[25058]: 7ABD531F2A: uid=0 from=<root>
Jan 14 17:00:06 dryad postfix/cleanup[25317]: 7ABD531F2A: message-id=<20070114230006.7ABD531F2A@dryad.cs.utsa.edu>
Jan 14 17:00:06 dryad postfix/qmgr[179]: 7ABD531F2A: from=<root@cs.utsa.edu>, size=1298, nrcpt=1 (queue active)
Jan 14 17:00:07 dryad postfix/smtp[25319]: 7ABD531F2A: to=<maynard@cs.utsa.edu>, relay=mail0.cs.utsa.edu[129.115.29.4], delay=1, status=sent (250 Ok: queued as 1F915275E)
Jan 14 17:00:07 dryad postfix/smtpd[25320]: connect from mail0.cs.utsa.edu[129.115.29.4]
Jan 14 17:00:07 dryad postfix/smtpd[25320]: 9CA0531F2A: client=mail0.cs.utsa.edu[129.115.29.4]
Jan 14 17:00:07 dryad postfix/cleanup[25317]: 9CA0531F2A: message-id=<20070114230006.7ABD531F2A@dryad.cs.utsa.edu>
